Archive member included to satisfy reference by file (symbol)

/home/roman/RIOT/experiments/listener/bin/unwd-range-l1-r3/core.a(sched.o)
                              /home/roman/RIOT/experiments/listener/bin/unwd-range-l1-r3/newlib_syscalls_default/syscalls.o (sched_active_pid)
/home/roman/RIOT/experiments/listener/bin/unwd-range-l1-r3/cortexm_common.a(thread_arch.o)
                              /home/roman/RIOT/experiments/listener/bin/unwd-range-l1-r3/core.a(sched.o) (cpu_switch_context_exit)
/home/roman/RIOT/experiments/listener/bin/unwd-range-l1-r3/cortexm_common.a(vectors_cortexm.o)
                              /home/roman/RIOT/experiments/listener/bin/unwd-range-l1-r3/cpu/vectors.o (dummy_handler_default)
/home/roman/RIOT/experiments/listener/bin/unwd-range-l1-r3/cortexm_common.a(irq_arch.o)
                              /home/roman/RIOT/experiments/listener/bin/unwd-range-l1-r3/newlib_syscalls_default/syscalls.o (irq_disable)
/home/roman/RIOT/experiments/listener/bin/unwd-range-l1-r3/div.a(div.o)
                              /home/roman/RIOT/experiments/listener/bin/unwd-range-l1-r3/newlib_syscalls_default/syscalls.o (_div_mulhi64)
/home/roman/RIOT/experiments/listener/bin/unwd-range-l1-r3/stdio_uart.a(stdio_uart.o)
                              /home/roman/RIOT/experiments/listener/bin/unwd-range-l1-r3/newlib_syscalls_default/syscalls.o (stdio_init)
/home/roman/RIOT/experiments/listener/bin/unwd-range-l1-r3/stm32_common_periph.a(uart.o)
                              /home/roman/RIOT/experiments/listener/bin/unwd-range-l1-r3/stdio_uart.a(stdio_uart.o) (uart_write)
/home/roman/RIOT/experiments/listener/bin/unwd-range-l1-r3/stm32_common_periph.a(pm.o)
                              /home/roman/RIOT/experiments/listener/bin/unwd-range-l1-r3/newlib_syscalls_default/syscalls.o (pm_off)
/home/roman/RIOT/experiments/listener/bin/unwd-range-l1-r3/stm32_common_periph.a(gpio.o)
                              /home/roman/RIOT/experiments/listener/bin/unwd-range-l1-r3/stm32_common_periph.a(uart.o) (gpio_init)
/home/roman/RIOT/experiments/listener/bin/unwd-range-l1-r3/xtimer.a(xtimer_core.o)
                              /home/roman/RIOT/experiments/listener/bin/unwd-range-l1-r3/newlib_syscalls_default/syscalls.o (_xtimer_now64)
/home/roman/RIOT/experiments/listener/bin/unwd-range-l1-r3/boards_common_unwd.a(board.o)
                              /home/roman/RIOT/experiments/listener/bin/unwd-range-l1-r3/cortexm_common.a(vectors_cortexm.o) (board_init)
/home/roman/RIOT/experiments/listener/bin/unwd-range-l1-r3/core.a(panic.o)
                              /home/roman/RIOT/experiments/listener/bin/unwd-range-l1-r3/cortexm_common.a(vectors_cortexm.o) (core_panic)
/home/roman/RIOT/experiments/listener/bin/unwd-range-l1-r3/core.a(kernel_init.o)
                              /home/roman/RIOT/experiments/listener/bin/unwd-range-l1-r3/cortexm_common.a(vectors_cortexm.o) (kernel_init)
/home/roman/RIOT/experiments/listener/bin/unwd-range-l1-r3/core.a(thread.o)
                              /home/roman/RIOT/experiments/listener/bin/unwd-range-l1-r3/core.a(kernel_init.o) (thread_create)
/home/roman/RIOT/experiments/listener/bin/unwd-range-l1-r3/cortexm_common.a(cortexm_init.o)
                              /home/roman/RIOT/experiments/listener/bin/unwd-range-l1-r3/stm32_common_periph.a(pm.o) (cpu_check_address)
/home/roman/RIOT/experiments/listener/bin/unwd-range-l1-r3/isrpipe.a(isrpipe.o)
                              /home/roman/RIOT/experiments/listener/bin/unwd-range-l1-r3/stdio_uart.a(stdio_uart.o) (isrpipe_write_one)
/home/roman/RIOT/experiments/listener/bin/unwd-range-l1-r3/pm_layered.a(pm.o)
                              /home/roman/RIOT/experiments/listener/bin/unwd-range-l1-r3/core.a(kernel_init.o) (pm_set_lowest)
/home/roman/RIOT/experiments/listener/bin/unwd-range-l1-r3/stm32_common.a(cpu_init.o)
                              /home/roman/RIOT/experiments/listener/bin/unwd-range-l1-r3/boards_common_unwd.a(board.o) (cpu_init)
/home/roman/RIOT/experiments/listener/bin/unwd-range-l1-r3/stm32_common.a(stmclk_l0l1.o)
                              /home/roman/RIOT/experiments/listener/bin/unwd-range-l1-r3/stm32_common_periph.a(pm.o) (stmclk_init_sysclk)
/home/roman/RIOT/experiments/listener/bin/unwd-range-l1-r3/stm32_common.a(cpu_common.o)
                              /home/roman/RIOT/experiments/listener/bin/unwd-range-l1-r3/stm32_common_periph.a(uart.o) (periph_apb_clk)
/home/roman/RIOT/experiments/listener/bin/unwd-range-l1-r3/stm32_common.a(stm_status.o)
                              /home/roman/RIOT/experiments/listener/bin/unwd-range-l1-r3/stm32_common.a(cpu_init.o) (cpu_init_status)
/home/roman/RIOT/experiments/listener/bin/unwd-range-l1-r3/stm32_common_periph.a(timer.o)
                              /home/roman/RIOT/experiments/listener/bin/unwd-range-l1-r3/xtimer.a(xtimer_core.o) (timer_set_absolute)
/home/roman/RIOT/experiments/listener/bin/unwd-range-l1-r3/tsrb.a(tsrb.o)
[...]
Memory Configuration

Name             Origin             Length             Attributes
ccmram           0x0000000010000000 0x0000000000000000
rom              0x0000000008000000 0x0000000000080000 xr
ram              0x0000000020000000 0x0000000000014000 w !xr
*default*        0x0000000000000000 0xffffffffffffffff

Linker script and memory map

LOAD /home/roman/RIOT/experiments/listener/bin/unwd-range-l1-r3/cpu/vectors.o
LOAD /home/roman/RIOT/experiments/listener/bin/unwd-range-l1-r3/newlib_syscalls_default/syscalls.o
START GROUP
LOAD /home/roman/RIOT/experiments/listener/bin/unwd-range-l1-r3/application_vemac-listener.a
LOAD /home/roman/RIOT/experiments/listener/bin/unwd-range-l1-r3/auto_init.a
LOAD /home/roman/RIOT/experiments/listener/bin/unwd-range-l1-r3/board.a
LOAD /home/roman/RIOT/experiments/listener/bin/unwd-range-l1-r3/boards_common_unwd.a
LOAD /home/roman/RIOT/experiments/listener/bin/unwd-range-l1-r3/core.a
LOAD /home/roman/RIOT/experiments/listener/bin/unwd-range-l1-r3/cortexm_common.a
LOAD /home/roman/RIOT/experiments/listener/bin/unwd-range-l1-r3/cortexm_common_periph.a
LOAD /home/roman/RIOT/experiments/listener/bin/unwd-range-l1-r3/cpu.a
LOAD /home/roman/RIOT/experiments/listener/bin/unwd-range-l1-r3/crypto.a
LOAD /home/roman/RIOT/experiments/listener/bin/unwd-range-l1-r3/div.a
LOAD /home/roman/RIOT/experiments/listener/bin/unwd-range-l1-r3/iolist.a
LOAD /home/roman/RIOT/experiments/listener/bin/unwd-range-l1-r3/isrpipe.a
LOAD /home/roman/RIOT/experiments/listener/bin/unwd-range-l1-r3/lptimer.a
LOAD /home/roman/RIOT/experiments/listener/bin/unwd-range-l1-r3/newlib_syscalls_default.a
LOAD /home/roman/RIOT/experiments/listener/bin/unwd-range-l1-r3/periph.a
LOAD /home/roman/RIOT/experiments/listener/bin/unwd-range-l1-r3/pm_layered.a
LOAD /home/roman/RIOT/experiments/listener/bin/unwd-range-l1-r3/stdio_uart.a
LOAD /home/roman/RIOT/experiments/listener/bin/unwd-range-l1-r3/stm32_common.a
LOAD /home/roman/RIOT/experiments/listener/bin/unwd-range-l1-r3/stm32_common_periph.a
LOAD /home/roman/RIOT/experiments/listener/bin/unwd-range-l1-r3/sx127x.a
LOAD /home/roman/RIOT/experiments/listener/bin/unwd-range-l1-r3/sys.a
LOAD /home/roman/RIOT/experiments/listener/bin/unwd-range-l1-r3/tsrb.a
LOAD /home/roman/RIOT/experiments/listener/bin/unwd-range-l1-r3/xtimer.a
LOAD /home/roman/RIOT/experiments/listener/bin/unwd-range-l1-r3/periph_common.a
LOAD /opt/gcc-arm-none-eabi-9-2020-q2-update/bin/../lib/gcc/arm-none-eabi/9.3.1/../../../../arm-none-eabi/lib/thumb/v7-m/nofp/libm.a
END GROUP
LOAD /opt/gcc-arm-none-eabi-9-2020-q2-update/bin/../lib/gcc/arm-none-eabi/9.3.1/thumb/v7-m/nofp/libgcc.a
                0x0000000008000000                _rom_start_addr = 0x8000000
                0x0000000020000000                _ram_start_addr = 0x20000000
                0x0000000000080000                _rom_length = 0x80000
                0x0000000000014000                _ram_length = 0x14000
LOAD /opt/gcc-arm-none-eabi-9-2020-q2-update/bin/../lib/gcc/arm-none-eabi/9.3.1/../../../../arm-none-eabi/lib/thumb/v7-m/nofp/libc_nano.a
START GROUP
LOAD /opt/gcc-arm-none-eabi-9-2020-q2-update/bin/../lib/gcc/arm-none-eabi/9.3.1/thumb/v7-m/nofp/libgcc.a
LOAD /opt/gcc-arm-none-eabi-9-2020-q2-update/bin/../lib/gcc/arm-none-eabi/9.3.1/../../../../arm-none-eabi/lib/thumb/v7-m/nofp/libg_nano.a
LOAD /opt/gcc-arm-none-eabi-9-2020-q2-update/bin/../lib/gcc/arm-none-eabi/9.3.1/../../../../arm-none-eabi/lib/thumb/v7-m/nofp/libc_nano.a
END GROUP
START GROUP
LOAD /opt/gcc-arm-none-eabi-9-2020-q2-update/bin/../lib/gcc/arm-none-eabi/9.3.1/thumb/v7-m/nofp/libgcc.a
LOAD /opt/gcc-arm-none-eabi-9-2020-q2-update/bin/../lib/gcc/arm-none-eabi/9.3.1/../../../../arm-none-eabi/lib/thumb/v7-m/nofp/libc_nano.a
END GROUP
                0x0000000000000000                ccmram_length = DEFINED (ccmram_len)?ccmram_len:0x0
                0x0000000000000000                _rom_offset = DEFINED (_rom_offset)?_rom_offset:0x0
                0x0000000000080000                _fw_rom_length = DEFINED (_fw_rom_length)?_fw_rom_length:(_rom_length - _rom_offset)
                0x0000000000000001                ASSERT ((_fw_rom_length <= (_rom_length - _rom_offset)), Specified firmware size does not fit in ROM)

.text           0x0000000008000000     0x6600
                0x0000000008000000                . = ALIGN (0x4)
                0x0000000008000000                _sfixed = .
                0x0000000008000000                _isr_vectors = DEFINED (_isr_vectors)?_isr_vectors:.
 *(SORT_BY_NAME(.vectors*))
 .vectors.0     0x0000000008000000       0x40 /home/roman/RIOT/experiments/listener/bin/unwd-range-l1-r3/cortexm_common.a(vectors_cortexm.o)
                0x0000000008000000                cortex_vector_base
 .vectors.1     0x0000000008000040       0xe4 /home/roman/RIOT/experiments/listener/bin/unwd-range-l1-r3/cpu/vectors.o
                0x0000000008000040                vector_cpu
 *(.text .text.* .gnu.linkonce.t.*)
 .text.dummy_handler
                0x0000000008000124        0x4 /home/roman/RIOT/experiments/listener/bin/unwd-range-l1-r3/cpu/vectors.o
                0x0000000008000124                isr_pvd
                0x0000000008000124                isr_rtc_wkup
                0x0000000008000124                isr_comp_acq
                0x0000000008000124                isr_tim10
                0x0000000008000124                isr_dac
                0x0000000008000124                isr_dma2_ch5
                0x0000000008000124                isr_dma1_ch2
                0x0000000008000124                isr_tim7
                0x0000000008000124                isr_tim5
                0x0000000008000124                isr_i2c1_ev
                0x0000000008000124                isr_dma1_ch7
                0x0000000008000124                isr_tim4
                0x0000000008000124                isr_dma1_ch3
                0x0000000008000124                isr_dma2_ch3
                0x0000000008000124                isr_tim2
                0x0000000008000124                isr_sdio
                0x0000000008000124                isr_spi2
                0x0000000008000124                dummy_handler
                0x0000000008000124                isr_usb_hp
                0x0000000008000124                isr_aes
                0x0000000008000124                isr_dma2_ch4
                0x0000000008000124                isr_dma1_ch1
                0x0000000008000124                isr_comp
                0x0000000008000124                isr_dma1_ch6
                0x0000000008000124                isr_spi1
                0x0000000008000124                isr_tim6
                0x0000000008000124                isr_usb_lp
                0x0000000008000124                isr_rcc
                0x0000000008000124                isr_flash
                0x0000000008000124                isr_uart5
                0x0000000008000124                isr_dma2_ch2
                0x0000000008000124                isr_adc1
                0x0000000008000124                isr_uart4
                0x0000000008000124                isr_i2c2_er
                0x0000000008000124                isr_usb_fs_wkup
                0x0000000008000124                isr_dma2_ch1
                0x0000000008000124                isr_spi3
                0x0000000008000124                isr_lcd
                0x0000000008000124                isr_tim3
                0x0000000008000124                isr_dma1_ch5
                0x0000000008000124                isr_dma1_ch4
                0x0000000008000124                isr_i2c2_ev
                0x0000000008000124                isr_tamper_stamp
                0x0000000008000124                isr_i2c1_er
                0x0000000008000124                isr_wwdg
 .text._init    0x0000000008000128        0x4 /home/roman/RIOT/experiments/listener/bin/unwd-range-l1-r3/newlib_syscalls_default/syscalls.o
                0x0000000008000128                _init
 .text._fini    0x000000000800012c        0x2 /home/roman/RIOT/experiments/listener/bin/unwd-range-l1-r3/newlib_syscalls_default/syscalls.o
                0x000000000800012c                _fini
 *fill*         0x000000000800012e        0x2 
 .text._sbrk_r  0x0000000008000130       0x3c /home/roman/RIOT/experiments/listener/bin/unwd-range-l1-r3/newlib_syscalls_default/syscalls.o
                0x0000000008000130                _sbrk_r
 .text._read_r  0x000000000800016c        0x8 /home/roman/RIOT/experiments/listener/bin/unwd-range-l1-r3/newlib_syscalls_default/syscalls.o
                0x000000000800016c                _read_r
 .text._write_r
                0x0000000008000174        0x8 /home/roman/RIOT/experiments/listener/bin/unwd-range-l1-r3/newlib_syscalls_default/syscalls.o
                0x0000000008000174                _write_r
 .text._close_r
                0x000000000800017c        0xa /home/roman/RIOT/experiments/listener/bin/unwd-range-l1-r3/newlib_syscalls_default/syscalls.o
                0x000000000800017c                _close_r
 .text._lseek_r
                0x0000000008000186        0xa /home/roman/RIOT/experiments/listener/bin/unwd-range-l1-r3/newlib_syscalls_default/syscalls.o
                0x0000000008000186                _lseek_r
 .text._fstat_r
                0x0000000008000190        0xa /home/roman/RIOT/experiments/listener/bin/unwd-range-l1-r3/newlib_syscalls_default/syscalls.o
                0x0000000008000190                _fstat_r
 .text._isatty_r
                0x000000000800019a        0xe /home/roman/RIOT/experiments/listener/bin/unwd-range-l1-r3/newlib_syscalls_default/syscalls.o
                0x000000000800019a                _isatty_r
 .text.sched_run
                0x00000000080001a8       0x64 /home/roman/RIOT/experiments/listener/bin/unwd-range-l1-r3/core.a(sched.o)
                0x00000000080001a8                sched_run
 .text.sched_set_status
                0x000000000800020c       0x80 /home/roman/RIOT/experiments/listener/bin/unwd-range-l1-r3/core.a(sched.o)
                0x000000000800020c                sched_set_status
 .text.sched_switch
                0x000000000800028c       0x30 /home/roman/RIOT/experiments/listener/bin/unwd-range-l1-r3/core.a(sched.o)
                0x000000000800028c                sched_switch
 .text.sched_task_exit
                0x00000000080002bc       0x3c /home/roman/RIOT/experiments/listener/bin/unwd-range-l1-r3/core.a(sched.o)
                0x00000000080002bc                sched_task_exit
 .text.thread_stack_init
                0x00000000080002f8       0x68 /home/roman/RIOT/experiments/listener/bin/unwd-range-l1-r3/cortexm_common.a(thread_arch.o)
                0x00000000080002f8                thread_stack_init
 .text.cpu_switch_context_exit
                0x0000000008000360        0x8 /home/roman/RIOT/experiments/listener/bin/unwd-range-l1-r3/cortexm_common.a(thread_arch.o)
                0x0000000008000360                cpu_switch_context_exit
 .text.thread_yield_higher
                0x0000000008000368       0x10 /home/roman/RIOT/experiments/listener/bin/unwd-range-l1-r3/cortexm_common.a(thread_arch.o)
                0x0000000008000368                thread_yield_higher
 .text.isr_pendsv
                0x0000000008000378       0x1c /home/roman/RIOT/experiments/listener/bin/unwd-range-l1-r3/cortexm_common.a(thread_arch.o)
                0x0000000008000378                isr_pendsv
 .text.isr_svc  0x0000000008000394       0x1c /home/roman/RIOT/experiments/listener/bin/unwd-range-l1-r3/cortexm_common.a(thread_arch.o)
                0x0000000008000394                isr_svc
 .text.hard_fault_default
                0x00000000080003b0       0x44 /home/roman/RIOT/experiments/listener/bin/unwd-range-l1-r3/cortexm_common.a(vectors_cortexm.o)
                0x00000000080003b0                hard_fault_default
 .text.nmi_default
                0x00000000080003f4       0x10 /home/roman/RIOT/experiments/listener/bin/unwd-range-l1-r3/cortexm_common.a(vectors_cortexm.o)
                0x00000000080003f4                nmi_default
 .text.mem_manage_default
                0x0000000008000404       0x10 /home/roman/RIOT/experiments/listener/bin/unwd-range-l1-r3/cortexm_common.a(vectors_cortexm.o)
                0x0000000008000404                mem_manage_default
 .text.bus_fault_default
                0x0000000008000414       0x10 /home/roman/RIOT/experiments/listener/bin/unwd-range-l1-r3/cortexm_common.a(vectors_cortexm.o)
                0x0000000008000414                bus_fault_default
 .text.usage_fault_default
                0x0000000008000424       0x10 /home/roman/RIOT/experiments/listener/bin/unwd-range-l1-r3/cortexm_common.a(vectors_cortexm.o)
                0x0000000008000424                usage_fault_default
 .text.debug_mon_default
                0x0000000008000434       0x10 /home/roman/RIOT/experiments/listener/bin/unwd-range-l1-r3/cortexm_common.a(vectors_cortexm.o)
                0x0000000008000434                debug_mon_default
 .text.dummy_handler_default
                0x0000000008000444       0x10 /home/roman/RIOT/experiments/listener/bin/unwd-range-l1-r3/cortexm_common.a(vectors_cortexm.o)
                0x0000000008000444                dummy_handler_default
                0x0000000008000444                isr_systick
 .text.pre_startup
                0x0000000008000454        0x2 /home/roman/RIOT/experiments/listener/bin/unwd-range-l1-r3/cortexm_common.a(vectors_cortexm.o)
                0x0000000008000454                pre_startup
 .text.post_startup
                0x0000000008000456        0x2 /home/roman/RIOT/experiments/listener/bin/unwd-range-l1-r3/cortexm_common.a(vectors_cortexm.o)
                0x0000000008000456                post_startup
 .text.reset_handler_default
                0x0000000008000458       0x6c /home/roman/RIOT/experiments/listener/bin/unwd-range-l1-r3/cortexm_common.a(vectors_cortexm.o)
                0x0000000008000458                reset_handler_default
 .text.hard_fault_handler
                0x00000000080004c4      0x188 /home/roman/RIOT/experiments/listener/bin/unwd-range-l1-r3/cortexm_common.a(vectors_cortexm.o)
                0x00000000080004c4                hard_fault_handler
 .text.irq_disable
                0x000000000800064c        0x8 /home/roman/RIOT/experiments/listener/bin/unwd-range-l1-r3/cortexm_common.a(irq_arch.o)
                0x000000000800064c                irq_disable
 .text.irq_enable
                0x0000000008000654        0x8 /home/roman/RIOT/experiments/listener/bin/unwd-range-l1-r3/cortexm_common.a(irq_arch.o)
                0x0000000008000654                irq_enable
 .text.irq_restore
                0x000000000800065c        0x6 /home/roman/RIOT/experiments/listener/bin/unwd-range-l1-r3/cortexm_common.a(irq_arch.o)
                0x000000000800065c                irq_restore
 .text.irq_is_in
                0x0000000008000662        0x8 /home/roman/RIOT/experiments/listener/bin/unwd-range-l1-r3/cortexm_common.a(irq_arch.o)
                0x0000000008000662                irq_is_in
 *fill*         0x000000000800066a        0x2 
 .text.stdio_init
                0x000000000800066c       0x18 /home/roman/RIOT/experiments/listener/bin/unwd-range-l1-r3/stdio_uart.a(stdio_uart.o)
                0x000000000800066c                stdio_init
 .text.stdio_read
                0x0000000008000684       0x10 /home/roman/RIOT/experiments/listener/bin/unwd-range-l1-r3/stdio_uart.a(stdio_uart.o)
                0x0000000008000684                stdio_read
 .text.stdio_write
                0x0000000008000694       0x12 /home/roman/RIOT/experiments/listener/bin/unwd-range-l1-r3/stdio_uart.a(stdio_uart.o)
                0x0000000008000694                stdio_write
 *fill*         0x00000000080006a6        0x2 
 .text.irq_handler
                0x00000000080006a8       0x48 /home/roman/RIOT/experiments/listener/bin/unwd-range-l1-r3/stm32_common_periph.a(uart.o)
 .text.uart_set_baudrate
                0x00000000080006f0       0x8c /home/roman/RIOT/experiments/listener/bin/unwd-range-l1-r3/stm32_common_periph.a(uart.o)
                0x00000000080006f0                uart_set_baudrate
 .text.uart_write
                0x000000000800077c       0x44 /home/roman/RIOT/experiments/listener/bin/unwd-range-l1-r3/stm32_common_periph.a(uart.o)
                0x000000000800077c                uart_write
 .text.uart_poweron
                0x00000000080007c0       0x2c /home/roman/RIOT/experiments/listener/bin/unwd-range-l1-r3/stm32_common_periph.a(uart.o)
                0x00000000080007c0                uart_poweron
 .text.uart_init
                0x00000000080007ec       0xc0 /home/roman/RIOT/experiments/listener/bin/unwd-range-l1-r3/stm32_common_periph.a(uart.o)
                0x00000000080007ec                uart_init
 .text.isr_usart1
                0x00000000080008ac        0x6 /home/roman/RIOT/experiments/listener/bin/unwd-range-l1-r3/stm32_common_periph.a(uart.o)
                0x00000000080008ac                isr_usart1
 .text.isr_usart2
                0x00000000080008b2        0x6 /home/roman/RIOT/experiments/listener/bin/unwd-range-l1-r3/stm32_common_periph.a(uart.o)
                0x00000000080008b2                isr_usart2
 .text.isr_usart3
                0x00000000080008b8        0x6 /home/roman/RIOT/experiments/listener/bin/unwd-range-l1-r3/stm32_common_periph.a(uart.o)
                0x00000000080008b8                isr_usart3
 *fill*         0x00000000080008be        0x2 
 .text.pm_set   0x00000000080008c0      0x250 /home/roman/RIOT/experiments/listener/bin/unwd-range-l1-r3/stm32_common_periph.a(pm.o)
                0x00000000080008c0                pm_set
 .text.pm_off   0x0000000008000b10       0x14 /home/roman/RIOT/experiments/listener/bin/unwd-range-l1-r3/stm32_common_periph.a(pm.o)
                0x0000000008000b10                pm_off
 .text.gpio_init
                0x0000000008000b24       0x7a /home/roman/RIOT/experiments/listener/bin/unwd-range-l1-r3/stm32_common_periph.a(gpio.o)
                0x0000000008000b24                gpio_init
 .text.gpio_init_af
                0x0000000008000b9e       0x56 /home/roman/RIOT/experiments/listener/bin/unwd-range-l1-r3/stm32_common_periph.a(gpio.o)
                0x0000000008000b9e                gpio_init_af
 .text.gpio_irq_enable
                0x0000000008000bf4       0x44 /home/roman/RIOT/experiments/listener/bin/unwd-range-l1-r3/stm32_common_periph.a(gpio.o)
                0x0000000008000bf4                gpio_irq_enable
 .text.gpio_irq_disable
                0x0000000008000c38       0x44 /home/roman/RIOT/experiments/listener/bin/unwd-range-l1-r3/stm32_common_periph.a(gpio.o)
                0x0000000008000c38                gpio_irq_disable
 .text.gpio_set
                0x0000000008000c7c       0x16 /home/roman/RIOT/experiments/listener/bin/unwd-range-l1-r3/stm32_common_periph.a(gpio.o)
                0x0000000008000c7c                gpio_set
 .text.gpio_clear
                0x0000000008000c92       0x18 /home/roman/RIOT/experiments/listener/bin/unwd-range-l1-r3/stm32_common_periph.a(gpio.o)
                0x0000000008000c92                gpio_clear
 *fill*         0x0000000008000caa        0x2 
 .text.gpio_init_int
                0x0000000008000cac       0xc0 /home/roman/RIOT/experiments/listener/bin/unwd-range-l1-r3/stm32_common_periph.a(gpio.o)
                0x0000000008000cac                gpio_init_int
 .text.isr_exti
                0x0000000008000d6c       0x4c /home/roman/RIOT/experiments/listener/bin/unwd-range-l1-r3/stm32_common_periph.a(gpio.o)
                0x0000000008000d6c                isr_exti
 .text._xtimer_lltimer_now
                0x0000000008000db8        0x6 /home/roman/RIOT/experiments/listener/bin/unwd-range-l1-r3/xtimer.a(xtimer_core.o)
 *fill*         0x0000000008000dbe        0x2 
 .text._xtimer_now
                0x0000000008000dc0       0x18 /home/roman/RIOT/experiments/listener/bin/unwd-range-l1-r3/xtimer.a(xtimer_core.o)
 .text._lltimer_set
                0x0000000008000dd8       0x14 /home/roman/RIOT/experiments/listener/bin/unwd-range-l1-r3/xtimer.a(xtimer_core.o)
 .text._next_period
                0x0000000008000dec       0xc4 /home/roman/RIOT/experiments/listener/bin/unwd-range-l1-r3/xtimer.a(xtimer_core.o)
 .text._periph_timer_callback
                0x0000000008000eb0       0xe0 /home/roman/RIOT/experiments/listener/bin/unwd-range-l1-r3/xtimer.a(xtimer_core.o)
 .text.xtimer_init
                0x0000000008000f90       0x24 /home/roman/RIOT/experiments/listener/bin/unwd-range-l1-r3/xtimer.a(xtimer_core.o)
                0x0000000008000f90                xtimer_init
 .text.board_init
                0x0000000008000fb4       0x18 /home/roman/RIOT/experiments/listener/bin/unwd-range-l1-r3/boards_common_unwd.a(board.o)
                0x0000000008000fb4                board_init
 .text.panic_arch
                0x0000000008000fcc        0x2 /home/roman/RIOT/experiments/listener/bin/unwd-range-l1-r3/core.a(panic.o)
                0x0000000008000fcc                panic_arch
 *fill*         0x0000000008000fce        0x2 
 .text.core_panic
                0x0000000008000fd0       0x44 /home/roman/RIOT/experiments/listener/bin/unwd-range-l1-r3/core.a(panic.o)
                0x0000000008000fd0                core_panic
 .text.main_trampoline
                0x0000000008001014       0x18 /home/roman/RIOT/experiments/listener/bin/unwd-range-l1-r3/core.a(kernel_init.o)
 .text.idle_thread
                0x000000000800102c        0x8 /home/roman/RIOT/experiments/listener/bin/unwd-range-l1-r3/core.a(kernel_init.o)
 .text.kernel_init
                0x0000000008001034       0x58 /home/roman/RIOT/experiments/listener/bin/unwd-range-l1-r3/core.a(kernel_init.o)
                0x0000000008001034                kernel_init
 .text.thread_add_to_list
                0x000000000800108c       0x30 /home/roman/RIOT/experiments/listener/bin/unwd-range-l1-r3/core.a(thread.o)
                0x000000000800108c                thread_add_to_list
 .text.thread_create
                0x00000000080010bc       0xf8 /home/roman/RIOT/experiments/listener/bin/unwd-range-l1-r3/core.a(thread.o)
                0x00000000080010bc                thread_create
 .text.cpu_check_address
                0x00000000080011b4       0x38 /home/roman/RIOT/experiments/listener/bin/unwd-range-l1-r3/cortexm_common.a(cortexm_init.o)
                0x00000000080011b4                cpu_check_address
 .text.cpu_find_memory_size
                0x00000000080011ec       0x1e /home/roman/RIOT/experiments/listener/bin/unwd-range-l1-r3/cortexm_common.a(cortexm_init.o)
                0x00000000080011ec                cpu_find_memory_size
 *fill*         0x000000000800120a        0x2 
 .text.cortexm_init
                0x000000000800120c       0x40 /home/roman/RIOT/experiments/listener/bin/unwd-range-l1-r3/cortexm_common.a(cortexm_init.o)
                0x000000000800120c                cortexm_init
 .text.isrpipe_write_one
                0x000000000800124c       0x16 /home/roman/RIOT/experiments/listener/bin/unwd-range-l1-r3/isrpipe.a(isrpipe.o)
                0x000000000800124c                isrpipe_write_one
 .text.isrpipe_read
                0x0000000008001262       0x24 /home/roman/RIOT/experiments/listener/bin/unwd-range-l1-r3/isrpipe.a(isrpipe.o)
                0x0000000008001262                isrpipe_read
 *fill*         0x0000000008001286        0x2 
 .text.pm_set_lowest
                0x0000000008001288       0x40 /home/roman/RIOT/experiments/listener/bin/unwd-range-l1-r3/pm_layered.a(pm.o)
                0x0000000008001288                pm_set_lowest
 .text.cpu_init
                0x00000000080012c8       0x84 /home/roman/RIOT/experiments/listener/bin/unwd-range-l1-r3/stm32_common.a(cpu_init.o)
                0x00000000080012c8                cpu_init
 .text.utils_delay
                0x000000000800134c        0x6 /home/roman/RIOT/experiments/listener/bin/unwd-range-l1-r3/stm32_common.a(stmclk_l0l1.o)
 *fill*         0x0000000008001352        0x2 
 .text.stmclk_init_sysclk
                0x0000000008001354      0x200 /home/roman/RIOT/experiments/listener/bin/unwd-range-l1-r3/stm32_common.a(stmclk_l0l1.o)
                0x0000000008001354                stmclk_init_sysclk
 .text.periph_apb_clk
                0x0000000008001554        0xc /home/roman/RIOT/experiments/listener/bin/unwd-range-l1-r3/stm32_common.a(cpu_common.o)
                0x0000000008001554                periph_apb_clk
 .text.periph_timer_clk
                0x0000000008001560       0x14 /home/roman/RIOT/experiments/listener/bin/unwd-range-l1-r3/stm32_common.a(cpu_common.o)
                0x0000000008001560                periph_timer_clk
 .text.periph_clk_en
                0x0000000008001574       0x30 /home/roman/RIOT/experiments/listener/bin/unwd-range-l1-r3/stm32_common.a(cpu_common.o)
                0x0000000008001574                periph_clk_en
 .text.periph_clk_dis
                0x00000000080015a4       0x34 /home/roman/RIOT/experiments/listener/bin/unwd-range-l1-r3/stm32_common.a(cpu_common.o)
                0x00000000080015a4                periph_clk_dis
 .text.is_periph_clk
                0x00000000080015d8       0x30 /home/roman/RIOT/experiments/listener/bin/unwd-range-l1-r3/stm32_common.a(cpu_common.o)
                0x00000000080015d8                is_periph_clk
 .text.cpu_init_status
                0x0000000008001608       0x78 /home/roman/RIOT/experiments/listener/bin/unwd-range-l1-r3/stm32_common.a(stm_status.o)
                0x0000000008001608                cpu_init_status
 .text.irq_handler
                0x0000000008001680       0x84 /home/roman/RIOT/experiments/listener/bin/unwd-range-l1-r3/stm32_common_periph.a(timer.o)
 .text.timer_set_absolute
                0x0000000008001704       0x48 /home/roman/RIOT/experiments/listener/bin/unwd-range-l1-r3/stm32_common_periph.a(timer.o)
                0x0000000008001704                timer_set_absolute
 .text.timer_read
                0x000000000800174c       0x10 /home/roman/RIOT/experiments/listener/bin/unwd-range-l1-r3/stm32_common_periph.a(timer.o)
                0x000000000800174c                timer_read
 .text.timer_start
                0x000000000800175c       0x18 /home/roman/RIOT/experiments/listener/bin/unwd-range-l1-r3/stm32_common_periph.a(timer.o)
                0x000000000800175c                timer_start
 .text.timer_init
                0x0000000008001774       0x88 /home/roman/RIOT/experiments/listener/bin/unwd-range-l1-r3/stm32_common_periph.a(timer.o)
                0x0000000008001774                timer_init
 .text.isr_tim11
                0x00000000080017fc        0x6 /home/roman/RIOT/experiments/listener/bin/unwd-range-l1-r3/stm32_common_periph.a(timer.o)
                0x00000000080017fc                isr_tim11
 .text.isr_tim9
                0x0000000008001802        0x6 /home/roman/RIOT/experiments/listener/bin/unwd-range-l1-r3/stm32_common_periph.a(timer.o)
                0x0000000008001802                isr_tim9
 .text._pop     0x0000000008001808       0x12 /home/roman/RIOT/experiments/listener/bin/unwd-range-l1-r3/tsrb.a(tsrb.o)
 .text.tsrb_get
                0x000000000800181a       0x26 /home/roman/RIOT/experiments/listener/bin/unwd-range-l1-r3/tsrb.a(tsrb.o)
                0x000000000800181a                tsrb_get
 .text.tsrb_add_one
                0x0000000008001840       0x26 /home/roman/RIOT/experiments/listener/bin/unwd-range-l1-r3/tsrb.a(tsrb.o)
                0x0000000008001840                tsrb_add_one
 .text.periph_init
                0x0000000008001866        0x2 /home/roman/RIOT/experiments/listener/bin/unwd-range-l1-r3/periph_common.a(init.o)
                0x0000000008001866                periph_init
 .text.isr_thread
                0x0000000008001868       0x38 /home/roman/RIOT/experiments/listener/bin/unwd-range-l1-r3/application_vemac-listener.a(main.o)
                0x0000000008001868                isr_thread
 .text.sx127x_handler
                0x00000000080018a0       0xbc /home/roman/RIOT/experiments/listener/bin/unwd-range-l1-r3/application_vemac-listener.a(main.o)
 .text.startup.main
                0x000000000800195c      0x21c /home/roman/RIOT/experiments/listener/bin/unwd-range-l1-r3/application_vemac-listener.a(main.o)
                0x000000000800195c                main
 .text.auto_init
                0x0000000008001b78        0xe /home/roman/RIOT/experiments/listener/bin/unwd-range-l1-r3/auto_init.a(auto_init.o)
                0x0000000008001b78                auto_init
 *fill*         0x0000000008001b86        0x2 
 .text._mutex_lock
                0x0000000008001b88       0x60 /home/roman/RIOT/experiments/listener/bin/unwd-range-l1-r3/core.a(mutex.o)
                0x0000000008001b88                _mutex_lock
 .text.mutex_unlock
                0x0000000008001be8       0x4c /home/roman/RIOT/experiments/listener/bin/unwd-range-l1-r3/core.a(mutex.o)
                0x0000000008001be8                mutex_unlock
 .text._msg_receive
                0x0000000008001c34      0x108 /home/roman/RIOT/experiments/listener/bin/unwd-range-l1-r3/core.a(msg.o)
 .text.queue_msg
                0x0000000008001d3c       0x2a /home/roman/RIOT/experiments/listener/bin/unwd-range-l1-r3/core.a(msg.o)
 *fill*         0x0000000008001d66        0x2 
 .text._msg_send
                0x0000000008001d68       0xac /home/roman/RIOT/experiments/listener/bin/unwd-range-l1-r3/core.a(msg.o)
 .text.msg_send_to_self
                0x0000000008001e14       0x30 /home/roman/RIOT/experiments/listener/bin/unwd-range-l1-r3/core.a(msg.o)
                0x0000000008001e14                msg_send_to_self
 .text.msg_send_int
                0x0000000008001e44       0x48 /home/roman/RIOT/experiments/listener/bin/unwd-range-l1-r3/core.a(msg.o)
                0x0000000008001e44                msg_send_int
 .text.msg_send
                0x0000000008001e8c       0x44 /home/roman/RIOT/experiments/listener/bin/unwd-range-l1-r3/core.a(msg.o)
                0x0000000008001e8c                msg_send
 .text.msg_receive
                0x0000000008001ed0        0x6 /home/roman/RIOT/experiments/listener/bin/unwd-range-l1-r3/core.a(msg.o)
                0x0000000008001ed0                msg_receive
 *fill*         0x0000000008001ed6        0x2 
 .text.msg_init_queue
                0x0000000008001ed8       0x28 /home/roman/RIOT/experiments/listener/bin/unwd-range-l1-r3/core.a(msg.o)
                0x0000000008001ed8                msg_init_queue
 .text._lptimer_now
                0x0000000008001f00       0x18 /home/roman/RIOT/experiments/listener/bin/unwd-range-l1-r3/lptimer.a(lptimer_core.o)
 .text._lltimer_set
                0x0000000008001f18       0x1c /home/roman/RIOT/experiments/listener/bin/unwd-range-l1-r3/lptimer.a(lptimer_core.o)
 .text._add_timer_to_long_list.constprop.0
                0x0000000008001f34       0x2c /home/roman/RIOT/experiments/listener/bin/unwd-range-l1-r3/lptimer.a(lptimer_core.o)
 .text._next_period
                0x0000000008001f60       0xc4 /home/roman/RIOT/experiments/listener/bin/unwd-range-l1-r3/lptimer.a(lptimer_core.o)
 .text._periph_timer_callback
                0x0000000008002024       0xdc /home/roman/RIOT/experiments/listener/bin/unwd-range-l1-r3/lptimer.a(lptimer_core.o)
 .text._remove  0x0000000008002100       0x5c /home/roman/RIOT/experiments/listener/bin/unwd-range-l1-r3/lptimer.a(lptimer_core.o)
 .text.lptimer_init
                0x000000000800215c       0x12 /home/roman/RIOT/experiments/listener/bin/unwd-range-l1-r3/lptimer.a(lptimer_core.o)
                0x000000000800215c                lptimer_init
 *fill*         0x000000000800216e        0x2 
 .text._lptimer_set_absolute
                0x0000000008002170       0xdc /home/roman/RIOT/experiments/listener/bin/unwd-range-l1-r3/lptimer.a(lptimer_core.o)
                0x0000000008002170                _lptimer_set_absolute
 .text.lptimer_remove
                0x000000000800224c       0x22 /home/roman/RIOT/experiments/listener/bin/unwd-range-l1-r3/lptimer.a(lptimer_core.o)
                0x000000000800224c                lptimer_remove
 .text._lptimer_set
                0x000000000800226e       0x42 /home/roman/RIOT/experiments/listener/bin/unwd-range-l1-r3/lptimer.a(lptimer_core.o)
                0x000000000800226e                _lptimer_set
 .text._lptimer_set64
                0x00000000080022b0       0x60 /home/roman/RIOT/experiments/listener/bin/unwd-range-l1-r3/lptimer.a(lptimer_core.o)
                0x00000000080022b0                _lptimer_set64
 .text.rtt_init
                0x0000000008002310       0xa8 /home/roman/RIOT/experiments/listener/bin/unwd-range-l1-r3/stm32_common_periph.a(rtt.o)
                0x0000000008002310                rtt_init
 .text.rtt_get_counter
                0x00000000080023b8       0x20 /home/roman/RIOT/experiments/listener/bin/unwd-range-l1-r3/stm32_common_periph.a(rtt.o)
                0x00000000080023b8                rtt_get_counter
 .text.rtt_set_alarm
                0x00000000080023d8       0x64 /home/roman/RIOT/experiments/listener/bin/unwd-range-l1-r3/stm32_common_periph.a(rtt.o)
                0x00000000080023d8                rtt_set_alarm
 .text.isr_rtc_alarm
                0x000000000800243c       0x4c /home/roman/RIOT/experiments/listener/bin/unwd-range-l1-r3/stm32_common_periph.a(rtt.o)
                0x000000000800243c                isr_rtc_alarm
 .text._set     0x0000000008002488      0x1c4 /home/roman/RIOT/experiments/listener/bin/unwd-range-l1-r3/sx127x.a(sx127x_netdev.o)
 .text._get     0x000000000800264c      0x180 /home/roman/RIOT/experiments/listener/bin/unwd-range-l1-r3/sx127x.a(sx127x_netdev.o)
 .text._isr     0x00000000080027cc      0x138 /home/roman/RIOT/experiments/listener/bin/unwd-range-l1-r3/sx127x.a(sx127x_netdev.o)
 .text._init    0x0000000008002904       0x30 /home/roman/RIOT/experiments/listener/bin/unwd-range-l1-r3/sx127x.a(sx127x_netdev.o)
 .text._recv    0x0000000008002934      0x11c /home/roman/RIOT/experiments/listener/bin/unwd-range-l1-r3/sx127x.a(sx127x_netdev.o)
 .text._send    0x0000000008002a50       0x94 /home/roman/RIOT/experiments/listener/bin/unwd-range-l1-r3/sx127x.a(sx127x_netdev.o)
 .text._on_tx_timeout
                0x0000000008002ae4        0xe /home/roman/RIOT/experiments/listener/bin/unwd-range-l1-r3/sx127x.a(sx127x.o)
 .text._on_rx_timeout
                0x0000000008002af2        0xe /home/roman/RIOT/experiments/listener/bin/unwd-range-l1-r3/sx127x.a(sx127x.o)
 .text._xtimer_spin.constprop.0
                0x0000000008002b00       0x1c /home/roman/RIOT/experiments/listener/bin/unwd-range-l1-r3/sx127x.a(sx127x.o)
 .text.sx127x_reset
                0x0000000008002b1c       0x34 /home/roman/RIOT/experiments/listener/bin/unwd-range-l1-r3/sx127x.a(sx127x.o)
                0x0000000008002b1c                sx127x_reset
 .text.sx127x_init
                0x0000000008002b50       0xdc /home/roman/RIOT/experiments/listener/bin/unwd-range-l1-r3/sx127x.a(sx127x.o)
                0x0000000008002b50                sx127x_init
 .text.sx127x_init_radio_settings
                0x0000000008002c2c       0x90 /home/roman/RIOT/experiments/listener/bin/unwd-range-l1-r3/sx127x.a(sx127x.o)
                0x0000000008002c2c                sx127x_init_radio_settings
 .text.sx127x_isr
                0x0000000008002cbc       0x14 /home/roman/RIOT/experiments/listener/bin/unwd-range-l1-r3/sx127x.a(sx127x.o)
                0x0000000008002cbc                sx127x_isr
 .text.sx127x_on_dio0_isr
                0x0000000008002cd0       0x10 /home/roman/RIOT/experiments/listener/bin/unwd-range-l1-r3/sx127x.a(sx127x.o)
 .text.sx127x_on_dio1_isr
                0x0000000008002ce0       0x10 /home/roman/RIOT/experiments/listener/bin/unwd-range-l1-r3/sx127x.a(sx127x.o)
 .text.sx127x_on_dio2_isr
                0x0000000008002cf0       0x10 /home/roman/RIOT/experiments/listener/bin/unwd-range-l1-r3/sx127x.a(sx127x.o)
 .text.sx127x_on_dio3_isr
                0x0000000008002d00       0x10 /home/roman/RIOT/experiments/listener/bin/unwd-range-l1-r3/sx127x.a(sx127x.o)
 .text.sx127x_reg_write_burst
                0x0000000008002d10       0x46 /home/roman/RIOT/experiments/listener/bin/unwd-range-l1-r3/sx127x.a(sx127x_internal.o)
                0x0000000008002d10                sx127x_reg_write_burst
 .text.sx127x_reg_write
                0x0000000008002d56       0x16 /home/roman/RIOT/experiments/listener/bin/unwd-range-l1-r3/sx127x.a(sx127x_internal.o)
                0x0000000008002d56                sx127x_reg_write
 .text.sx127x_reg_read_burst
                0x0000000008002d6c       0x44 /home/roman/RIOT/experiments/listener/bin/unwd-range-l1-r3/sx127x.a(sx127x_internal.o)
                0x0000000008002d6c                sx127x_reg_read_burst
 .text.sx127x_reg_read
                0x0000000008002db0       0x16 /home/roman/RIOT/experiments/listener/bin/unwd-range-l1-r3/sx127x.a(sx127x_internal.o)
                0x0000000008002db0                sx127x_reg_read
 *fill*         0x0000000008002dc6        0x2 
 .text.sx127x_check_version
                0x0000000008002dc8       0x48 /home/roman/RIOT/experiments/listener/bin/unwd-range-l1-r3/sx127x.a(sx127x_internal.o)
                0x0000000008002dc8                sx127x_check_version
 .text.sx127x_write_fifo
                0x0000000008002e10        0xa /home/roman/RIOT/experiments/listener/bin/unwd-range-l1-r3/sx127x.a(sx127x_internal.o)
                0x0000000008002e10                sx127x_write_fifo
 .text.sx127x_read_fifo
                0x0000000008002e1a        0xa /home/roman/RIOT/experiments/listener/bin/unwd-range-l1-r3/sx127x.a(sx127x_internal.o)
                0x0000000008002e1a                sx127x_read_fifo
 *fill*         0x0000000008002e24        0x4 
 .text.sx1276_rx_chain_calibration
                0x0000000008002e28       0xbc /home/roman/RIOT/experiments/listener/bin/unwd-range-l1-r3/sx127x.a(sx127x_internal.o)
                0x0000000008002e28                sx1276_rx_chain_calibration
 .text.sx127x_start_cad
                0x0000000008002ee4       0x3c /home/roman/RIOT/experiments/listener/bin/unwd-range-l1-r3/sx127x.a(sx127x_internal.o)
                0x0000000008002ee4                sx127x_start_cad
 .text._low_datarate_optimize
                0x0000000008002f20       0x68 /home/roman/RIOT/experiments/listener/bin/unwd-range-l1-r3/sx127x.a(sx127x_getset.o)
 .text.sx127x_get_state
                0x0000000008002f88        0x4 /home/roman/RIOT/experiments/listener/bin/unwd-range-l1-r3/sx127x.a(sx127x_getset.o)
                0x0000000008002f88                sx127x_get_state
 .text.sx127x_set_state
                0x0000000008002f8c        0x4 /home/roman/RIOT/experiments/listener/bin/unwd-range-l1-r3/sx127x.a(sx127x_getset.o)
                0x0000000008002f8c                sx127x_set_state
 .text.sx127x_get_channel
                0x0000000008002f90       0x48 /home/roman/RIOT/experiments/listener/bin/unwd-range-l1-r3/sx127x.a(sx127x_getset.o)
                0x0000000008002f90                sx127x_get_channel
 .text.sx127x_set_channel
                0x0000000008002fd8       0x50 /home/roman/RIOT/experiments/listener/bin/unwd-range-l1-r3/sx127x.a(sx127x_getset.o)
                0x0000000008002fd8                sx127x_set_channel
 .text.sx127x_get_max_payload_len
                0x0000000008003028       0x16 /home/roman/RIOT/experiments/listener/bin/unwd-range-l1-r3/sx127x.a(sx127x_getset.o)
                0x0000000008003028                sx127x_get_max_payload_len
 .text.sx127x_set_max_payload_len
                0x000000000800303e       0x16 /home/roman/RIOT/experiments/listener/bin/unwd-range-l1-r3/sx127x.a(sx127x_getset.o)
                0x000000000800303e                sx127x_set_max_payload_len
 .text.sx127x_get_op_mode
                0x0000000008003054        0xe /home/roman/RIOT/experiments/listener/bin/unwd-range-l1-r3/sx127x.a(sx127x_getset.o)
                0x0000000008003054                sx127x_get_op_mode
 .text.sx127x_set_op_mode
                0x0000000008003062       0x68 /home/roman/RIOT/experiments/listener/bin/unwd-range-l1-r3/sx127x.a(sx127x_getset.o)
                0x0000000008003062                sx127x_set_op_mode
 .text.sx127x_set_modem
                0x00000000080030ca       0x52 /home/roman/RIOT/experiments/listener/bin/unwd-range-l1-r3/sx127x.a(sx127x_getset.o)
                0x00000000080030ca                sx127x_set_modem
 .text.sx127x_set_sleep
                0x000000000800311c       0x20 /home/roman/RIOT/experiments/listener/bin/unwd-range-l1-r3/sx127x.a(sx127x_getset.o)
                0x000000000800311c                sx127x_set_sleep
 .text.sx127x_set_standby
                0x000000000800313c       0x20 /home/roman/RIOT/experiments/listener/bin/unwd-range-l1-r3/sx127x.a(sx127x_getset.o)
                0x000000000800313c                sx127x_set_standby
 .text.sx127x_set_rx
                0x000000000800315c      0x120 /home/roman/RIOT/experiments/listener/bin/unwd-range-l1-r3/sx127x.a(sx127x_getset.o)
                0x000000000800315c                sx127x_set_rx
 .text.sx127x_set_tx
                0x000000000800327c       0x6c /home/roman/RIOT/experiments/listener/bin/unwd-range-l1-r3/sx127x.a(sx127x_getset.o)
                0x000000000800327c                sx127x_set_tx
 .text.sx127x_get_bandwidth
                0x00000000080032e8        0x4 /home/roman/RIOT/experiments/listener/bin/unwd-range-l1-r3/sx127x.a(sx127x_getset.o)
                0x00000000080032e8                sx127x_get_bandwidth
 .text.sx127x_set_bandwidth
                0x00000000080032ec      0x11c /home/roman/RIOT/experiments/listener/bin/unwd-range-l1-r3/sx127x.a(sx127x_getset.o)
                0x00000000080032ec                sx127x_set_bandwidth
 .text.sx127x_get_spreading_factor
                0x0000000008003408        0x4 /home/roman/RIOT/experiments/listener/bin/unwd-range-l1-r3/sx127x.a(sx127x_getset.o)
                0x0000000008003408                sx127x_get_spreading_factor
 .text.sx127x_set_spreading_factor
                0x000000000800340c       0x60 /home/roman/RIOT/experiments/listener/bin/unwd-range-l1-r3/sx127x.a(sx127x_getset.o)
                0x000000000800340c                sx127x_set_spreading_factor
 .text.sx127x_get_coding_rate
                0x000000000800346c        0x4 /home/roman/RIOT/experiments/listener/bin/unwd-range-l1-r3/sx127x.a(sx127x_getset.o)
                0x000000000800346c                sx127x_get_coding_rate
 .text.sx127x_set_coding_rate
                0x0000000008003470       0x34 /home/roman/RIOT/experiments/listener/bin/unwd-range-l1-r3/sx127x.a(sx127x_getset.o)
                0x0000000008003470                sx127x_set_coding_rate
 .text.sx127x_get_rx_single
                0x00000000080034a4        0xc /home/roman/RIOT/experiments/listener/bin/unwd-range-l1-r3/sx127x.a(sx127x_getset.o)
                0x00000000080034a4                sx127x_get_rx_single
 .text.sx127x_set_rx_single
                0x00000000080034b0       0x12 /home/roman/RIOT/experiments/listener/bin/unwd-range-l1-r3/sx127x.a(sx127x_getset.o)
                0x00000000080034b0                sx127x_set_rx_single
 .text.sx127x_get_crc
                0x00000000080034c2       0x26 /home/roman/RIOT/experiments/listener/bin/unwd-range-l1-r3/sx127x.a(sx127x_getset.o)
                0x00000000080034c2                sx127x_get_crc
 .text.sx127x_set_crc
                0x00000000080034e8       0x50 /home/roman/RIOT/experiments/listener/bin/unwd-range-l1-r3/sx127x.a(sx127x_getset.o)
                0x00000000080034e8                sx127x_set_crc
 .text.sx127x_get_hop_period
                0x0000000008003538        0x6 /home/roman/RIOT/experiments/listener/bin/unwd-range-l1-r3/sx127x.a(sx127x_getset.o)
                0x0000000008003538                sx127x_get_hop_period
 .text.sx127x_set_hop_period
                0x000000000800353e       0x32 /home/roman/RIOT/experiments/listener/bin/unwd-range-l1-r3/sx127x.a(sx127x_getset.o)
                0x000000000800353e                sx127x_set_hop_period
 .text.sx127x_get_fixed_header_len_mode
                0x0000000008003570        0x8 /home/roman/RIOT/experiments/listener/bin/unwd-range-l1-r3/sx127x.a(sx127x_getset.o)
                0x0000000008003570                sx127x_get_fixed_header_len_mode
 .text.sx127x_set_fixed_header_len_mode
                0x0000000008003578       0x42 /home/roman/RIOT/experiments/listener/bin/unwd-range-l1-r3/sx127x.a(sx127x_getset.o)
                0x0000000008003578                sx127x_set_fixed_header_len_mode
 .text.sx127x_set_payload_length
                0x00000000080035ba        0x8 /home/roman/RIOT/experiments/listener/bin/unwd-range-l1-r3/sx127x.a(sx127x_getset.o)
                0x00000000080035ba                sx127x_set_payload_length
 .text.sx127x_get_tx_power
                0x00000000080035c2        0x4 /home/roman/RIOT/experiments/listener/bin/unwd-range-l1-r3/sx127x.a(sx127x_getset.o)
                0x00000000080035c2                sx127x_get_tx_power
 .text.sx127x_set_tx_power
                0x00000000080035c6       0xac /home/roman/RIOT/experiments/listener/bin/unwd-range-l1-r3/sx127x.a(sx127x_getset.o)
                0x00000000080035c6                sx127x_set_tx_power
 .text.sx127x_set_preamble_length
                0x0000000008003672       0x1e /home/roman/RIOT/experiments/listener/bin/unwd-range-l1-r3/sx127x.a(sx127x_getset.o)
                0x0000000008003672                sx127x_set_preamble_length
 .text.sx127x_set_rx_timeout
                0x0000000008003690        0x4 /home/roman/RIOT/experiments/listener/bin/unwd-range-l1-r3/sx127x.a(sx127x_getset.o)
                0x0000000008003690                sx127x_set_rx_timeout
 .text.sx127x_set_tx_timeout
                0x0000000008003694        0x4 /home/roman/RIOT/experiments/listener/bin/unwd-range-l1-r3/sx127x.a(sx127x_getset.o)
                0x0000000008003694                sx127x_set_tx_timeout
 .text.sx127x_set_symbol_timeout
                0x0000000008003698       0x2c /home/roman/RIOT/experiments/listener/bin/unwd-range-l1-r3/sx127x.a(sx127x_getset.o)
                0x0000000008003698                sx127x_set_symbol_timeout
 .text.sx127x_get_iq_invert
                0x00000000080036c4        0x8 /home/roman/RIOT/experiments/listener/bin/unwd-range-l1-r3/sx127x.a(sx127x_getset.o)
                0x00000000080036c4                sx127x_get_iq_invert
 .text.sx127x_set_iq_invert
                0x00000000080036cc       0x44 /home/roman/RIOT/experiments/listener/bin/unwd-range-l1-r3/sx127x.a(sx127x_getset.o)
                0x00000000080036cc                sx127x_set_iq_invert
 .text.sx127x_set_freq_hop
                0x0000000008003710       0x12 /home/roman/RIOT/experiments/listener/bin/unwd-range-l1-r3/sx127x.a(sx127x_getset.o)
                0x0000000008003710                sx127x_set_freq_hop
 .text.spi_transfer_regs
                0x0000000008003722       0x36 /home/roman/RIOT/experiments/listener/bin/unwd-range-l1-r3/periph_common.a(spi.o)
                0x0000000008003722                spi_transfer_regs
 .text.iolist_size
                0x0000000008003758       0x10 /home/roman/RIOT/experiments/listener/bin/unwd-range-l1-r3/iolist.a(iolist.o)
                0x0000000008003758                iolist_size
 .text._callback_unlock_mutex
                0x0000000008003768        0x4 /home/roman/RIOT/experiments/listener/bin/unwd-range-l1-r3/lptimer.a(lptimer.o)
 .text._lptimer_spin
                0x000000000800376c       0x1e /home/roman/RIOT/experiments/listener/bin/unwd-range-l1-r3/lptimer.a(lptimer.o)
 *fill*         0x000000000800378a        0x2 
 .text._lptimer_tsleep
                0x000000000800378c       0x54 /home/roman/RIOT/experiments/listener/bin/unwd-range-l1-r3/lptimer.a(lptimer.o)
                0x000000000800378c                _lptimer_tsleep
 .text.stmclk_dbp_unlock
                0x00000000080037e0       0x10 /home/roman/RIOT/experiments/listener/bin/unwd-range-l1-r3/stm32_common.a(stmclk_common.o)
                0x00000000080037e0                stmclk_dbp_unlock
 .text.stmclk_dbp_lock
                0x00000000080037f0       0x10 /home/roman/RIOT/experiments/listener/bin/unwd-range-l1-r3/stm32_common.a(stmclk_common.o)
                0x00000000080037f0                stmclk_dbp_lock
 .text.stmclk_enable_lfclk
                0x0000000008003800       0x24 /home/roman/RIOT/experiments/listener/bin/unwd-range-l1-r3/stm32_common.a(stmclk_common.o)
                0x0000000008003800                stmclk_enable_lfclk
 .text.spi_init_pins
                0x0000000008003824       0x48 /home/roman/RIOT/experiments/listener/bin/unwd-range-l1-r3/stm32_common_periph.a(spi.o)
                0x0000000008003824                spi_init_pins
 .text.spi_init
                0x000000000800386c       0x44 /home/roman/RIOT/experiments/listener/bin/unwd-range-l1-r3/stm32_common_periph.a(spi.o)
                0x000000000800386c                spi_init
 .text.spi_init_cs
                0x00000000080038b0       0x64 /home/roman/RIOT/experiments/listener/bin/unwd-range-l1-r3/stm32_common_periph.a(spi.o)
                0x00000000080038b0                spi_init_cs
 .text.spi_acquire
                0x0000000008003914       0x7c /home/roman/RIOT/experiments/listener/bin/unwd-range-l1-r3/stm32_common_periph.a(spi.o)
                0x0000000008003914                spi_acquire
 .text.spi_release
                0x0000000008003990       0x28 /home/roman/RIOT/experiments/listener/bin/unwd-range-l1-r3/stm32_common_periph.a(spi.o)
                0x0000000008003990                spi_release
 .text.spi_transfer_bytes
                0x00000000080039b8       0xe8 /home/roman/RIOT/experiments/listener/bin/unwd-range-l1-r3/stm32_common_periph.a(spi.o)
                0x00000000080039b8                spi_transfer_bytes
 .text          0x0000000008003aa0      0x378 /opt/gcc-arm-none-eabi-9-2020-q2-update/bin/../lib/gcc/arm-none-eabi/9.3.1/thumb/v7-m/nofp/libgcc.a(_arm_addsubdf3.o)
                0x0000000008003aa0                __aeabi_drsub
                0x0000000008003aa8                __aeabi_dsub
                0x0000000008003aa8                __subdf3
                0x0000000008003aac                __adddf3
                0x0000000008003aac                __aeabi_dadd
                0x0000000008003d24                __aeabi_ui2d
                0x0000000008003d24                __floatunsidf
                0x0000000008003d44                __floatsidf
                0x0000000008003d44                __aeabi_i2d
                0x0000000008003d68                __extendsfdf2
                0x0000000008003d68                __aeabi_f2d
                0x0000000008003dac                __aeabi_ul2d
                0x0000000008003dac                __floatundidf
                0x0000000008003dbc                __floatdidf
                0x0000000008003dbc                __aeabi_l2d
 .text          0x0000000008003e18      0x424 /opt/gcc-arm-none-eabi-9-2020-q2-update/bin/../lib/gcc/arm-none-eabi/9.3.1/thumb/v7-m/nofp/libgcc.a(_arm_muldivdf3.o)
                0x0000000008003e18                __aeabi_dmul
                0x0000000008003e18                __muldf3
                0x000000000800406c                __aeabi_ddiv
                0x000000000800406c                __divdf3
 .text          0x000000000800423c       0x40 /opt/gcc-arm-none-eabi-9-2020-q2-update/bin/../lib/gcc/arm-none-eabi/9.3.1/thumb/v7-m/nofp/libgcc.a(_arm_fixunsdfsi.o)
                0x000000000800423c                __fixunsdfsi
                0x000000000800423c                __aeabi_d2uiz
 .text.__errno  0x000000000800427c        0xc /opt/gcc-arm-none-eabi-9-2020-q2-update/bin/../lib/gcc/arm-none-eabi/9.3.1/../../../../arm-none-eabi/lib/thumb/v7-m/nofp/libc_nano.a(lib_a-errno.o)
                0x000000000800427c                __errno
 .text.__libc_init_array
                0x0000000008004288       0x48 /opt/gcc-arm-none-eabi-9-2020-q2-update/bin/../lib/gcc/arm-none-eabi/9.3.1/../../../../arm-none-eabi/lib/thumb/v7-m/nofp/libc_nano.a(lib_a-init.o)
                0x0000000008004288                __libc_init_array
 .text.memcpy   0x00000000080042d0       0x1c /opt/gcc-arm-none-eabi-9-2020-q2-update/bin/../lib/gcc/arm-none-eabi/9.3.1/../../../../arm-none-eabi/lib/thumb/v7-m/nofp/libc_nano.a(lib_a-memcpy-stub.o)
                0x00000000080042d0                memcpy
 .text.printf   0x00000000080042ec       0x30 /opt/gcc-arm-none-eabi-9-2020-q2-update/bin/../lib/gcc/arm-none-eabi/9.3.1/../../../../arm-none-eabi/lib/thumb/v7-m/nofp/libc_nano.a(lib_a-printf.o)
                0x00000000080042ec                printf
                0x00000000080042ec                iprintf
 .text._puts_r  0x000000000800431c       0xdc /opt/gcc-arm-none-eabi-9-2020-q2-update/bin/../lib/gcc/arm-none-eabi/9.3.1/../../../../arm-none-eabi/lib/thumb/v7-m/nofp/libc_nano.a(lib_a-puts.o)
                0x000000000800431c                _puts_r
 .text.puts     0x00000000080043f8       0x10 /opt/gcc-arm-none-eabi-9-2020-q2-update/bin/../lib/gcc/arm-none-eabi/9.3.1/../../../../arm-none-eabi/lib/thumb/v7-m/nofp/libc_nano.a(lib_a-puts.o)
                0x00000000080043f8                puts
 .text.scanf    0x0000000008004408       0x30 /opt/gcc-arm-none-eabi-9-2020-q2-update/bin/../lib/gcc/arm-none-eabi/9.3.1/../../../../arm-none-eabi/lib/thumb/v7-m/nofp/libc_nano.a(lib_a-scanf.o)
                0x0000000008004408                iscanf
                0x0000000008004408                scanf
 .text.__swbuf_r
                0x0000000008004438       0xa4 /opt/gcc-arm-none-eabi-9-2020-q2-update/bin/../lib/gcc/arm-none-eabi/9.3.1/../../../../arm-none-eabi/lib/thumb/v7-m/nofp/libc_nano.a(lib_a-wbuf.o)
                0x0000000008004438                __swbuf_r
 .text.__swsetup_r
                0x00000000080044dc       0xdc /opt/gcc-arm-none-eabi-9-2020-q2-update/bin/../lib/gcc/arm-none-eabi/9.3.1/../../../../arm-none-eabi/lib/thumb/v7-m/nofp/libc_nano.a(lib_a-wsetup.o)
                0x00000000080044dc                __swsetup_r
 .text.__sflush_r
                0x00000000080045b8      0x10c /opt/gcc-arm-none-eabi-9-2020-q2-update/bin/../lib/gcc/arm-none-eabi/9.3.1/../../../../arm-none-eabi/lib/thumb/v7-m/nofp/libc_nano.a(lib_a-fflush.o)
                0x00000000080045b8                __sflush_r
 .text._fflush_r
                0x00000000080046c4       0x78 /opt/gcc-arm-none-eabi-9-2020-q2-update/bin/../lib/gcc/arm-none-eabi/9.3.1/../../../../arm-none-eabi/lib/thumb/v7-m/nofp/libc_nano.a(lib_a-fflush.o)
                0x00000000080046c4                _fflush_r
 .text.fflush   0x000000000800473c       0x24 /opt/gcc-arm-none-eabi-9-2020-q2-update/bin/../lib/gcc/arm-none-eabi/9.3.1/../../../../arm-none-eabi/lib/thumb/v7-m/nofp/libc_nano.a(lib_a-fflush.o)
                0x000000000800473c                fflush
 .text.std      0x0000000008004760       0x48 /opt/gcc-arm-none-eabi-9-2020-q2-update/bin/../lib/gcc/arm-none-eabi/9.3.1/../../../../arm-none-eabi/lib/thumb/v7-m/nofp/libc_nano.a(lib_a-findfp.o)
 .text._cleanup_r
                0x00000000080047a8        0xc /opt/gcc-arm-none-eabi-9-2020-q2-update/bin/../lib/gcc/arm-none-eabi/9.3.1/../../../../arm-none-eabi/lib/thumb/v7-m/nofp/libc_nano.a(lib_a-findfp.o)
                0x00000000080047a8                _cleanup_r
 .text.__sfmoreglue
                0x00000000080047b4       0x2c /opt/gcc-arm-none-eabi-9-2020-q2-update/bin/../lib/gcc/arm-none-eabi/9.3.1/../../../../arm-none-eabi/lib/thumb/v7-m/nofp/libc_nano.a(lib_a-findfp.o)
                0x00000000080047b4                __sfmoreglue
 .text.__sfp_lock_acquire
                0x00000000080047e0        0xc /opt/gcc-arm-none-eabi-9-2020-q2-update/bin/../lib/gcc/arm-none-eabi/9.3.1/../../../../arm-none-eabi/lib/thumb/v7-m/nofp/libc_nano.a(lib_a-findfp.o)
                0x00000000080047e0                __sfp_lock_acquire
 .text.__sfp_lock_release
                0x00000000080047ec        0xc /opt/gcc-arm-none-eabi-9-2020-q2-update/bin/../lib/gcc/arm-none-eabi/9.3.1/../../../../arm-none-eabi/lib/thumb/v7-m/nofp/libc_nano.a(lib_a-findfp.o)
                0x00000000080047ec                __sfp_lock_release
 .text.__sinit_lock_acquire
                0x00000000080047f8        0xc /opt/gcc-arm-none-eabi-9-2020-q2-update/bin/../lib/gcc/arm-none-eabi/9.3.1/../../../../arm-none-eabi/lib/thumb/v7-m/nofp/libc_nano.a(lib_a-findfp.o)
                0x00000000080047f8                __sinit_lock_acquire
 .text.__sinit_lock_release
                0x0000000008004804        0xc /opt/gcc-arm-none-eabi-9-2020-q2-update/bin/../lib/gcc/arm-none-eabi/9.3.1/../../../../arm-none-eabi/lib/thumb/v7-m/nofp/libc_nano.a(lib_a-findfp.o)
                0x0000000008004804                __sinit_lock_release
 .text.__sinit  0x0000000008004810       0x70 /opt/gcc-arm-none-eabi-9-2020-q2-update/bin/../lib/gcc/arm-none-eabi/9.3.1/../../../../arm-none-eabi/lib/thumb/v7-m/nofp/libc_nano.a(lib_a-findfp.o)
                0x0000000008004810                __sinit
 .text.__sfp    0x0000000008004880       0x8c /opt/gcc-arm-none-eabi-9-2020-q2-update/bin/../lib/gcc/arm-none-eabi/9.3.1/../../../../arm-none-eabi/lib/thumb/v7-m/nofp/libc_nano.a(lib_a-findfp.o)
                0x0000000008004880                __sfp
 .text._fwalk   0x000000000800490c       0x3a /opt/gcc-arm-none-eabi-9-2020-q2-update/bin/../lib/gcc/arm-none-eabi/9.3.1/../../../../arm-none-eabi/lib/thumb/v7-m/nofp/libc_nano.a(lib_a-fwalk.o)
                0x000000000800490c                _fwalk
 .text._fwalk_reent
                0x0000000008004946       0x3e /opt/gcc-arm-none-eabi-9-2020-q2-update/bin/../lib/gcc/arm-none-eabi/9.3.1/../../../../arm-none-eabi/lib/thumb/v7-m/nofp/libc_nano.a(lib_a-fwalk.o)
                0x0000000008004946                _fwalk_reent
 .text.__retarget_lock_init_recursive
                0x0000000008004984        0x2 /opt/gcc-arm-none-eabi-9-2020-q2-update/bin/../lib/gcc/arm-none-eabi/9.3.1/../../../../arm-none-eabi/lib/thumb/v7-m/nofp/libc_nano.a(lib_a-lock.o)
                0x0000000008004984                __retarget_lock_init_recursive
 .text.__retarget_lock_acquire_recursive
                0x0000000008004986        0x2 /opt/gcc-arm-none-eabi-9-2020-q2-update/bin/../lib/gcc/arm-none-eabi/9.3.1/../../../../arm-none-eabi/lib/thumb/v7-m/nofp/libc_nano.a(lib_a-lock.o)
                0x0000000008004986                __retarget_lock_acquire_recursive
 .text.__retarget_lock_release_recursive
                0x0000000008004988        0x2 /opt/gcc-arm-none-eabi-9-2020-q2-update/bin/../lib/gcc/arm-none-eabi/9.3.1/../../../../arm-none-eabi/lib/thumb/v7-m/nofp/libc_nano.a(lib_a-lock.o)
                0x0000000008004988                __retarget_lock_release_recursive
 .text.__swhatbuf_r
                0x000000000800498a       0x48 /opt/gcc-arm-none-eabi-9-2020-q2-update/bin/../lib/gcc/arm-none-eabi/9.3.1/../../../../arm-none-eabi/lib/thumb/v7-m/nofp/libc_nano.a(lib_a-makebuf.o)
                0x000000000800498a                __swhatbuf_r
 *fill*         0x00000000080049d2        0x2 
 .text.__smakebuf_r
                0x00000000080049d4       0x80 /opt/gcc-arm-none-eabi-9-2020-q2-update/bin/../lib/gcc/arm-none-eabi/9.3.1/../../../../arm-none-eabi/lib/thumb/v7-m/nofp/libc_nano.a(lib_a-makebuf.o)
                0x00000000080049d4                __smakebuf_r
 .text.memset   0x0000000008004a54       0x10 /opt/gcc-arm-none-eabi-9-2020-q2-update/bin/../lib/gcc/arm-none-eabi/9.3.1/../../../../arm-none-eabi/lib/thumb/v7-m/nofp/libc_nano.a(lib_a-memset.o)
                0x0000000008004a54                memset
 .text._free_r  0x0000000008004a64       0x98 /opt/gcc-arm-none-eabi-9-2020-q2-update/bin/../lib/gcc/arm-none-eabi/9.3.1/../../../../arm-none-eabi/lib/thumb/v7-m/nofp/libc_nano.a(lib_a-nano-freer.o)
                0x0000000008004a64                _free_r
 .text._malloc_r
                0x0000000008004afc       0xb4 /opt/gcc-arm-none-eabi-9-2020-q2-update/bin/../lib/gcc/arm-none-eabi/9.3.1/../../../../arm-none-eabi/lib/thumb/v7-m/nofp/libc_nano.a(lib_a-nano-mallocr.o)
                0x0000000008004afc                _malloc_r
 .text.__sfputc_r
                0x0000000008004bb0       0x2a /opt/gcc-arm-none-eabi-9-2020-q2-update/bin/../lib/gcc/arm-none-eabi/9.3.1/../../../../arm-none-eabi/lib/thumb/v7-m/nofp/libc_nano.a(lib_a-nano-vfprintf.o)
 .text.__sfputs_r
                0x0000000008004bda       0x24 /opt/gcc-arm-none-eabi-9-2020-q2-update/bin/../lib/gcc/arm-none-eabi/9.3.1/../../../../arm-none-eabi/lib/thumb/v7-m/nofp/libc_nano.a(lib_a-nano-vfprintf.o)
                0x0000000008004bda                __sfputs_r
 *fill*         0x0000000008004bfe        0x2 
 .text._vfprintf_r
                0x0000000008004c00      0x260 /opt/gcc-arm-none-eabi-9-2020-q2-update/bin/../lib/gcc/arm-none-eabi/9.3.1/../../../../arm-none-eabi/lib/thumb/v7-m/nofp/libc_nano.a(lib_a-nano-vfprintf.o)
                0x0000000008004c00                _vfiprintf_r
                0x0000000008004c00                _vfprintf_r
 .text._printf_common
                0x0000000008004e60       0xde /opt/gcc-arm-none-eabi-9-2020-q2-update/bin/../lib/gcc/arm-none-eabi/9.3.1/../../../../arm-none-eabi/lib/thumb/v7-m/nofp/libc_nano.a(lib_a-nano-vfprintf_i.o)
                0x0000000008004e60                _printf_common
 *fill*         0x0000000008004f3e        0x2 
 .text._printf_i
                0x0000000008004f40      0x24c /opt/gcc-arm-none-eabi-9-2020-q2-update/bin/../lib/gcc/arm-none-eabi/9.3.1/../../../../arm-none-eabi/lib/thumb/v7-m/nofp/libc_nano.a(lib_a-nano-vfprintf_i.o)
                0x0000000008004f40                _printf_i
 .text.__svfscanf_r
                0x000000000800518c      0x348 /opt/gcc-arm-none-eabi-9-2020-q2-update/bin/../lib/gcc/arm-none-eabi/9.3.1/../../../../arm-none-eabi/lib/thumb/v7-m/nofp/libc_nano.a(lib_a-nano-vfscanf.o)
                0x000000000800518c                __svfiscanf_r
                0x000000000800518c                __svfscanf_r
 .text._vfscanf_r
                0x00000000080054d4       0x50 /opt/gcc-arm-none-eabi-9-2020-q2-update/bin/../lib/gcc/arm-none-eabi/9.3.1/../../../../arm-none-eabi/lib/thumb/v7-m/nofp/libc_nano.a(lib_a-nano-vfscanf.o)
                0x00000000080054d4                _vfiscanf_r
                0x00000000080054d4                _vfscanf_r
 .text._scanf_chars
                0x0000000008005524       0xb0 /opt/gcc-arm-none-eabi-9-2020-q2-update/bin/../lib/gcc/arm-none-eabi/9.3.1/../../../../arm-none-eabi/lib/thumb/v7-m/nofp/libc_nano.a(lib_a-nano-vfscanf_i.o)
                0x0000000008005524                _scanf_chars
 .text._scanf_i
                0x00000000080055d4      0x1e4 /opt/gcc-arm-none-eabi-9-2020-q2-update/bin/../lib/gcc/arm-none-eabi/9.3.1/../../../../arm-none-eabi/lib/thumb/v7-m/nofp/libc_nano.a(lib_a-nano-vfscanf_i.o)
                0x00000000080055d4                _scanf_i
 .text.lflush   0x00000000080057b8       0x12 /opt/gcc-arm-none-eabi-9-2020-q2-update/bin/../lib/gcc/arm-none-eabi/9.3.1/../../../../arm-none-eabi/lib/thumb/v7-m/nofp/libc_nano.a(lib_a-refill.o)
 *fill*         0x00000000080057ca        0x2 
 .text.__srefill_r
                0x00000000080057cc      0x118 /opt/gcc-arm-none-eabi-9-2020-q2-update/bin/../lib/gcc/arm-none-eabi/9.3.1/../../../../arm-none-eabi/lib/thumb/v7-m/nofp/libc_nano.a(lib_a-refill.o)
                0x00000000080057cc                __srefill_r
 .text.__sccl   0x00000000080058e4       0x74 /opt/gcc-arm-none-eabi-9-2020-q2-update/bin/../lib/gcc/arm-none-eabi/9.3.1/../../../../arm-none-eabi/lib/thumb/v7-m/nofp/libc_nano.a(lib_a-sccl.o)
                0x00000000080058e4                __sccl
 .text.__sread  0x0000000008005958       0x22 /opt/gcc-arm-none-eabi-9-2020-q2-update/bin/../lib/gcc/arm-none-eabi/9.3.1/../../../../arm-none-eabi/lib/thumb/v7-m/nofp/libc_nano.a(lib_a-stdio.o)
                0x0000000008005958                __sread
 .text.__swrite
                0x000000000800597a       0x38 /opt/gcc-arm-none-eabi-9-2020-q2-update/bin/../lib/gcc/arm-none-eabi/9.3.1/../../../../arm-none-eabi/lib/thumb/v7-m/nofp/libc_nano.a(lib_a-stdio.o)
                0x000000000800597a                __swrite
 .text.__sseek  0x00000000080059b2       0x24 /opt/gcc-arm-none-eabi-9-2020-q2-update/bin/../lib/gcc/arm-none-eabi/9.3.1/../../../../arm-none-eabi/lib/thumb/v7-m/nofp/libc_nano.a(lib_a-stdio.o)
                0x00000000080059b2                __sseek
 .text.__sclose
                0x00000000080059d6        0x8 /opt/gcc-arm-none-eabi-9-2020-q2-update/bin/../lib/gcc/arm-none-eabi/9.3.1/../../../../arm-none-eabi/lib/thumb/v7-m/nofp/libc_nano.a(lib_a-stdio.o)
                0x00000000080059d6                __sclose
 *fill*         0x00000000080059de        0x2 
 .text._strtol_l.isra.0
                0x00000000080059e0      0x10c /opt/gcc-arm-none-eabi-9-2020-q2-update/bin/../lib/gcc/arm-none-eabi/9.3.1/../../../../arm-none-eabi/lib/thumb/v7-m/nofp/libc_nano.a(lib_a-strtol.o)
 .text._strtol_r
                0x0000000008005aec        0x4 /opt/gcc-arm-none-eabi-9-2020-q2-update/bin/../lib/gcc/arm-none-eabi/9.3.1/../../../../arm-none-eabi/lib/thumb/v7-m/nofp/libc_nano.a(lib_a-strtol.o)
                0x0000000008005aec                _strtol_r
 .text._strtoul_l.isra.0
                0x0000000008005af0       0xf8 /opt/gcc-arm-none-eabi-9-2020-q2-update/bin/../lib/gcc/arm-none-eabi/9.3.1/../../../../arm-none-eabi/lib/thumb/v7-m/nofp/libc_nano.a(lib_a-strtoul.o)
 .text._strtoul_r
                0x0000000008005be8        0x4 /opt/gcc-arm-none-eabi-9-2020-q2-update/bin/../lib/gcc/arm-none-eabi/9.3.1/../../../../arm-none-eabi/lib/thumb/v7-m/nofp/libc_nano.a(lib_a-strtoul.o)
                0x0000000008005be8                _strtoul_r
 .text.__submore
                0x0000000008005bec       0x70 /opt/gcc-arm-none-eabi-9-2020-q2-update/bin/../lib/gcc/arm-none-eabi/9.3.1/../../../../arm-none-eabi/lib/thumb/v7-m/nofp/libc_nano.a(lib_a-ungetc.o)
                0x0000000008005bec                __submore
 .text._ungetc_r
                0x0000000008005c5c      0x130 /opt/gcc-arm-none-eabi-9-2020-q2-update/bin/../lib/gcc/arm-none-eabi/9.3.1/../../../../arm-none-eabi/lib/thumb/v7-m/nofp/libc_nano.a(lib_a-ungetc.o)
                0x0000000008005c5c                _ungetc_r
 .text.memchr   0x0000000008005d8c       0x1c /opt/gcc-arm-none-eabi-9-2020-q2-update/bin/../lib/gcc/arm-none-eabi/9.3.1/../../../../arm-none-eabi/lib/thumb/v7-m/nofp/libc_nano.a(lib_a-memchr-stub.o)
                0x0000000008005d8c                memchr
 .text.__malloc_lock
                0x0000000008005da8        0xc /opt/gcc-arm-none-eabi-9-2020-q2-update/bin/../lib/gcc/arm-none-eabi/9.3.1/../../../../arm-none-eabi/lib/thumb/v7-m/nofp/libc_nano.a(lib_a-mlock.o)
                0x0000000008005da8                __malloc_lock
 .text.__malloc_unlock
                0x0000000008005db4        0xc /opt/gcc-arm-none-eabi-9-2020-q2-update/bin/../lib/gcc/arm-none-eabi/9.3.1/../../../../arm-none-eabi/lib/thumb/v7-m/nofp/libc_nano.a(lib_a-mlock.o)
                0x0000000008005db4                __malloc_unlock
 .text._realloc_r
                0x0000000008005dc0       0x4c /opt/gcc-arm-none-eabi-9-2020-q2-update/bin/../lib/gcc/arm-none-eabi/9.3.1/../../../../arm-none-eabi/lib/thumb/v7-m/nofp/libc_nano.a(lib_a-nano-reallocr.o)
                0x0000000008005dc0                _realloc_r
 .text._malloc_usable_size_r
                0x0000000008005e0c       0x10 /opt/gcc-arm-none-eabi-9-2020-q2-update/bin/../lib/gcc/arm-none-eabi/9.3.1/../../../../arm-none-eabi/lib/thumb/v7-m/nofp/libc_nano.a(lib_a-nano-msizer.o)
                0x0000000008005e0c                _malloc_usable_size_r
 *(.glue_7t)
 .glue_7t       0x0000000008005e1c        0x0 linker stubs
 *(.glue_7)
 .glue_7        0x0000000008005e1c        0x0 linker stubs
 *(.rodata .rodata* .gnu.linkonce.r.*)
 .rodata.nmi_default.str1.1
                0x0000000008005e1c        0xc /home/roman/RIOT/experiments/listener/bin/unwd-range-l1-r3/cortexm_common.a(vectors_cortexm.o)
 .rodata.mem_manage_default.str1.1
                0x0000000008005e28       0x13 /home/roman/RIOT/experiments/listener/bin/unwd-range-l1-r3/cortexm_common.a(vectors_cortexm.o)
 .rodata.bus_fault_default.str1.1
                0x0000000008005e3b       0x12 /home/roman/RIOT/experiments/listener/bin/unwd-range-l1-r3/cortexm_common.a(vectors_cortexm.o)
 .rodata.usage_fault_default.str1.1
                0x0000000008005e4d       0x14 /home/roman/RIOT/experiments/listener/bin/unwd-range-l1-r3/cortexm_common.a(vectors_cortexm.o)
 .rodata.debug_mon_default.str1.1
                0x0000000008005e61       0x12 /home/roman/RIOT/experiments/listener/bin/unwd-range-l1-r3/cortexm_common.a(vectors_cortexm.o)
 .rodata.dummy_handler_default.str1.1
                0x0000000008005e73        0xe /home/roman/RIOT/experiments/listener/bin/unwd-range-l1-r3/cortexm_common.a(vectors_cortexm.o)
 .rodata.hard_fault_handler.str1.1
                0x0000000008005e81      0x1f4 /home/roman/RIOT/experiments/listener/bin/unwd-range-l1-r3/cortexm_common.a(vectors_cortexm.o)
 *fill*         0x0000000008006075        0x3 
 .rodata.uart_config
                0x0000000008006078       0x48 /home/roman/RIOT/experiments/listener/bin/unwd-range-l1-r3/stm32_common_periph.a(uart.o)
 .rodata.uart_config
                0x00000000080060c0       0x48 /home/roman/RIOT/experiments/listener/bin/unwd-range-l1-r3/stm32_common_periph.a(pm.o)
 .rodata.core_panic.str1.1
                0x0000000008006108       0x2e /home/roman/RIOT/experiments/listener/bin/unwd-range-l1-r3/core.a(panic.o)
 .rodata.assert_crash_message
                0x0000000008006136       0x12 /home/roman/RIOT/experiments/listener/bin/unwd-range-l1-r3/core.a(panic.o)
                0x0000000008006136                assert_crash_message
 .rodata.main_trampoline.str1.1
                0x0000000008006148       0x30 /home/roman/RIOT/experiments/listener/bin/unwd-range-l1-r3/core.a(kernel_init.o)
 .rodata.str1.1
                0x0000000008006178        0xa /home/roman/RIOT/experiments/listener/bin/unwd-range-l1-r3/core.a(kernel_init.o)
 .rodata.apbmul
                0x0000000008006182        0x2 /home/roman/RIOT/experiments/listener/bin/unwd-range-l1-r3/stm32_common.a(cpu_common.o)
 .rodata.CSWTCH.1
                0x0000000008006184       0x22 /home/roman/RIOT/experiments/listener/bin/unwd-range-l1-r3/stm32_common.a(stm_status.o)
 *fill*         0x00000000080061a6        0x2 
 .rodata.timer_config
                0x00000000080061a8       0x20 /home/roman/RIOT/experiments/listener/bin/unwd-range-l1-r3/stm32_common_periph.a(timer.o)
 .rodata.isr_thread.str1.1
                0x00000000080061c8       0x1b /home/roman/RIOT/experiments/listener/bin/unwd-range-l1-r3/application_vemac-listener.a(main.o)
 .rodata.sx127x_handler.str1.1
                0x00000000080061e3       0x89 /home/roman/RIOT/experiments/listener/bin/unwd-range-l1-r3/application_vemac-listener.a(main.o)
 .rodata.main.str1.1
                0x000000000800626c       0x99 /home/roman/RIOT/experiments/listener/bin/unwd-range-l1-r3/application_vemac-listener.a(main.o)
 *fill*         0x0000000008006305        0x3 
 .rodata.sx127x_params
                0x0000000008006308       0x30 /home/roman/RIOT/experiments/listener/bin/unwd-range-l1-r3/application_vemac-listener.a(main.o)
 .rodata._send.str1.1
                0x0000000008006338       0x21 /home/roman/RIOT/experiments/listener/bin/unwd-range-l1-r3/sx127x.a(sx127x_netdev.o)
 *fill*         0x0000000008006359        0x3 
 .rodata.sx127x_driver
                0x000000000800635c       0x18 /home/roman/RIOT/experiments/listener/bin/unwd-range-l1-r3/sx127x.a(sx127x_netdev.o)
                0x000000000800635c                sx127x_driver
 .rodata.sx127x_check_version.str1.1
                0x0000000008006374       0x7c /home/roman/RIOT/experiments/listener/bin/unwd-range-l1-r3/sx127x.a(sx127x_internal.o)
 .rodata.spi_config
                0x00000000080063f0       0x40 /home/roman/RIOT/experiments/listener/bin/unwd-range-l1-r3/stm32_common_periph.a(spi.o)
 .rodata.spi_divtable
                0x0000000008006430        0xa /home/roman/RIOT/experiments/listener/bin/unwd-range-l1-r3/stm32_common_periph.a(spi.o)
 *fill*         0x000000000800643a        0x2 
 .rodata._global_impure_ptr
                0x000000000800643c        0x4 /opt/gcc-arm-none-eabi-9-2020-q2-update/bin/../lib/gcc/arm-none-eabi/9.3.1/../../../../arm-none-eabi/lib/thumb/v7-m/nofp/libc_nano.a(lib_a-impure.o)
                0x000000000800643c                _global_impure_ptr
 .rodata.__sf_fake_stderr
                0x0000000008006440       0x20 /opt/gcc-arm-none-eabi-9-2020-q2-update/bin/../lib/gcc/arm-none-eabi/9.3.1/../../../../arm-none-eabi/lib/thumb/v7-m/nofp/libc_nano.a(lib_a-findfp.o)
                0x0000000008006440                __sf_fake_stderr
 .rodata.__sf_fake_stdin
                0x0000000008006460       0x20 /opt/gcc-arm-none-eabi-9-2020-q2-update/bin/../lib/gcc/arm-none-eabi/9.3.1/../../../../arm-none-eabi/lib/thumb/v7-m/nofp/libc_nano.a(lib_a-findfp.o)
                0x0000000008006460                __sf_fake_stdin
 .rodata.__sf_fake_stdout
                0x0000000008006480       0x20 /opt/gcc-arm-none-eabi-9-2020-q2-update/bin/../lib/gcc/arm-none-eabi/9.3.1/../../../../arm-none-eabi/lib/thumb/v7-m/nofp/libc_nano.a(lib_a-findfp.o)
                0x0000000008006480                __sf_fake_stdout
 .rodata._vfprintf_r.str1.1
                0x00000000080064a0       0x11 /opt/gcc-arm-none-eabi-9-2020-q2-update/bin/../lib/gcc/arm-none-eabi/9.3.1/../../../../arm-none-eabi/lib/thumb/v7-m/nofp/libc_nano.a(lib_a-nano-vfprintf.o)
 .rodata._printf_i.str1.1
                0x00000000080064b1       0x22 /opt/gcc-arm-none-eabi-9-2020-q2-update/bin/../lib/gcc/arm-none-eabi/9.3.1/../../../../arm-none-eabi/lib/thumb/v7-m/nofp/libc_nano.a(lib_a-nano-vfprintf_i.o)
 .rodata.__svfscanf_r.str1.1
                0x00000000080064d3        0x4 /opt/gcc-arm-none-eabi-9-2020-q2-update/bin/../lib/gcc/arm-none-eabi/9.3.1/../../../../arm-none-eabi/lib/thumb/v7-m/nofp/libc_nano.a(lib_a-nano-vfscanf.o)
 .rodata.str1.1
                0x00000000080064d3        0x9 /opt/gcc-arm-none-eabi-9-2020-q2-update/bin/../lib/gcc/arm-none-eabi/9.3.1/../../../../arm-none-eabi/lib/thumb/v7-m/nofp/libc_nano.a(lib_a-nano-vfscanf_i.o)
 .rodata._scanf_i.str1.1
                0x00000000080064dc       0x12 /opt/gcc-arm-none-eabi-9-2020-q2-update/bin/../lib/gcc/arm-none-eabi/9.3.1/../../../../arm-none-eabi/lib/thumb/v7-m/nofp/libc_nano.a(lib_a-nano-vfscanf_i.o)
 *fill*         0x00000000080064ee        0x2 
 .rodata        0x00000000080064f0        0xc /opt/gcc-arm-none-eabi-9-2020-q2-update/bin/../lib/gcc/arm-none-eabi/9.3.1/../../../../arm-none-eabi/lib/thumb/v7-m/nofp/libc_nano.a(lib_a-nano-vfscanf_i.o)
 .rodata._ctype_
                0x00000000080064fc      0x101 /opt/gcc-arm-none-eabi-9-2020-q2-update/bin/../lib/gcc/arm-none-eabi/9.3.1/../../../../arm-none-eabi/lib/thumb/v7-m/nofp/libc_nano.a(lib_a-ctype_.o)
                0x00000000080064fc                _ctype_
 *(.ARM.extab* .gnu.linkonce.armextab.*)
                0x0000000008006600                . = ALIGN (0x4)
 *fill*         0x00000000080065fd        0x3 
 *(.init)
                0x0000000008006600                . = ALIGN (0x4)
                0x0000000008006600                __preinit_array_start = .
 *(.preinit_array)
                0x0000000008006600                __preinit_array_end = .
                0x0000000008006600                . = ALIGN (0x4)
                0x0000000008006600                __init_array_start = .
 *(SORT_BY_NAME(.init_array.*))
 *(.init_array)
                0x0000000008006600                __init_array_end = .
                0x0000000008006600                . = ALIGN (0x4)
 *crtbegin.o(.ctors)
 *(EXCLUDE_FILE(*crtend.o) .ctors)
 *(SORT_BY_NAME(.ctors.*))
 *crtend.o(.ctors)
                0x0000000008006600                . = ALIGN (0x4)
 *(.fini)
                0x0000000008006600                . = ALIGN (0x4)
                0x0000000008006600                __fini_array_start = .
 *(.fini_array)
 *(SORT_BY_NAME(.fini_array.*))
                0x0000000008006600                __fini_array_end = .
 *crtbegin.o(.dtors)
 *(EXCLUDE_FILE(*crtend.o) .dtors)
 *(SORT_BY_NAME(.dtors.*))
 *crtend.o(.dtors)
                0x0000000008006600                . = ALIGN (0x4)
                0x0000000008006600                _efixed = .
                [!provide]                        PROVIDE (__exidx_start = .)

.vfp11_veneer   0x0000000008006600        0x0
 .vfp11_veneer  0x0000000008006600        0x0 linker stubs

.v4_bx          0x0000000008006600        0x0
 .v4_bx         0x0000000008006600        0x0 linker stubs

.iplt           0x0000000008006600        0x0
 .iplt          0x0000000008006600        0x0 /home/roman/RIOT/experiments/listener/bin/unwd-range-l1-r3/cpu/vectors.o

.igot.plt       0x0000000008006600        0x0
 .igot.plt      0x0000000008006600        0x0 /home/roman/RIOT/experiments/listener/bin/unwd-range-l1-r3/cpu/vectors.o

.rel.dyn        0x0000000008006600        0x0
 .rel.iplt      0x0000000008006600        0x0 /home/roman/RIOT/experiments/listener/bin/unwd-range-l1-r3/cpu/vectors.o

.ARM.exidx
 *(.ARM.exidx* .gnu.linkonce.armexidx.*)
                [!provide]                        PROVIDE (__exidx_end = .)
                0x0000000008006600                . = ALIGN (0x4)

.eh_frame
 *(.eh_frame)
                0x0000000008006600                . = ALIGN (0x4)
                0x0000000008006600                _etext = .

.stack          0x0000000020000000      0x200
 *(.puf)
                0x0000000020000000                . = ALIGN (0x8)
                0x0000000020000000                _sstack = .
 *(.isr_stack)
 .isr_stack     0x0000000020000000      0x200 /home/roman/RIOT/experiments/listener/bin/unwd-range-l1-r3/cortexm_common.a(vectors_cortexm.o)
                0x0000000020000000                isr_stack
                0x0000000020000200                . = ALIGN (0x8)
                0x0000000020000200                _estack = .

.relocate       0x0000000020000200       0x8c load address 0x0000000008006600
                0x0000000020000200                . = ALIGN (0x4)
                0x0000000020000200                _srelocate = .
 *(.ramfunc .ramfunc.*)
 *(.data .data.*)
 .data.heap_top
                0x0000000020000200        0x4 /home/roman/RIOT/experiments/listener/bin/unwd-range-l1-r3/newlib_syscalls_default/syscalls.o
                0x0000000020000200                heap_top
 .data.stdio_uart_isrpipe
                0x0000000020000204       0x14 /home/roman/RIOT/experiments/listener/bin/unwd-range-l1-r3/stdio_uart.a(stdio_uart.o)
                0x0000000020000204                stdio_uart_isrpipe
 .data.idle_name
                0x0000000020000218        0x4 /home/roman/RIOT/experiments/listener/bin/unwd-range-l1-r3/core.a(kernel_init.o)
                0x0000000020000218                idle_name
 .data.main_name
                0x000000002000021c        0x4 /home/roman/RIOT/experiments/listener/bin/unwd-range-l1-r3/core.a(kernel_init.o)
                0x000000002000021c                main_name
 .data.pm_blocker
                0x0000000020000220        0x4 /home/roman/RIOT/experiments/listener/bin/unwd-range-l1-r3/pm_layered.a(pm.o)
                0x0000000020000220                pm_blocker
 .data._impure_ptr
                0x0000000020000224        0x4 /opt/gcc-arm-none-eabi-9-2020-q2-update/bin/../lib/gcc/arm-none-eabi/9.3.1/../../../../arm-none-eabi/lib/thumb/v7-m/nofp/libc_nano.a(lib_a-impure.o)
                0x0000000020000224                _impure_ptr
 .data.impure_data
                0x0000000020000228       0x60 /opt/gcc-arm-none-eabi-9-2020-q2-update/bin/../lib/gcc/arm-none-eabi/9.3.1/../../../../arm-none-eabi/lib/thumb/v7-m/nofp/libc_nano.a(lib_a-impure.o)
 *(.openocd .openocd.*)
 .openocd       0x0000000020000288        0x2 /home/roman/RIOT/experiments/listener/bin/unwd-range-l1-r3/core.a(sched.o)
                0x0000000020000288                _tcb_name_offset
                0x0000000020000289                max_threads
                0x000000002000028c                . = ALIGN (0x4)
 *fill*         0x000000002000028a        0x2 
                0x000000002000028c                _erelocate = .

.noinit         0x000000002000028c        0x0 load address 0x000000000800668c
                0x000000002000028c                __noinit_start = .
 *(.noinit)
                0x000000002000028c                . = ALIGN (0x4)
                0x000000002000028c                __noinit_end = .

.bss            0x000000002000028c     0x18c8 load address 0x000000000800668c
                0x000000002000028c                . = ALIGN (0x4)
                0x000000002000028c                _sbss = .
                0x000000002000028c                _szero = .
 *(.bss .bss.*)
 .bss.runqueue_bitcache
                0x000000002000028c        0x4 /home/roman/RIOT/experiments/listener/bin/unwd-range-l1-r3/core.a(sched.o)
 .bss.sched_active_pid
                0x0000000020000290        0x2 /home/roman/RIOT/experiments/listener/bin/unwd-range-l1-r3/core.a(sched.o)
                0x0000000020000290                sched_active_pid
 *fill*         0x0000000020000292        0x2 
 .bss.sched_active_thread
                0x0000000020000294        0x4 /home/roman/RIOT/experiments/listener/bin/unwd-range-l1-r3/core.a(sched.o)
                0x0000000020000294                sched_active_thread
 .bss.sched_context_switch_request
                0x0000000020000298        0x4 /home/roman/RIOT/experiments/listener/bin/unwd-range-l1-r3/core.a(sched.o)
                0x0000000020000298                sched_context_switch_request
 .bss.sched_num_threads
                0x000000002000029c        0x4 /home/roman/RIOT/experiments/listener/bin/unwd-range-l1-r3/core.a(sched.o)
                0x000000002000029c                sched_num_threads
 .bss.sched_runqueues
                0x00000000200002a0       0x40 /home/roman/RIOT/experiments/listener/bin/unwd-range-l1-r3/core.a(sched.o)
                0x00000000200002a0                sched_runqueues
 .bss.sched_threads
                0x00000000200002e0       0x84 /home/roman/RIOT/experiments/listener/bin/unwd-range-l1-r3/core.a(sched.o)
                0x00000000200002e0                sched_threads
 .bss._rx_buf_mem
                0x0000000020000364       0x40 /home/roman/RIOT/experiments/listener/bin/unwd-range-l1-r3/stdio_uart.a(stdio_uart.o)
 .bss.isr_ctx   0x00000000200003a4       0x24 /home/roman/RIOT/experiments/listener/bin/unwd-range-l1-r3/stm32_common_periph.a(uart.o)
 .bss.lpm_gpio_brr
                0x00000000200003c8       0x10 /home/roman/RIOT/experiments/listener/bin/unwd-range-l1-r3/stm32_common_periph.a(pm.o)
 .bss.lpm_gpio_moder
                0x00000000200003d8       0x20 /home/roman/RIOT/experiments/listener/bin/unwd-range-l1-r3/stm32_common_periph.a(pm.o)
 .bss.lpm_gpio_otyper
                0x00000000200003f8       0x10 /home/roman/RIOT/experiments/listener/bin/unwd-range-l1-r3/stm32_common_periph.a(pm.o)
 .bss.lpm_gpio_pupdr
                0x0000000020000408       0x20 /home/roman/RIOT/experiments/listener/bin/unwd-range-l1-r3/stm32_common_periph.a(pm.o)
 .bss.lpm_usart
                0x0000000020000428        0x3 /home/roman/RIOT/experiments/listener/bin/unwd-range-l1-r3/stm32_common_periph.a(pm.o)
 .bss.powermode
                0x000000002000042b        0x1 /home/roman/RIOT/experiments/listener/bin/unwd-range-l1-r3/stm32_common_periph.a(pm.o)
 .bss.isr_ctx   0x000000002000042c       0x80 /home/roman/RIOT/experiments/listener/bin/unwd-range-l1-r3/stm32_common_periph.a(gpio.o)
 .bss._in_handler
                0x00000000200004ac        0x4 /home/roman/RIOT/experiments/listener/bin/unwd-range-l1-r3/xtimer.a(xtimer_core.o)
 .bss._long_cnt
                0x00000000200004b0        0x4 /home/roman/RIOT/experiments/listener/bin/unwd-range-l1-r3/xtimer.a(xtimer_core.o)
 .bss._xtimer_high_cnt
                0x00000000200004b4        0x4 /home/roman/RIOT/experiments/listener/bin/unwd-range-l1-r3/xtimer.a(xtimer_core.o)
                0x00000000200004b4                _xtimer_high_cnt
 .bss.long_list_head
                0x00000000200004b8        0x4 /home/roman/RIOT/experiments/listener/bin/unwd-range-l1-r3/xtimer.a(xtimer_core.o)
 .bss.overflow_list_head
                0x00000000200004bc        0x4 /home/roman/RIOT/experiments/listener/bin/unwd-range-l1-r3/xtimer.a(xtimer_core.o)
 .bss.timer_list_head
                0x00000000200004c0        0x4 /home/roman/RIOT/experiments/listener/bin/unwd-range-l1-r3/xtimer.a(xtimer_core.o)
 .bss.crashed   0x00000000200004c4        0x4 /home/roman/RIOT/experiments/listener/bin/unwd-range-l1-r3/core.a(panic.o)
 .bss.idle_stack
                0x00000000200004c8      0x100 /home/roman/RIOT/experiments/listener/bin/unwd-range-l1-r3/core.a(kernel_init.o)
 .bss.main_stack
                0x00000000200005c8      0xc00 /home/roman/RIOT/experiments/listener/bin/unwd-range-l1-r3/core.a(kernel_init.o)
 .bss.clock_source_rdy
                0x00000000200011c8        0x4 /home/roman/RIOT/experiments/listener/bin/unwd-range-l1-r3/stm32_common.a(stmclk_l0l1.o)
 .bss.cpu_status
                0x00000000200011cc       0x28 /home/roman/RIOT/experiments/listener/bin/unwd-range-l1-r3/stm32_common.a(stm_status.o)
                0x00000000200011cc                cpu_status
 .bss.isr_ctx   0x00000000200011f4       0x10 /home/roman/RIOT/experiments/listener/bin/unwd-range-l1-r3/stm32_common_periph.a(timer.o)
 .bss._msg_q.7454
                0x0000000020001204       0x80 /home/roman/RIOT/experiments/listener/bin/unwd-range-l1-r3/application_vemac-listener.a(main.o)
 .bss.count_of_message
                0x0000000020001284        0x4 /home/roman/RIOT/experiments/listener/bin/unwd-range-l1-r3/application_vemac-listener.a(main.o)
                0x0000000020001284                count_of_message
 .bss.isr_pid   0x0000000020001288        0x2 /home/roman/RIOT/experiments/listener/bin/unwd-range-l1-r3/application_vemac-listener.a(main.o)
 .bss.isr_stack
                0x000000002000128a      0x800 /home/roman/RIOT/experiments/listener/bin/unwd-range-l1-r3/application_vemac-listener.a(main.o)
 *fill*         0x0000000020001a8a        0x2 
 .bss.sx127x    0x0000000020001a8c       0x8c /home/roman/RIOT/experiments/listener/bin/unwd-range-l1-r3/application_vemac-listener.a(main.o)
 .bss._in_handler
                0x0000000020001b18        0x4 /home/roman/RIOT/experiments/listener/bin/unwd-range-l1-r3/lptimer.a(lptimer_core.o)
 .bss._long_cnt
                0x0000000020001b1c        0x4 /home/roman/RIOT/experiments/listener/bin/unwd-range-l1-r3/lptimer.a(lptimer_core.o)
 .bss._lptimer_high_cnt
                0x0000000020001b20        0x4 /home/roman/RIOT/experiments/listener/bin/unwd-range-l1-r3/lptimer.a(lptimer_core.o)
                0x0000000020001b20                _lptimer_high_cnt
 .bss.long_list_head
                0x0000000020001b24        0x4 /home/roman/RIOT/experiments/listener/bin/unwd-range-l1-r3/lptimer.a(lptimer_core.o)
 .bss.overflow_list_head
                0x0000000020001b28        0x4 /home/roman/RIOT/experiments/listener/bin/unwd-range-l1-r3/lptimer.a(lptimer_core.o)
 .bss.timer_list_head
                0x0000000020001b2c        0x4 /home/roman/RIOT/experiments/listener/bin/unwd-range-l1-r3/lptimer.a(lptimer_core.o)
 .bss.arg_a     0x0000000020001b30        0x4 /home/roman/RIOT/experiments/listener/bin/unwd-range-l1-r3/stm32_common_periph.a(rtt.o)
                0x0000000020001b30                arg_a
 .bss.cb_a      0x0000000020001b34        0x4 /home/roman/RIOT/experiments/listener/bin/unwd-range-l1-r3/stm32_common_periph.a(rtt.o)
                0x0000000020001b34                cb_a
 .bss.locks     0x0000000020001b38        0x8 /home/roman/RIOT/experiments/listener/bin/unwd-range-l1-r3/stm32_common_periph.a(spi.o)
 .bss.__malloc_free_list
                0x0000000020001b40        0x4 /opt/gcc-arm-none-eabi-9-2020-q2-update/bin/../lib/gcc/arm-none-eabi/9.3.1/../../../../arm-none-eabi/lib/thumb/v7-m/nofp/libc_nano.a(lib_a-nano-mallocr.o)
                0x0000000020001b40                __malloc_free_list
 .bss.__malloc_sbrk_start
                0x0000000020001b44        0x4 /opt/gcc-arm-none-eabi-9-2020-q2-update/bin/../lib/gcc/arm-none-eabi/9.3.1/../../../../arm-none-eabi/lib/thumb/v7-m/nofp/libc_nano.a(lib_a-nano-mallocr.o)
                0x0000000020001b44                __malloc_sbrk_start
 *(COMMON)
 COMMON         0x0000000020001b48        0x9 /opt/gcc-arm-none-eabi-9-2020-q2-update/bin/../lib/gcc/arm-none-eabi/9.3.1/../../../../arm-none-eabi/lib/thumb/v7-m/nofp/libc_nano.a(lib_a-lock.o)
                0x0000000020001b48                __lock___atexit_recursive_mutex
                0x0000000020001b49                __lock___arc4random_mutex
                0x0000000020001b4a                __lock___env_recursive_mutex
                0x0000000020001b4b                __lock___sinit_recursive_mutex
                0x0000000020001b4c                __lock___malloc_recursive_mutex
                0x0000000020001b4d                __lock___at_quick_exit_mutex
                0x0000000020001b4e                __lock___dd_hash_mutex
                0x0000000020001b4f                __lock___tz_mutex
                0x0000000020001b50                __lock___sfp_recursive_mutex
                0x0000000020001b54                . = ALIGN (0x4)
 *fill*         0x0000000020001b51        0x3 
                0x0000000020001b54                _ebss = .
                0x0000000020001b54                _ezero = .
                0x0000000020001b54                . = ALIGN (0x4)
                0x0000000020001b54                _sheap = .
                0x0000000020014000                _eheap = (ORIGIN (ram) + LENGTH (ram))
                0x0000000020000000                _sram = ORIGIN (ram)
                0x0000000020014000                _eram = (ORIGIN (ram) + LENGTH (ram))
OUTPUT(/home/roman/RIOT/experiments/listener/bin/unwd-range-l1-r3/vemac-listener.elf elf32-littlearm)
LOAD linker stubs

.debug_info     0x0000000000000000    0x47955
 .debug_info    0x0000000000000000      0x105 /home/roman/RIOT/experiments/listener/bin/unwd-range-l1-r3/cpu/vectors.o
 .debug_info    0x0000000000000105     0x257c /home/roman/RIOT/experiments/listener/bin/unwd-range-l1-r3/newlib_syscalls_default/syscalls.o
 .debug_info    0x0000000000002681      0xfe5 /home/roman/RIOT/experiments/listener/bin/unwd-range-l1-r3/core.a(sched.o)
 .debug_info    0x0000000000003666     0x1243 /home/roman/RIOT/experiments/listener/bin/unwd-range-l1-r3/cortexm_common.a(thread_arch.o)
 .debug_info    0x00000000000048a9     0x1722 /home/roman/RIOT/experiments/listener/bin/unwd-range-l1-r3/cortexm_common.a(vectors_cortexm.o)
 .debug_info    0x0000000000005fcb      0xf2b /home/roman/RIOT/experiments/listener/bin/unwd-range-l1-r3/cortexm_common.a(irq_arch.o)
 .debug_info    0x0000000000006ef6     0x1c75 /home/roman/RIOT/experiments/listener/bin/unwd-range-l1-r3/stdio_uart.a(stdio_uart.o)
 .debug_info    0x0000000000008b6b     0x2667 /home/roman/RIOT/experiments/listener/bin/unwd-range-l1-r3/stm32_common_periph.a(uart.o)
 .debug_info    0x000000000000b1d2     0x237c /home/roman/RIOT/experiments/listener/bin/unwd-range-l1-r3/stm32_common_periph.a(pm.o)
 .debug_info    0x000000000000d54e     0x29bd /home/roman/RIOT/experiments/listener/bin/unwd-range-l1-r3/stm32_common_periph.a(gpio.o)
 .debug_info    0x000000000000ff0b     0x2a72 /home/roman/RIOT/experiments/listener/bin/unwd-range-l1-r3/xtimer.a(xtimer_core.o)
 .debug_info    0x000000000001297d     0x1abb /home/roman/RIOT/experiments/listener/bin/unwd-range-l1-r3/boards_common_unwd.a(board.o)
 .debug_info    0x0000000000014438      0xf52 /home/roman/RIOT/experiments/listener/bin/unwd-range-l1-r3/core.a(panic.o)
 .debug_info    0x000000000001538a      0xfc4 /home/roman/RIOT/experiments/listener/bin/unwd-range-l1-r3/core.a(kernel_init.o)
 .debug_info    0x000000000001634e     0x13d2 /home/roman/RIOT/experiments/listener/bin/unwd-range-l1-r3/core.a(thread.o)
 .debug_info    0x0000000000017720     0x1589 /home/roman/RIOT/experiments/listener/bin/unwd-range-l1-r3/cortexm_common.a(cortexm_init.o)
 .debug_info    0x0000000000018ca9     0x2141 /home/roman/RIOT/experiments/listener/bin/unwd-range-l1-r3/isrpipe.a(isrpipe.o)
 .debug_info    0x000000000001adea      0xf6e /home/roman/RIOT/experiments/listener/bin/unwd-range-l1-r3/pm_layered.a(pm.o)
 .debug_info    0x000000000001bd58     0x1d13 /home/roman/RIOT/experiments/listener/bin/unwd-range-l1-r3/stm32_common.a(cpu_init.o)
 .debug_info    0x000000000001da6b     0x1d45 /home/roman/RIOT/experiments/listener/bin/unwd-range-l1-r3/stm32_common.a(stmclk_l0l1.o)
 .debug_info    0x000000000001f7b0     0x1cda /home/roman/RIOT/experiments/listener/bin/unwd-range-l1-r3/stm32_common.a(cpu_common.o)
 .debug_info    0x000000000002148a     0x1c19 /home/roman/RIOT/experiments/listener/bin/unwd-range-l1-r3/stm32_common.a(stm_status.o)
 .debug_info    0x00000000000230a3     0x24bb /home/roman/RIOT/experiments/listener/bin/unwd-range-l1-r3/stm32_common_periph.a(timer.o)
 .debug_info    0x000000000002555e      0x434 /home/roman/RIOT/experiments/listener/bin/unwd-range-l1-r3/tsrb.a(tsrb.o)
 .debug_info    0x0000000000025992       0x3c /home/roman/RIOT/experiments/listener/bin/unwd-range-l1-r3/periph_common.a(init.o)
 .debug_info    0x00000000000259ce     0x2b7e /home/roman/RIOT/experiments/listener/bin/unwd-range-l1-r3/application_vemac-listener.a(main.o)
 .debug_info    0x000000000002854c     0x1a6a /home/roman/RIOT/experiments/listener/bin/unwd-range-l1-r3/auto_init.a(auto_init.o)
 .debug_info    0x0000000000029fb6     0x105f /home/roman/RIOT/experiments/listener/bin/unwd-range-l1-r3/core.a(mutex.o)
 .debug_info    0x000000000002b015     0x1ad0 /home/roman/RIOT/experiments/listener/bin/unwd-range-l1-r3/core.a(msg.o)
 .debug_info    0x000000000002cae5     0x2b6e /home/roman/RIOT/experiments/listener/bin/unwd-range-l1-r3/lptimer.a(lptimer_core.o)
 .debug_info    0x000000000002f653     0x23de /home/roman/RIOT/experiments/listener/bin/unwd-range-l1-r3/stm32_common_periph.a(rtt.o)
 .debug_info    0x0000000000031a31     0x3462 /home/roman/RIOT/experiments/listener/bin/unwd-range-l1-r3/sx127x.a(sx127x_netdev.o)