Archive member included to satisfy reference by file (symbol)

/home/roman/RIOT/experiment_1/sender/bin/unwd-range-l1-r3/core.a(sched.o)
                              /home/roman/RIOT/experiment_1/sender/bin/unwd-range-l1-r3/newlib_syscalls_default/syscalls.o (sched_active_pid)
/home/roman/RIOT/experiment_1/sender/bin/unwd-range-l1-r3/cortexm_common.a(thread_arch.o)
                              /home/roman/RIOT/experiment_1/sender/bin/unwd-range-l1-r3/core.a(sched.o) (cpu_switch_context_exit)
/home/roman/RIOT/experiment_1/sender/bin/unwd-range-l1-r3/cortexm_common.a(vectors_cortexm.o)
                              /home/roman/RIOT/experiment_1/sender/bin/unwd-range-l1-r3/cpu/vectors.o (dummy_handler_default)
/home/roman/RIOT/experiment_1/sender/bin/unwd-range-l1-r3/cortexm_common.a(irq_arch.o)
                              /home/roman/RIOT/experiment_1/sender/bin/unwd-range-l1-r3/newlib_syscalls_default/syscalls.o (irq_disable)
/home/roman/RIOT/experiment_1/sender/bin/unwd-range-l1-r3/div.a(div.o)
                              /home/roman/RIOT/experiment_1/sender/bin/unwd-range-l1-r3/newlib_syscalls_default/syscalls.o (_div_mulhi64)
/home/roman/RIOT/experiment_1/sender/bin/unwd-range-l1-r3/stdio_uart.a(stdio_uart.o)
                              /home/roman/RIOT/experiment_1/sender/bin/unwd-range-l1-r3/newlib_syscalls_default/syscalls.o (stdio_init)
/home/roman/RIOT/experiment_1/sender/bin/unwd-range-l1-r3/stm32_common_periph.a(uart.o)
                              /home/roman/RIOT/experiment_1/sender/bin/unwd-range-l1-r3/stdio_uart.a(stdio_uart.o) (uart_write)
/home/roman/RIOT/experiment_1/sender/bin/unwd-range-l1-r3/stm32_common_periph.a(pm.o)
                              /home/roman/RIOT/experiment_1/sender/bin/unwd-range-l1-r3/newlib_syscalls_default/syscalls.o (pm_off)
/home/roman/RIOT/experiment_1/sender/bin/unwd-range-l1-r3/stm32_common_periph.a(gpio.o)
                              /home/roman/RIOT/experiment_1/sender/bin/unwd-range-l1-r3/stm32_common_periph.a(uart.o) (gpio_init)
/home/roman/RIOT/experiment_1/sender/bin/unwd-range-l1-r3/xtimer.a(xtimer_core.o)
                              /home/roman/RIOT/experiment_1/sender/bin/unwd-range-l1-r3/newlib_syscalls_default/syscalls.o (_xtimer_now64)
/home/roman/RIOT/experiment_1/sender/bin/unwd-range-l1-r3/boards_common_unwd.a(board.o)
                              /home/roman/RIOT/experiment_1/sender/bin/unwd-range-l1-r3/cortexm_common.a(vectors_cortexm.o) (board_init)
/home/roman/RIOT/experiment_1/sender/bin/unwd-range-l1-r3/core.a(panic.o)
                              /home/roman/RIOT/experiment_1/sender/bin/unwd-range-l1-r3/cortexm_common.a(vectors_cortexm.o) (core_panic)
/home/roman/RIOT/experiment_1/sender/bin/unwd-range-l1-r3/core.a(kernel_init.o)
                              /home/roman/RIOT/experiment_1/sender/bin/unwd-range-l1-r3/cortexm_common.a(vectors_cortexm.o) (kernel_init)
/home/roman/RIOT/experiment_1/sender/bin/unwd-range-l1-r3/core.a(thread.o)
                              /home/roman/RIOT/experiment_1/sender/bin/unwd-range-l1-r3/core.a(kernel_init.o) (thread_create)
/home/roman/RIOT/experiment_1/sender/bin/unwd-range-l1-r3/cortexm_common.a(cortexm_init.o)
                              /home/roman/RIOT/experiment_1/sender/bin/unwd-range-l1-r3/stm32_common_periph.a(pm.o) (cpu_check_address)
/home/roman/RIOT/experiment_1/sender/bin/unwd-range-l1-r3/isrpipe.a(isrpipe.o)
                              /home/roman/RIOT/experiment_1/sender/bin/unwd-range-l1-r3/stdio_uart.a(stdio_uart.o) (isrpipe_write_one)
/home/roman/RIOT/experiment_1/sender/bin/unwd-range-l1-r3/pm_layered.a(pm.o)
                              /home/roman/RIOT/experiment_1/sender/bin/unwd-range-l1-r3/core.a(kernel_init.o) (pm_set_lowest)
/home/roman/RIOT/experiment_1/sender/bin/unwd-range-l1-r3/stm32_common.a(cpu_init.o)
                              /home/roman/RIOT/experiment_1/sender/bin/unwd-range-l1-r3/boards_common_unwd.a(board.o) (cpu_init)
/home/roman/RIOT/experiment_1/sender/bin/unwd-range-l1-r3/stm32_common.a(stmclk_l0l1.o)
                              /home/roman/RIOT/experiment_1/sender/bin/unwd-range-l1-r3/stm32_common_periph.a(pm.o) (stmclk_init_sysclk)
/home/roman/RIOT/experiment_1/sender/bin/unwd-range-l1-r3/stm32_common.a(cpu_common.o)
                              /home/roman/RIOT/experiment_1/sender/bin/unwd-range-l1-r3/stm32_common_periph.a(uart.o) (periph_apb_clk)
/home/roman/RIOT/experiment_1/sender/bin/unwd-range-l1-r3/stm32_common.a(stm_status.o)
                              /home/roman/RIOT/experiment_1/sender/bin/unwd-range-l1-r3/stm32_common.a(cpu_init.o) (cpu_init_status)
/home/roman/RIOT/experiment_1/sender/bin/unwd-range-l1-r3/stm32_common_periph.a(timer.o)
                              /home/roman/RIOT/experiment_1/sender/bin/unwd-range-l1-r3/xtimer.a(xtimer_core.o) (timer_set_absolute)
/home/roman/RIOT/experiment_1/sender/bin/unwd-range-l1-r3/tsrb.a(tsrb.o)
[...]
Memory Configuration

Name             Origin             Length             Attributes
ccmram           0x0000000010000000 0x0000000000000000
rom              0x0000000008000000 0x0000000000080000 xr
ram              0x0000000020000000 0x0000000000014000 w !xr
*default*        0x0000000000000000 0xffffffffffffffff

Linker script and memory map

LOAD /home/roman/RIOT/experiment_1/sender/bin/unwd-range-l1-r3/cpu/vectors.o
LOAD /home/roman/RIOT/experiment_1/sender/bin/unwd-range-l1-r3/newlib_syscalls_default/syscalls.o
START GROUP
LOAD /home/roman/RIOT/experiment_1/sender/bin/unwd-range-l1-r3/application_vemac.a
LOAD /home/roman/RIOT/experiment_1/sender/bin/unwd-range-l1-r3/auto_init.a
LOAD /home/roman/RIOT/experiment_1/sender/bin/unwd-range-l1-r3/board.a
LOAD /home/roman/RIOT/experiment_1/sender/bin/unwd-range-l1-r3/boards_common_unwd.a
LOAD /home/roman/RIOT/experiment_1/sender/bin/unwd-range-l1-r3/core.a
LOAD /home/roman/RIOT/experiment_1/sender/bin/unwd-range-l1-r3/cortexm_common.a
LOAD /home/roman/RIOT/experiment_1/sender/bin/unwd-range-l1-r3/cortexm_common_periph.a
LOAD /home/roman/RIOT/experiment_1/sender/bin/unwd-range-l1-r3/cpu.a
LOAD /home/roman/RIOT/experiment_1/sender/bin/unwd-range-l1-r3/crypto.a
LOAD /home/roman/RIOT/experiment_1/sender/bin/unwd-range-l1-r3/div.a
LOAD /home/roman/RIOT/experiment_1/sender/bin/unwd-range-l1-r3/iolist.a
LOAD /home/roman/RIOT/experiment_1/sender/bin/unwd-range-l1-r3/isrpipe.a
LOAD /home/roman/RIOT/experiment_1/sender/bin/unwd-range-l1-r3/lptimer.a
LOAD /home/roman/RIOT/experiment_1/sender/bin/unwd-range-l1-r3/newlib_syscalls_default.a
LOAD /home/roman/RIOT/experiment_1/sender/bin/unwd-range-l1-r3/periph.a
LOAD /home/roman/RIOT/experiment_1/sender/bin/unwd-range-l1-r3/pm_layered.a
LOAD /home/roman/RIOT/experiment_1/sender/bin/unwd-range-l1-r3/stdio_uart.a
LOAD /home/roman/RIOT/experiment_1/sender/bin/unwd-range-l1-r3/stm32_common.a
LOAD /home/roman/RIOT/experiment_1/sender/bin/unwd-range-l1-r3/stm32_common_periph.a
LOAD /home/roman/RIOT/experiment_1/sender/bin/unwd-range-l1-r3/sx127x.a
LOAD /home/roman/RIOT/experiment_1/sender/bin/unwd-range-l1-r3/sys.a
LOAD /home/roman/RIOT/experiment_1/sender/bin/unwd-range-l1-r3/tsrb.a
LOAD /home/roman/RIOT/experiment_1/sender/bin/unwd-range-l1-r3/xtimer.a
LOAD /home/roman/RIOT/experiment_1/sender/bin/unwd-range-l1-r3/periph_common.a
LOAD /opt/gcc-arm-none-eabi-9-2020-q2-update/bin/../lib/gcc/arm-none-eabi/9.3.1/../../../../arm-none-eabi/lib/thumb/v7-m/nofp/libm.a
END GROUP
LOAD /opt/gcc-arm-none-eabi-9-2020-q2-update/bin/../lib/gcc/arm-none-eabi/9.3.1/thumb/v7-m/nofp/libgcc.a
                0x0000000008000000                _rom_start_addr = 0x8000000
                0x0000000020000000                _ram_start_addr = 0x20000000
                0x0000000000080000                _rom_length = 0x80000
                0x0000000000014000                _ram_length = 0x14000
LOAD /opt/gcc-arm-none-eabi-9-2020-q2-update/bin/../lib/gcc/arm-none-eabi/9.3.1/../../../../arm-none-eabi/lib/thumb/v7-m/nofp/libc_nano.a
START GROUP
LOAD /opt/gcc-arm-none-eabi-9-2020-q2-update/bin/../lib/gcc/arm-none-eabi/9.3.1/thumb/v7-m/nofp/libgcc.a
LOAD /opt/gcc-arm-none-eabi-9-2020-q2-update/bin/../lib/gcc/arm-none-eabi/9.3.1/../../../../arm-none-eabi/lib/thumb/v7-m/nofp/libg_nano.a
LOAD /opt/gcc-arm-none-eabi-9-2020-q2-update/bin/../lib/gcc/arm-none-eabi/9.3.1/../../../../arm-none-eabi/lib/thumb/v7-m/nofp/libc_nano.a
END GROUP
START GROUP
LOAD /opt/gcc-arm-none-eabi-9-2020-q2-update/bin/../lib/gcc/arm-none-eabi/9.3.1/thumb/v7-m/nofp/libgcc.a
LOAD /opt/gcc-arm-none-eabi-9-2020-q2-update/bin/../lib/gcc/arm-none-eabi/9.3.1/../../../../arm-none-eabi/lib/thumb/v7-m/nofp/libc_nano.a
END GROUP
                0x0000000000000000                ccmram_length = DEFINED (ccmram_len)?ccmram_len:0x0
                0x0000000000000000                _rom_offset = DEFINED (_rom_offset)?_rom_offset:0x0
                0x0000000000080000                _fw_rom_length = DEFINED (_fw_rom_length)?_fw_rom_length:(_rom_length - _rom_offset)
                0x0000000000000001                ASSERT ((_fw_rom_length <= (_rom_length - _rom_offset)), Specified firmware size does not fit in ROM)

.text           0x0000000008000000     0x588c
                0x0000000008000000                . = ALIGN (0x4)
                0x0000000008000000                _sfixed = .
                0x0000000008000000                _isr_vectors = DEFINED (_isr_vectors)?_isr_vectors:.
 *(SORT_BY_NAME(.vectors*))
 .vectors.0     0x0000000008000000       0x40 /home/roman/RIOT/experiment_1/sender/bin/unwd-range-l1-r3/cortexm_common.a(vectors_cortexm.o)
                0x0000000008000000                cortex_vector_base
 .vectors.1     0x0000000008000040       0xe4 /home/roman/RIOT/experiment_1/sender/bin/unwd-range-l1-r3/cpu/vectors.o
                0x0000000008000040                vector_cpu
 *(.text .text.* .gnu.linkonce.t.*)
 .text.dummy_handler
                0x0000000008000124        0x4 /home/roman/RIOT/experiment_1/sender/bin/unwd-range-l1-r3/cpu/vectors.o
                0x0000000008000124                isr_pvd
                0x0000000008000124                isr_rtc_wkup
                0x0000000008000124                isr_comp_acq
                0x0000000008000124                isr_tim10
                0x0000000008000124                isr_dac
                0x0000000008000124                isr_dma2_ch5
                0x0000000008000124                isr_dma1_ch2
                0x0000000008000124                isr_tim7
                0x0000000008000124                isr_tim5
                0x0000000008000124                isr_i2c1_ev
                0x0000000008000124                isr_dma1_ch7
                0x0000000008000124                isr_tim4
                0x0000000008000124                isr_dma1_ch3
                0x0000000008000124                isr_dma2_ch3
                0x0000000008000124                isr_tim2
                0x0000000008000124                isr_sdio
                0x0000000008000124                isr_spi2
                0x0000000008000124                dummy_handler
                0x0000000008000124                isr_usb_hp
                0x0000000008000124                isr_aes
                0x0000000008000124                isr_dma2_ch4
                0x0000000008000124                isr_dma1_ch1
                0x0000000008000124                isr_comp
                0x0000000008000124                isr_dma1_ch6
                0x0000000008000124                isr_spi1
                0x0000000008000124                isr_tim6
                0x0000000008000124                isr_usb_lp
                0x0000000008000124                isr_rcc
                0x0000000008000124                isr_flash
                0x0000000008000124                isr_uart5
                0x0000000008000124                isr_dma2_ch2
                0x0000000008000124                isr_adc1
                0x0000000008000124                isr_uart4
                0x0000000008000124                isr_i2c2_er
                0x0000000008000124                isr_usb_fs_wkup
                0x0000000008000124                isr_dma2_ch1
                0x0000000008000124                isr_spi3
                0x0000000008000124                isr_lcd
                0x0000000008000124                isr_tim3
                0x0000000008000124                isr_dma1_ch5
                0x0000000008000124                isr_dma1_ch4
                0x0000000008000124                isr_i2c2_ev
                0x0000000008000124                isr_tamper_stamp
                0x0000000008000124                isr_i2c1_er
                0x0000000008000124                isr_wwdg
 .text._init    0x0000000008000128        0x4 /home/roman/RIOT/experiment_1/sender/bin/unwd-range-l1-r3/newlib_syscalls_default/syscalls.o
                0x0000000008000128                _init
 .text._fini    0x000000000800012c        0x2 /home/roman/RIOT/experiment_1/sender/bin/unwd-range-l1-r3/newlib_syscalls_default/syscalls.o
                0x000000000800012c                _fini
 *fill*         0x000000000800012e        0x2 
 .text._sbrk_r  0x0000000008000130       0x3c /home/roman/RIOT/experiment_1/sender/bin/unwd-range-l1-r3/newlib_syscalls_default/syscalls.o
                0x0000000008000130                _sbrk_r
 .text._read_r  0x000000000800016c        0x8 /home/roman/RIOT/experiment_1/sender/bin/unwd-range-l1-r3/newlib_syscalls_default/syscalls.o
                0x000000000800016c                _read_r
 .text._write_r
                0x0000000008000174        0x8 /home/roman/RIOT/experiment_1/sender/bin/unwd-range-l1-r3/newlib_syscalls_default/syscalls.o
                0x0000000008000174                _write_r
 .text._close_r
                0x000000000800017c        0xa /home/roman/RIOT/experiment_1/sender/bin/unwd-range-l1-r3/newlib_syscalls_default/syscalls.o
                0x000000000800017c                _close_r
 .text._lseek_r
                0x0000000008000186        0xa /home/roman/RIOT/experiment_1/sender/bin/unwd-range-l1-r3/newlib_syscalls_default/syscalls.o
                0x0000000008000186                _lseek_r
 .text._fstat_r
                0x0000000008000190        0xa /home/roman/RIOT/experiment_1/sender/bin/unwd-range-l1-r3/newlib_syscalls_default/syscalls.o
                0x0000000008000190                _fstat_r
 .text._isatty_r
                0x000000000800019a        0xe /home/roman/RIOT/experiment_1/sender/bin/unwd-range-l1-r3/newlib_syscalls_default/syscalls.o
                0x000000000800019a                _isatty_r
 .text.sched_run
                0x00000000080001a8       0x64 /home/roman/RIOT/experiment_1/sender/bin/unwd-range-l1-r3/core.a(sched.o)
                0x00000000080001a8                sched_run
 .text.sched_set_status
                0x000000000800020c       0x80 /home/roman/RIOT/experiment_1/sender/bin/unwd-range-l1-r3/core.a(sched.o)
                0x000000000800020c                sched_set_status
 .text.sched_switch
                0x000000000800028c       0x30 /home/roman/RIOT/experiment_1/sender/bin/unwd-range-l1-r3/core.a(sched.o)
                0x000000000800028c                sched_switch
 .text.sched_task_exit
                0x00000000080002bc       0x3c /home/roman/RIOT/experiment_1/sender/bin/unwd-range-l1-r3/core.a(sched.o)
                0x00000000080002bc                sched_task_exit
 .text.thread_stack_init
                0x00000000080002f8       0x68 /home/roman/RIOT/experiment_1/sender/bin/unwd-range-l1-r3/cortexm_common.a(thread_arch.o)
                0x00000000080002f8                thread_stack_init
 .text.cpu_switch_context_exit
                0x0000000008000360        0x8 /home/roman/RIOT/experiment_1/sender/bin/unwd-range-l1-r3/cortexm_common.a(thread_arch.o)
                0x0000000008000360                cpu_switch_context_exit
 .text.thread_yield_higher
                0x0000000008000368       0x10 /home/roman/RIOT/experiment_1/sender/bin/unwd-range-l1-r3/cortexm_common.a(thread_arch.o)
                0x0000000008000368                thread_yield_higher
 .text.isr_pendsv
                0x0000000008000378       0x1c /home/roman/RIOT/experiment_1/sender/bin/unwd-range-l1-r3/cortexm_common.a(thread_arch.o)
                0x0000000008000378                isr_pendsv
 .text.isr_svc  0x0000000008000394       0x1c /home/roman/RIOT/experiment_1/sender/bin/unwd-range-l1-r3/cortexm_common.a(thread_arch.o)
                0x0000000008000394                isr_svc
 .text.hard_fault_default
                0x00000000080003b0       0x44 /home/roman/RIOT/experiment_1/sender/bin/unwd-range-l1-r3/cortexm_common.a(vectors_cortexm.o)
                0x00000000080003b0                hard_fault_default
 .text.nmi_default
                0x00000000080003f4       0x10 /home/roman/RIOT/experiment_1/sender/bin/unwd-range-l1-r3/cortexm_common.a(vectors_cortexm.o)
                0x00000000080003f4                nmi_default
 .text.mem_manage_default
                0x0000000008000404       0x10 /home/roman/RIOT/experiment_1/sender/bin/unwd-range-l1-r3/cortexm_common.a(vectors_cortexm.o)
                0x0000000008000404                mem_manage_default
 .text.bus_fault_default
                0x0000000008000414       0x10 /home/roman/RIOT/experiment_1/sender/bin/unwd-range-l1-r3/cortexm_common.a(vectors_cortexm.o)
                0x0000000008000414                bus_fault_default
 .text.usage_fault_default
                0x0000000008000424       0x10 /home/roman/RIOT/experiment_1/sender/bin/unwd-range-l1-r3/cortexm_common.a(vectors_cortexm.o)
                0x0000000008000424                usage_fault_default
 .text.debug_mon_default
                0x0000000008000434       0x10 /home/roman/RIOT/experiment_1/sender/bin/unwd-range-l1-r3/cortexm_common.a(vectors_cortexm.o)
                0x0000000008000434                debug_mon_default
 .text.dummy_handler_default
                0x0000000008000444       0x10 /home/roman/RIOT/experiment_1/sender/bin/unwd-range-l1-r3/cortexm_common.a(vectors_cortexm.o)
                0x0000000008000444                dummy_handler_default
                0x0000000008000444                isr_systick
 .text.pre_startup
                0x0000000008000454        0x2 /home/roman/RIOT/experiment_1/sender/bin/unwd-range-l1-r3/cortexm_common.a(vectors_cortexm.o)
                0x0000000008000454                pre_startup
 .text.post_startup
                0x0000000008000456        0x2 /home/roman/RIOT/experiment_1/sender/bin/unwd-range-l1-r3/cortexm_common.a(vectors_cortexm.o)
                0x0000000008000456                post_startup
 .text.reset_handler_default
                0x0000000008000458       0x6c /home/roman/RIOT/experiment_1/sender/bin/unwd-range-l1-r3/cortexm_common.a(vectors_cortexm.o)
                0x0000000008000458                reset_handler_default
 .text.hard_fault_handler
                0x00000000080004c4      0x188 /home/roman/RIOT/experiment_1/sender/bin/unwd-range-l1-r3/cortexm_common.a(vectors_cortexm.o)
                0x00000000080004c4                hard_fault_handler
 .text.irq_disable
                0x000000000800064c        0x8 /home/roman/RIOT/experiment_1/sender/bin/unwd-range-l1-r3/cortexm_common.a(irq_arch.o)
                0x000000000800064c                irq_disable
 .text.irq_enable
                0x0000000008000654        0x8 /home/roman/RIOT/experiment_1/sender/bin/unwd-range-l1-r3/cortexm_common.a(irq_arch.o)
                0x0000000008000654                irq_enable
 .text.irq_restore
                0x000000000800065c        0x6 /home/roman/RIOT/experiment_1/sender/bin/unwd-range-l1-r3/cortexm_common.a(irq_arch.o)
                0x000000000800065c                irq_restore
 .text.irq_is_in
                0x0000000008000662        0x8 /home/roman/RIOT/experiment_1/sender/bin/unwd-range-l1-r3/cortexm_common.a(irq_arch.o)
                0x0000000008000662                irq_is_in
 *fill*         0x000000000800066a        0x2 
 .text.stdio_init
                0x000000000800066c       0x18 /home/roman/RIOT/experiment_1/sender/bin/unwd-range-l1-r3/stdio_uart.a(stdio_uart.o)
                0x000000000800066c                stdio_init
 .text.stdio_read
                0x0000000008000684       0x10 /home/roman/RIOT/experiment_1/sender/bin/unwd-range-l1-r3/stdio_uart.a(stdio_uart.o)
                0x0000000008000684                stdio_read
 .text.stdio_write
                0x0000000008000694       0x12 /home/roman/RIOT/experiment_1/sender/bin/unwd-range-l1-r3/stdio_uart.a(stdio_uart.o)
                0x0000000008000694                stdio_write
 *fill*         0x00000000080006a6        0x2 
 .text.irq_handler
                0x00000000080006a8       0x48 /home/roman/RIOT/experiment_1/sender/bin/unwd-range-l1-r3/stm32_common_periph.a(uart.o)
 .text.uart_set_baudrate
                0x00000000080006f0       0x8c /home/roman/RIOT/experiment_1/sender/bin/unwd-range-l1-r3/stm32_common_periph.a(uart.o)
                0x00000000080006f0                uart_set_baudrate
 .text.uart_write
                0x000000000800077c       0x44 /home/roman/RIOT/experiment_1/sender/bin/unwd-range-l1-r3/stm32_common_periph.a(uart.o)
                0x000000000800077c                uart_write
 .text.uart_poweron
                0x00000000080007c0       0x2c /home/roman/RIOT/experiment_1/sender/bin/unwd-range-l1-r3/stm32_common_periph.a(uart.o)
                0x00000000080007c0                uart_poweron
 .text.uart_init
                0x00000000080007ec       0xc0 /home/roman/RIOT/experiment_1/sender/bin/unwd-range-l1-r3/stm32_common_periph.a(uart.o)
                0x00000000080007ec                uart_init
 .text.isr_usart1
                0x00000000080008ac        0x6 /home/roman/RIOT/experiment_1/sender/bin/unwd-range-l1-r3/stm32_common_periph.a(uart.o)
                0x00000000080008ac                isr_usart1
 .text.isr_usart2
                0x00000000080008b2        0x6 /home/roman/RIOT/experiment_1/sender/bin/unwd-range-l1-r3/stm32_common_periph.a(uart.o)
                0x00000000080008b2                isr_usart2
 .text.isr_usart3
                0x00000000080008b8        0x6 /home/roman/RIOT/experiment_1/sender/bin/unwd-range-l1-r3/stm32_common_periph.a(uart.o)
                0x00000000080008b8                isr_usart3
 *fill*         0x00000000080008be        0x2 
 .text.pm_set   0x00000000080008c0      0x250 /home/roman/RIOT/experiment_1/sender/bin/unwd-range-l1-r3/stm32_common_periph.a(pm.o)
                0x00000000080008c0                pm_set
 .text.pm_off   0x0000000008000b10       0x14 /home/roman/RIOT/experiment_1/sender/bin/unwd-range-l1-r3/stm32_common_periph.a(pm.o)
                0x0000000008000b10                pm_off
 .text.gpio_init
                0x0000000008000b24       0x7a /home/roman/RIOT/experiment_1/sender/bin/unwd-range-l1-r3/stm32_common_periph.a(gpio.o)
                0x0000000008000b24                gpio_init
 .text.gpio_init_af
                0x0000000008000b9e       0x56 /home/roman/RIOT/experiment_1/sender/bin/unwd-range-l1-r3/stm32_common_periph.a(gpio.o)
                0x0000000008000b9e                gpio_init_af
 .text.gpio_irq_enable
                0x0000000008000bf4       0x44 /home/roman/RIOT/experiment_1/sender/bin/unwd-range-l1-r3/stm32_common_periph.a(gpio.o)
                0x0000000008000bf4                gpio_irq_enable
 .text.gpio_irq_disable
                0x0000000008000c38       0x44 /home/roman/RIOT/experiment_1/sender/bin/unwd-range-l1-r3/stm32_common_periph.a(gpio.o)
                0x0000000008000c38                gpio_irq_disable
 .text.gpio_set
                0x0000000008000c7c       0x16 /home/roman/RIOT/experiment_1/sender/bin/unwd-range-l1-r3/stm32_common_periph.a(gpio.o)
                0x0000000008000c7c                gpio_set
 .text.gpio_clear
                0x0000000008000c92       0x18 /home/roman/RIOT/experiment_1/sender/bin/unwd-range-l1-r3/stm32_common_periph.a(gpio.o)
                0x0000000008000c92                gpio_clear
 *fill*         0x0000000008000caa        0x2 
 .text.gpio_init_int
                0x0000000008000cac       0xc0 /home/roman/RIOT/experiment_1/sender/bin/unwd-range-l1-r3/stm32_common_periph.a(gpio.o)
                0x0000000008000cac                gpio_init_int
 .text.isr_exti
                0x0000000008000d6c       0x4c /home/roman/RIOT/experiment_1/sender/bin/unwd-range-l1-r3/stm32_common_periph.a(gpio.o)
                0x0000000008000d6c                isr_exti
 .text._xtimer_lltimer_now
                0x0000000008000db8        0x6 /home/roman/RIOT/experiment_1/sender/bin/unwd-range-l1-r3/xtimer.a(xtimer_core.o)
 *fill*         0x0000000008000dbe        0x2 
 .text._xtimer_now
                0x0000000008000dc0       0x18 /home/roman/RIOT/experiment_1/sender/bin/unwd-range-l1-r3/xtimer.a(xtimer_core.o)
 .text._lltimer_set
                0x0000000008000dd8       0x14 /home/roman/RIOT/experiment_1/sender/bin/unwd-range-l1-r3/xtimer.a(xtimer_core.o)
 .text._next_period
                0x0000000008000dec       0xc4 /home/roman/RIOT/experiment_1/sender/bin/unwd-range-l1-r3/xtimer.a(xtimer_core.o)
 .text._periph_timer_callback
                0x0000000008000eb0       0xe0 /home/roman/RIOT/experiment_1/sender/bin/unwd-range-l1-r3/xtimer.a(xtimer_core.o)
 .text.xtimer_init
                0x0000000008000f90       0x24 /home/roman/RIOT/experiment_1/sender/bin/unwd-range-l1-r3/xtimer.a(xtimer_core.o)
                0x0000000008000f90                xtimer_init
 .text.board_init
                0x0000000008000fb4       0x18 /home/roman/RIOT/experiment_1/sender/bin/unwd-range-l1-r3/boards_common_unwd.a(board.o)
                0x0000000008000fb4                board_init
 .text.panic_arch
                0x0000000008000fcc        0x2 /home/roman/RIOT/experiment_1/sender/bin/unwd-range-l1-r3/core.a(panic.o)
                0x0000000008000fcc                panic_arch
 *fill*         0x0000000008000fce        0x2 
 .text.core_panic
                0x0000000008000fd0       0x44 /home/roman/RIOT/experiment_1/sender/bin/unwd-range-l1-r3/core.a(panic.o)
                0x0000000008000fd0                core_panic
 .text.main_trampoline
                0x0000000008001014       0x18 /home/roman/RIOT/experiment_1/sender/bin/unwd-range-l1-r3/core.a(kernel_init.o)
 .text.idle_thread
                0x000000000800102c        0x8 /home/roman/RIOT/experiment_1/sender/bin/unwd-range-l1-r3/core.a(kernel_init.o)
 .text.kernel_init
                0x0000000008001034       0x58 /home/roman/RIOT/experiment_1/sender/bin/unwd-range-l1-r3/core.a(kernel_init.o)
                0x0000000008001034                kernel_init
 .text.thread_add_to_list
                0x000000000800108c       0x30 /home/roman/RIOT/experiment_1/sender/bin/unwd-range-l1-r3/core.a(thread.o)
                0x000000000800108c                thread_add_to_list
 .text.thread_create
                0x00000000080010bc       0xf8 /home/roman/RIOT/experiment_1/sender/bin/unwd-range-l1-r3/core.a(thread.o)
                0x00000000080010bc                thread_create
 .text.cpu_check_address
                0x00000000080011b4       0x38 /home/roman/RIOT/experiment_1/sender/bin/unwd-range-l1-r3/cortexm_common.a(cortexm_init.o)
                0x00000000080011b4                cpu_check_address
 .text.cpu_find_memory_size
                0x00000000080011ec       0x1e /home/roman/RIOT/experiment_1/sender/bin/unwd-range-l1-r3/cortexm_common.a(cortexm_init.o)
                0x00000000080011ec                cpu_find_memory_size
 *fill*         0x000000000800120a        0x2 
 .text.cortexm_init
                0x000000000800120c       0x40 /home/roman/RIOT/experiment_1/sender/bin/unwd-range-l1-r3/cortexm_common.a(cortexm_init.o)
                0x000000000800120c                cortexm_init
 .text.isrpipe_write_one
                0x000000000800124c       0x16 /home/roman/RIOT/experiment_1/sender/bin/unwd-range-l1-r3/isrpipe.a(isrpipe.o)
                0x000000000800124c                isrpipe_write_one
 .text.isrpipe_read
                0x0000000008001262       0x24 /home/roman/RIOT/experiment_1/sender/bin/unwd-range-l1-r3/isrpipe.a(isrpipe.o)
                0x0000000008001262                isrpipe_read
 *fill*         0x0000000008001286        0x2 
 .text.pm_set_lowest
                0x0000000008001288       0x40 /home/roman/RIOT/experiment_1/sender/bin/unwd-range-l1-r3/pm_layered.a(pm.o)
                0x0000000008001288                pm_set_lowest
 .text.cpu_init
                0x00000000080012c8       0x84 /home/roman/RIOT/experiment_1/sender/bin/unwd-range-l1-r3/stm32_common.a(cpu_init.o)
                0x00000000080012c8                cpu_init
 .text.utils_delay
                0x000000000800134c        0x6 /home/roman/RIOT/experiment_1/sender/bin/unwd-range-l1-r3/stm32_common.a(stmclk_l0l1.o)
 *fill*         0x0000000008001352        0x2 
 .text.stmclk_init_sysclk
                0x0000000008001354      0x200 /home/roman/RIOT/experiment_1/sender/bin/unwd-range-l1-r3/stm32_common.a(stmclk_l0l1.o)
                0x0000000008001354                stmclk_init_sysclk
 .text.periph_apb_clk
                0x0000000008001554        0xc /home/roman/RIOT/experiment_1/sender/bin/unwd-range-l1-r3/stm32_common.a(cpu_common.o)
                0x0000000008001554                periph_apb_clk
 .text.periph_timer_clk
                0x0000000008001560       0x14 /home/roman/RIOT/experiment_1/sender/bin/unwd-range-l1-r3/stm32_common.a(cpu_common.o)
                0x0000000008001560                periph_timer_clk
 .text.periph_clk_en
                0x0000000008001574       0x30 /home/roman/RIOT/experiment_1/sender/bin/unwd-range-l1-r3/stm32_common.a(cpu_common.o)
                0x0000000008001574                periph_clk_en
 .text.periph_clk_dis
                0x00000000080015a4       0x34 /home/roman/RIOT/experiment_1/sender/bin/unwd-range-l1-r3/stm32_common.a(cpu_common.o)
                0x00000000080015a4                periph_clk_dis
 .text.is_periph_clk
                0x00000000080015d8       0x30 /home/roman/RIOT/experiment_1/sender/bin/unwd-range-l1-r3/stm32_common.a(cpu_common.o)
                0x00000000080015d8                is_periph_clk
 .text.cpu_init_status
                0x0000000008001608       0x78 /home/roman/RIOT/experiment_1/sender/bin/unwd-range-l1-r3/stm32_common.a(stm_status.o)
                0x0000000008001608                cpu_init_status
 .text.irq_handler
                0x0000000008001680       0x84 /home/roman/RIOT/experiment_1/sender/bin/unwd-range-l1-r3/stm32_common_periph.a(timer.o)
 .text.timer_set_absolute
                0x0000000008001704       0x48 /home/roman/RIOT/experiment_1/sender/bin/unwd-range-l1-r3/stm32_common_periph.a(timer.o)
                0x0000000008001704                timer_set_absolute
 .text.timer_read
                0x000000000800174c       0x10 /home/roman/RIOT/experiment_1/sender/bin/unwd-range-l1-r3/stm32_common_periph.a(timer.o)
                0x000000000800174c                timer_read
 .text.timer_start
                0x000000000800175c       0x18 /home/roman/RIOT/experiment_1/sender/bin/unwd-range-l1-r3/stm32_common_periph.a(timer.o)
                0x000000000800175c                timer_start
 .text.timer_init
                0x0000000008001774       0x88 /home/roman/RIOT/experiment_1/sender/bin/unwd-range-l1-r3/stm32_common_periph.a(timer.o)
                0x0000000008001774                timer_init
 .text.isr_tim11
                0x00000000080017fc        0x6 /home/roman/RIOT/experiment_1/sender/bin/unwd-range-l1-r3/stm32_common_periph.a(timer.o)
                0x00000000080017fc                isr_tim11
 .text.isr_tim9
                0x0000000008001802        0x6 /home/roman/RIOT/experiment_1/sender/bin/unwd-range-l1-r3/stm32_common_periph.a(timer.o)
                0x0000000008001802                isr_tim9
 .text._pop     0x0000000008001808       0x12 /home/roman/RIOT/experiment_1/sender/bin/unwd-range-l1-r3/tsrb.a(tsrb.o)
 .text.tsrb_get
                0x000000000800181a       0x26 /home/roman/RIOT/experiment_1/sender/bin/unwd-range-l1-r3/tsrb.a(tsrb.o)
                0x000000000800181a                tsrb_get
 .text.tsrb_add_one
                0x0000000008001840       0x26 /home/roman/RIOT/experiment_1/sender/bin/unwd-range-l1-r3/tsrb.a(tsrb.o)
                0x0000000008001840                tsrb_add_one
 .text.periph_init
                0x0000000008001866        0x2 /home/roman/RIOT/experiment_1/sender/bin/unwd-range-l1-r3/periph_common.a(init.o)
                0x0000000008001866                periph_init
 .text.isr_thread
                0x0000000008001868       0x2c /home/roman/RIOT/experiment_1/sender/bin/unwd-range-l1-r3/application_vemac.a(main.o)
                0x0000000008001868                isr_thread
 .text.sx127x_handler
                0x0000000008001894       0x7c /home/roman/RIOT/experiment_1/sender/bin/unwd-range-l1-r3/application_vemac.a(main.o)
 .text.do_send  0x0000000008001910       0x56 /home/roman/RIOT/experiment_1/sender/bin/unwd-range-l1-r3/application_vemac.a(main.o)
                0x0000000008001910                do_send
 .text.slot_thread
                0x0000000008001966       0xa2 /home/roman/RIOT/experiment_1/sender/bin/unwd-range-l1-r3/application_vemac.a(main.o)
                0x0000000008001966                slot_thread
 .text.vemac_init
                0x0000000008001a08      0x1ec /home/roman/RIOT/experiment_1/sender/bin/unwd-range-l1-r3/application_vemac.a(main.o)
                0x0000000008001a08                vemac_init
 .text.startup.main
                0x0000000008001bf4       0x34 /home/roman/RIOT/experiment_1/sender/bin/unwd-range-l1-r3/application_vemac.a(main.o)
                0x0000000008001bf4                main
 .text.auto_init
                0x0000000008001c28        0xe /home/roman/RIOT/experiment_1/sender/bin/unwd-range-l1-r3/auto_init.a(auto_init.o)
                0x0000000008001c28                auto_init
 *fill*         0x0000000008001c36        0x2 
 .text._mutex_lock
                0x0000000008001c38       0x60 /home/roman/RIOT/experiment_1/sender/bin/unwd-range-l1-r3/core.a(mutex.o)
                0x0000000008001c38                _mutex_lock
 .text.mutex_unlock
                0x0000000008001c98       0x4c /home/roman/RIOT/experiment_1/sender/bin/unwd-range-l1-r3/core.a(mutex.o)
                0x0000000008001c98                mutex_unlock
 .text._msg_receive
                0x0000000008001ce4      0x108 /home/roman/RIOT/experiment_1/sender/bin/unwd-range-l1-r3/core.a(msg.o)
 .text.queue_msg
                0x0000000008001dec       0x2a /home/roman/RIOT/experiment_1/sender/bin/unwd-range-l1-r3/core.a(msg.o)
 *fill*         0x0000000008001e16        0x2 
 .text._msg_send
                0x0000000008001e18       0xac /home/roman/RIOT/experiment_1/sender/bin/unwd-range-l1-r3/core.a(msg.o)
 .text.msg_send_to_self
                0x0000000008001ec4       0x30 /home/roman/RIOT/experiment_1/sender/bin/unwd-range-l1-r3/core.a(msg.o)
                0x0000000008001ec4                msg_send_to_self
 .text.msg_send_int
                0x0000000008001ef4       0x48 /home/roman/RIOT/experiment_1/sender/bin/unwd-range-l1-r3/core.a(msg.o)
                0x0000000008001ef4                msg_send_int
 .text.msg_send
                0x0000000008001f3c       0x44 /home/roman/RIOT/experiment_1/sender/bin/unwd-range-l1-r3/core.a(msg.o)
                0x0000000008001f3c                msg_send
 .text.msg_receive
                0x0000000008001f80        0x6 /home/roman/RIOT/experiment_1/sender/bin/unwd-range-l1-r3/core.a(msg.o)
                0x0000000008001f80                msg_receive
 *fill*         0x0000000008001f86        0x2 
 .text.msg_init_queue
                0x0000000008001f88       0x28 /home/roman/RIOT/experiment_1/sender/bin/unwd-range-l1-r3/core.a(msg.o)
                0x0000000008001f88                msg_init_queue
 .text._callback_unlock_mutex
                0x0000000008001fb0        0x4 /home/roman/RIOT/experiment_1/sender/bin/unwd-range-l1-r3/lptimer.a(lptimer.o)
 .text._lptimer_spin
                0x0000000008001fb4       0x1e /home/roman/RIOT/experiment_1/sender/bin/unwd-range-l1-r3/lptimer.a(lptimer.o)
 *fill*         0x0000000008001fd2        0x2 
 .text._lptimer_tsleep
                0x0000000008001fd4       0x54 /home/roman/RIOT/experiment_1/sender/bin/unwd-range-l1-r3/lptimer.a(lptimer.o)
                0x0000000008001fd4                _lptimer_tsleep
 .text._lptimer_now
                0x0000000008002028       0x18 /home/roman/RIOT/experiment_1/sender/bin/unwd-range-l1-r3/lptimer.a(lptimer_core.o)
 .text._lltimer_set
                0x0000000008002040       0x1c /home/roman/RIOT/experiment_1/sender/bin/unwd-range-l1-r3/lptimer.a(lptimer_core.o)
 .text._add_timer_to_long_list.constprop.0
                0x000000000800205c       0x2c /home/roman/RIOT/experiment_1/sender/bin/unwd-range-l1-r3/lptimer.a(lptimer_core.o)
 .text._next_period
                0x0000000008002088       0xc4 /home/roman/RIOT/experiment_1/sender/bin/unwd-range-l1-r3/lptimer.a(lptimer_core.o)
 .text._periph_timer_callback
                0x000000000800214c       0xdc /home/roman/RIOT/experiment_1/sender/bin/unwd-range-l1-r3/lptimer.a(lptimer_core.o)
 .text._remove  0x0000000008002228       0x5c /home/roman/RIOT/experiment_1/sender/bin/unwd-range-l1-r3/lptimer.a(lptimer_core.o)
 .text.lptimer_init
                0x0000000008002284       0x12 /home/roman/RIOT/experiment_1/sender/bin/unwd-range-l1-r3/lptimer.a(lptimer_core.o)
                0x0000000008002284                lptimer_init
 *fill*         0x0000000008002296        0x2 
 .text._lptimer_set_absolute
                0x0000000008002298       0xdc /home/roman/RIOT/experiment_1/sender/bin/unwd-range-l1-r3/lptimer.a(lptimer_core.o)
                0x0000000008002298                _lptimer_set_absolute
 .text.lptimer_remove
                0x0000000008002374       0x22 /home/roman/RIOT/experiment_1/sender/bin/unwd-range-l1-r3/lptimer.a(lptimer_core.o)
                0x0000000008002374                lptimer_remove
 .text._lptimer_set
                0x0000000008002396       0x42 /home/roman/RIOT/experiment_1/sender/bin/unwd-range-l1-r3/lptimer.a(lptimer_core.o)
                0x0000000008002396                _lptimer_set
 .text._lptimer_set64
                0x00000000080023d8       0x60 /home/roman/RIOT/experiment_1/sender/bin/unwd-range-l1-r3/lptimer.a(lptimer_core.o)
                0x00000000080023d8                _lptimer_set64
 .text.rtt_init
                0x0000000008002438       0xa8 /home/roman/RIOT/experiment_1/sender/bin/unwd-range-l1-r3/stm32_common_periph.a(rtt.o)
                0x0000000008002438                rtt_init
 .text.rtt_get_counter
                0x00000000080024e0       0x20 /home/roman/RIOT/experiment_1/sender/bin/unwd-range-l1-r3/stm32_common_periph.a(rtt.o)
                0x00000000080024e0                rtt_get_counter
 .text.rtt_set_alarm
                0x0000000008002500       0x64 /home/roman/RIOT/experiment_1/sender/bin/unwd-range-l1-r3/stm32_common_periph.a(rtt.o)
                0x0000000008002500                rtt_set_alarm
 .text.isr_rtc_alarm
                0x0000000008002564       0x4c /home/roman/RIOT/experiment_1/sender/bin/unwd-range-l1-r3/stm32_common_periph.a(rtt.o)
                0x0000000008002564                isr_rtc_alarm
 .text._set     0x00000000080025b0      0x1c4 /home/roman/RIOT/experiment_1/sender/bin/unwd-range-l1-r3/sx127x.a(sx127x_netdev.o)
 .text._get     0x0000000008002774      0x180 /home/roman/RIOT/experiment_1/sender/bin/unwd-range-l1-r3/sx127x.a(sx127x_netdev.o)
 .text._isr     0x00000000080028f4      0x138 /home/roman/RIOT/experiment_1/sender/bin/unwd-range-l1-r3/sx127x.a(sx127x_netdev.o)
 .text._init    0x0000000008002a2c       0x30 /home/roman/RIOT/experiment_1/sender/bin/unwd-range-l1-r3/sx127x.a(sx127x_netdev.o)
 .text._recv    0x0000000008002a5c      0x11c /home/roman/RIOT/experiment_1/sender/bin/unwd-range-l1-r3/sx127x.a(sx127x_netdev.o)
 .text._send    0x0000000008002b78       0x94 /home/roman/RIOT/experiment_1/sender/bin/unwd-range-l1-r3/sx127x.a(sx127x_netdev.o)
 .text._on_tx_timeout
                0x0000000008002c0c        0xe /home/roman/RIOT/experiment_1/sender/bin/unwd-range-l1-r3/sx127x.a(sx127x.o)
 .text._on_rx_timeout
                0x0000000008002c1a        0xe /home/roman/RIOT/experiment_1/sender/bin/unwd-range-l1-r3/sx127x.a(sx127x.o)
 .text._xtimer_spin.constprop.0
                0x0000000008002c28       0x1c /home/roman/RIOT/experiment_1/sender/bin/unwd-range-l1-r3/sx127x.a(sx127x.o)
 .text.sx127x_reset
                0x0000000008002c44       0x34 /home/roman/RIOT/experiment_1/sender/bin/unwd-range-l1-r3/sx127x.a(sx127x.o)
                0x0000000008002c44                sx127x_reset
 .text.sx127x_init
                0x0000000008002c78       0xdc /home/roman/RIOT/experiment_1/sender/bin/unwd-range-l1-r3/sx127x.a(sx127x.o)
                0x0000000008002c78                sx127x_init
 .text.sx127x_init_radio_settings
                0x0000000008002d54       0x90 /home/roman/RIOT/experiment_1/sender/bin/unwd-range-l1-r3/sx127x.a(sx127x.o)
                0x0000000008002d54                sx127x_init_radio_settings
 .text.sx127x_isr
                0x0000000008002de4       0x14 /home/roman/RIOT/experiment_1/sender/bin/unwd-range-l1-r3/sx127x.a(sx127x.o)
                0x0000000008002de4                sx127x_isr
 .text.sx127x_on_dio0_isr
                0x0000000008002df8       0x10 /home/roman/RIOT/experiment_1/sender/bin/unwd-range-l1-r3/sx127x.a(sx127x.o)
 .text.sx127x_on_dio1_isr
                0x0000000008002e08       0x10 /home/roman/RIOT/experiment_1/sender/bin/unwd-range-l1-r3/sx127x.a(sx127x.o)
 .text.sx127x_on_dio2_isr
                0x0000000008002e18       0x10 /home/roman/RIOT/experiment_1/sender/bin/unwd-range-l1-r3/sx127x.a(sx127x.o)
 .text.sx127x_on_dio3_isr
                0x0000000008002e28       0x10 /home/roman/RIOT/experiment_1/sender/bin/unwd-range-l1-r3/sx127x.a(sx127x.o)
 .text.sx127x_reg_write_burst
                0x0000000008002e38       0x46 /home/roman/RIOT/experiment_1/sender/bin/unwd-range-l1-r3/sx127x.a(sx127x_internal.o)
                0x0000000008002e38                sx127x_reg_write_burst
 .text.sx127x_reg_write
                0x0000000008002e7e       0x16 /home/roman/RIOT/experiment_1/sender/bin/unwd-range-l1-r3/sx127x.a(sx127x_internal.o)
                0x0000000008002e7e                sx127x_reg_write
 .text.sx127x_reg_read_burst
                0x0000000008002e94       0x44 /home/roman/RIOT/experiment_1/sender/bin/unwd-range-l1-r3/sx127x.a(sx127x_internal.o)
                0x0000000008002e94                sx127x_reg_read_burst
 .text.sx127x_reg_read
                0x0000000008002ed8       0x16 /home/roman/RIOT/experiment_1/sender/bin/unwd-range-l1-r3/sx127x.a(sx127x_internal.o)
                0x0000000008002ed8                sx127x_reg_read
 *fill*         0x0000000008002eee        0x2 
 .text.sx127x_check_version
                0x0000000008002ef0       0x48 /home/roman/RIOT/experiment_1/sender/bin/unwd-range-l1-r3/sx127x.a(sx127x_internal.o)
                0x0000000008002ef0                sx127x_check_version
 .text.sx127x_write_fifo
                0x0000000008002f38        0xa /home/roman/RIOT/experiment_1/sender/bin/unwd-range-l1-r3/sx127x.a(sx127x_internal.o)
                0x0000000008002f38                sx127x_write_fifo
 .text.sx127x_read_fifo
                0x0000000008002f42        0xa /home/roman/RIOT/experiment_1/sender/bin/unwd-range-l1-r3/sx127x.a(sx127x_internal.o)
                0x0000000008002f42                sx127x_read_fifo
 *fill*         0x0000000008002f4c        0x4 
 .text.sx1276_rx_chain_calibration
                0x0000000008002f50       0xbc /home/roman/RIOT/experiment_1/sender/bin/unwd-range-l1-r3/sx127x.a(sx127x_internal.o)
                0x0000000008002f50                sx1276_rx_chain_calibration
 .text.sx127x_start_cad
                0x000000000800300c       0x3c /home/roman/RIOT/experiment_1/sender/bin/unwd-range-l1-r3/sx127x.a(sx127x_internal.o)
                0x000000000800300c                sx127x_start_cad
 .text._low_datarate_optimize
                0x0000000008003048       0x68 /home/roman/RIOT/experiment_1/sender/bin/unwd-range-l1-r3/sx127x.a(sx127x_getset.o)
 .text.sx127x_get_state
                0x00000000080030b0        0x4 /home/roman/RIOT/experiment_1/sender/bin/unwd-range-l1-r3/sx127x.a(sx127x_getset.o)
                0x00000000080030b0                sx127x_get_state
 .text.sx127x_set_state
                0x00000000080030b4        0x4 /home/roman/RIOT/experiment_1/sender/bin/unwd-range-l1-r3/sx127x.a(sx127x_getset.o)
                0x00000000080030b4                sx127x_set_state
 .text.sx127x_get_channel
                0x00000000080030b8       0x48 /home/roman/RIOT/experiment_1/sender/bin/unwd-range-l1-r3/sx127x.a(sx127x_getset.o)
                0x00000000080030b8                sx127x_get_channel
 .text.sx127x_set_channel
                0x0000000008003100       0x50 /home/roman/RIOT/experiment_1/sender/bin/unwd-range-l1-r3/sx127x.a(sx127x_getset.o)
                0x0000000008003100                sx127x_set_channel
 .text.sx127x_get_max_payload_len
                0x0000000008003150       0x16 /home/roman/RIOT/experiment_1/sender/bin/unwd-range-l1-r3/sx127x.a(sx127x_getset.o)
                0x0000000008003150                sx127x_get_max_payload_len
 .text.sx127x_set_max_payload_len
                0x0000000008003166       0x16 /home/roman/RIOT/experiment_1/sender/bin/unwd-range-l1-r3/sx127x.a(sx127x_getset.o)
                0x0000000008003166                sx127x_set_max_payload_len
 .text.sx127x_get_op_mode
                0x000000000800317c        0xe /home/roman/RIOT/experiment_1/sender/bin/unwd-range-l1-r3/sx127x.a(sx127x_getset.o)
                0x000000000800317c                sx127x_get_op_mode
 .text.sx127x_set_op_mode
                0x000000000800318a       0x68 /home/roman/RIOT/experiment_1/sender/bin/unwd-range-l1-r3/sx127x.a(sx127x_getset.o)
                0x000000000800318a                sx127x_set_op_mode
 .text.sx127x_set_modem
                0x00000000080031f2       0x52 /home/roman/RIOT/experiment_1/sender/bin/unwd-range-l1-r3/sx127x.a(sx127x_getset.o)
                0x00000000080031f2                sx127x_set_modem
 .text.sx127x_set_sleep
                0x0000000008003244       0x20 /home/roman/RIOT/experiment_1/sender/bin/unwd-range-l1-r3/sx127x.a(sx127x_getset.o)
                0x0000000008003244                sx127x_set_sleep
 .text.sx127x_set_standby
                0x0000000008003264       0x20 /home/roman/RIOT/experiment_1/sender/bin/unwd-range-l1-r3/sx127x.a(sx127x_getset.o)
                0x0000000008003264                sx127x_set_standby
 .text.sx127x_set_rx
                0x0000000008003284      0x120 /home/roman/RIOT/experiment_1/sender/bin/unwd-range-l1-r3/sx127x.a(sx127x_getset.o)
                0x0000000008003284                sx127x_set_rx
 .text.sx127x_set_tx
                0x00000000080033a4       0x6c /home/roman/RIOT/experiment_1/sender/bin/unwd-range-l1-r3/sx127x.a(sx127x_getset.o)
                0x00000000080033a4                sx127x_set_tx
 .text.sx127x_get_bandwidth
                0x0000000008003410        0x4 /home/roman/RIOT/experiment_1/sender/bin/unwd-range-l1-r3/sx127x.a(sx127x_getset.o)
                0x0000000008003410                sx127x_get_bandwidth
 .text.sx127x_set_bandwidth
                0x0000000008003414      0x11c /home/roman/RIOT/experiment_1/sender/bin/unwd-range-l1-r3/sx127x.a(sx127x_getset.o)
                0x0000000008003414                sx127x_set_bandwidth
 .text.sx127x_get_spreading_factor
                0x0000000008003530        0x4 /home/roman/RIOT/experiment_1/sender/bin/unwd-range-l1-r3/sx127x.a(sx127x_getset.o)
                0x0000000008003530                sx127x_get_spreading_factor
 .text.sx127x_set_spreading_factor
                0x0000000008003534       0x60 /home/roman/RIOT/experiment_1/sender/bin/unwd-range-l1-r3/sx127x.a(sx127x_getset.o)
                0x0000000008003534                sx127x_set_spreading_factor
 .text.sx127x_get_coding_rate
                0x0000000008003594        0x4 /home/roman/RIOT/experiment_1/sender/bin/unwd-range-l1-r3/sx127x.a(sx127x_getset.o)
                0x0000000008003594                sx127x_get_coding_rate
 .text.sx127x_set_coding_rate
                0x0000000008003598       0x34 /home/roman/RIOT/experiment_1/sender/bin/unwd-range-l1-r3/sx127x.a(sx127x_getset.o)
                0x0000000008003598                sx127x_set_coding_rate
 .text.sx127x_get_rx_single
                0x00000000080035cc        0xc /home/roman/RIOT/experiment_1/sender/bin/unwd-range-l1-r3/sx127x.a(sx127x_getset.o)
                0x00000000080035cc                sx127x_get_rx_single
 .text.sx127x_set_rx_single
                0x00000000080035d8       0x12 /home/roman/RIOT/experiment_1/sender/bin/unwd-range-l1-r3/sx127x.a(sx127x_getset.o)
                0x00000000080035d8                sx127x_set_rx_single
 .text.sx127x_get_crc
                0x00000000080035ea       0x26 /home/roman/RIOT/experiment_1/sender/bin/unwd-range-l1-r3/sx127x.a(sx127x_getset.o)
                0x00000000080035ea                sx127x_get_crc
 .text.sx127x_set_crc
                0x0000000008003610       0x50 /home/roman/RIOT/experiment_1/sender/bin/unwd-range-l1-r3/sx127x.a(sx127x_getset.o)
                0x0000000008003610                sx127x_set_crc
 .text.sx127x_get_hop_period
                0x0000000008003660        0x6 /home/roman/RIOT/experiment_1/sender/bin/unwd-range-l1-r3/sx127x.a(sx127x_getset.o)
                0x0000000008003660                sx127x_get_hop_period
 .text.sx127x_set_hop_period
                0x0000000008003666       0x32 /home/roman/RIOT/experiment_1/sender/bin/unwd-range-l1-r3/sx127x.a(sx127x_getset.o)
                0x0000000008003666                sx127x_set_hop_period
 .text.sx127x_get_fixed_header_len_mode
                0x0000000008003698        0x8 /home/roman/RIOT/experiment_1/sender/bin/unwd-range-l1-r3/sx127x.a(sx127x_getset.o)
                0x0000000008003698                sx127x_get_fixed_header_len_mode
 .text.sx127x_set_fixed_header_len_mode
                0x00000000080036a0       0x42 /home/roman/RIOT/experiment_1/sender/bin/unwd-range-l1-r3/sx127x.a(sx127x_getset.o)
                0x00000000080036a0                sx127x_set_fixed_header_len_mode
 .text.sx127x_set_payload_length
                0x00000000080036e2        0x8 /home/roman/RIOT/experiment_1/sender/bin/unwd-range-l1-r3/sx127x.a(sx127x_getset.o)
                0x00000000080036e2                sx127x_set_payload_length
 .text.sx127x_get_tx_power
                0x00000000080036ea        0x4 /home/roman/RIOT/experiment_1/sender/bin/unwd-range-l1-r3/sx127x.a(sx127x_getset.o)
                0x00000000080036ea                sx127x_get_tx_power
 .text.sx127x_set_tx_power
                0x00000000080036ee       0xac /home/roman/RIOT/experiment_1/sender/bin/unwd-range-l1-r3/sx127x.a(sx127x_getset.o)
                0x00000000080036ee                sx127x_set_tx_power
 .text.sx127x_set_preamble_length
                0x000000000800379a       0x1e /home/roman/RIOT/experiment_1/sender/bin/unwd-range-l1-r3/sx127x.a(sx127x_getset.o)
                0x000000000800379a                sx127x_set_preamble_length
 .text.sx127x_set_rx_timeout
                0x00000000080037b8        0x4 /home/roman/RIOT/experiment_1/sender/bin/unwd-range-l1-r3/sx127x.a(sx127x_getset.o)
                0x00000000080037b8                sx127x_set_rx_timeout
 .text.sx127x_set_tx_timeout
                0x00000000080037bc        0x4 /home/roman/RIOT/experiment_1/sender/bin/unwd-range-l1-r3/sx127x.a(sx127x_getset.o)
                0x00000000080037bc                sx127x_set_tx_timeout
 .text.sx127x_set_symbol_timeout
                0x00000000080037c0       0x2c /home/roman/RIOT/experiment_1/sender/bin/unwd-range-l1-r3/sx127x.a(sx127x_getset.o)
                0x00000000080037c0                sx127x_set_symbol_timeout
 .text.sx127x_get_iq_invert
                0x00000000080037ec        0x8 /home/roman/RIOT/experiment_1/sender/bin/unwd-range-l1-r3/sx127x.a(sx127x_getset.o)
                0x00000000080037ec                sx127x_get_iq_invert
 .text.sx127x_set_iq_invert
                0x00000000080037f4       0x44 /home/roman/RIOT/experiment_1/sender/bin/unwd-range-l1-r3/sx127x.a(sx127x_getset.o)
                0x00000000080037f4                sx127x_set_iq_invert
 .text.sx127x_set_freq_hop
                0x0000000008003838       0x12 /home/roman/RIOT/experiment_1/sender/bin/unwd-range-l1-r3/sx127x.a(sx127x_getset.o)
                0x0000000008003838                sx127x_set_freq_hop
 .text.spi_transfer_regs
                0x000000000800384a       0x36 /home/roman/RIOT/experiment_1/sender/bin/unwd-range-l1-r3/periph_common.a(spi.o)
                0x000000000800384a                spi_transfer_regs
 .text.iolist_size
                0x0000000008003880       0x10 /home/roman/RIOT/experiment_1/sender/bin/unwd-range-l1-r3/iolist.a(iolist.o)
                0x0000000008003880                iolist_size
 .text.stmclk_dbp_unlock
                0x0000000008003890       0x10 /home/roman/RIOT/experiment_1/sender/bin/unwd-range-l1-r3/stm32_common.a(stmclk_common.o)
                0x0000000008003890                stmclk_dbp_unlock
 .text.stmclk_dbp_lock
                0x00000000080038a0       0x10 /home/roman/RIOT/experiment_1/sender/bin/unwd-range-l1-r3/stm32_common.a(stmclk_common.o)
                0x00000000080038a0                stmclk_dbp_lock
 .text.stmclk_enable_lfclk
                0x00000000080038b0       0x24 /home/roman/RIOT/experiment_1/sender/bin/unwd-range-l1-r3/stm32_common.a(stmclk_common.o)
                0x00000000080038b0                stmclk_enable_lfclk
 .text.spi_init_pins
                0x00000000080038d4       0x48 /home/roman/RIOT/experiment_1/sender/bin/unwd-range-l1-r3/stm32_common_periph.a(spi.o)
                0x00000000080038d4                spi_init_pins
 .text.spi_init
                0x000000000800391c       0x44 /home/roman/RIOT/experiment_1/sender/bin/unwd-range-l1-r3/stm32_common_periph.a(spi.o)
                0x000000000800391c                spi_init
 .text.spi_init_cs
                0x0000000008003960       0x64 /home/roman/RIOT/experiment_1/sender/bin/unwd-range-l1-r3/stm32_common_periph.a(spi.o)
                0x0000000008003960                spi_init_cs
 .text.spi_acquire
                0x00000000080039c4       0x7c /home/roman/RIOT/experiment_1/sender/bin/unwd-range-l1-r3/stm32_common_periph.a(spi.o)
                0x00000000080039c4                spi_acquire
 .text.spi_release
                0x0000000008003a40       0x28 /home/roman/RIOT/experiment_1/sender/bin/unwd-range-l1-r3/stm32_common_periph.a(spi.o)
                0x0000000008003a40                spi_release
 .text.spi_transfer_bytes
                0x0000000008003a68       0xe8 /home/roman/RIOT/experiment_1/sender/bin/unwd-range-l1-r3/stm32_common_periph.a(spi.o)
                0x0000000008003a68                spi_transfer_bytes
 .text          0x0000000008003b50      0x378 /opt/gcc-arm-none-eabi-9-2020-q2-update/bin/../lib/gcc/arm-none-eabi/9.3.1/thumb/v7-m/nofp/libgcc.a(_arm_addsubdf3.o)
                0x0000000008003b50                __aeabi_drsub
                0x0000000008003b58                __aeabi_dsub
                0x0000000008003b58                __subdf3
                0x0000000008003b5c                __adddf3
                0x0000000008003b5c                __aeabi_dadd
                0x0000000008003dd4                __aeabi_ui2d
                0x0000000008003dd4                __floatunsidf
                0x0000000008003df4                __floatsidf
                0x0000000008003df4                __aeabi_i2d
                0x0000000008003e18                __extendsfdf2
                0x0000000008003e18                __aeabi_f2d
                0x0000000008003e5c                __aeabi_ul2d
                0x0000000008003e5c                __floatundidf
                0x0000000008003e6c                __floatdidf
                0x0000000008003e6c                __aeabi_l2d
 .text          0x0000000008003ec8      0x424 /opt/gcc-arm-none-eabi-9-2020-q2-update/bin/../lib/gcc/arm-none-eabi/9.3.1/thumb/v7-m/nofp/libgcc.a(_arm_muldivdf3.o)
                0x0000000008003ec8                __aeabi_dmul
                0x0000000008003ec8                __muldf3
                0x000000000800411c                __aeabi_ddiv
                0x000000000800411c                __divdf3
 .text          0x00000000080042ec       0x40 /opt/gcc-arm-none-eabi-9-2020-q2-update/bin/../lib/gcc/arm-none-eabi/9.3.1/thumb/v7-m/nofp/libgcc.a(_arm_fixunsdfsi.o)
                0x00000000080042ec                __fixunsdfsi
                0x00000000080042ec                __aeabi_d2uiz
 .text.__libc_init_array
                0x000000000800432c       0x48 /opt/gcc-arm-none-eabi-9-2020-q2-update/bin/../lib/gcc/arm-none-eabi/9.3.1/../../../../arm-none-eabi/lib/thumb/v7-m/nofp/libc_nano.a(lib_a-init.o)
                0x000000000800432c                __libc_init_array
 .text.memcpy   0x0000000008004374       0x1c /opt/gcc-arm-none-eabi-9-2020-q2-update/bin/../lib/gcc/arm-none-eabi/9.3.1/../../../../arm-none-eabi/lib/thumb/v7-m/nofp/libc_nano.a(lib_a-memcpy-stub.o)
                0x0000000008004374                memcpy
 .text.printf   0x0000000008004390       0x30 /opt/gcc-arm-none-eabi-9-2020-q2-update/bin/../lib/gcc/arm-none-eabi/9.3.1/../../../../arm-none-eabi/lib/thumb/v7-m/nofp/libc_nano.a(lib_a-printf.o)
                0x0000000008004390                printf
                0x0000000008004390                iprintf
 .text._puts_r  0x00000000080043c0       0xdc /opt/gcc-arm-none-eabi-9-2020-q2-update/bin/../lib/gcc/arm-none-eabi/9.3.1/../../../../arm-none-eabi/lib/thumb/v7-m/nofp/libc_nano.a(lib_a-puts.o)
                0x00000000080043c0                _puts_r
 .text.puts     0x000000000800449c       0x10 /opt/gcc-arm-none-eabi-9-2020-q2-update/bin/../lib/gcc/arm-none-eabi/9.3.1/../../../../arm-none-eabi/lib/thumb/v7-m/nofp/libc_nano.a(lib_a-puts.o)
                0x000000000800449c                puts
 .text.__swbuf_r
                0x00000000080044ac       0xa4 /opt/gcc-arm-none-eabi-9-2020-q2-update/bin/../lib/gcc/arm-none-eabi/9.3.1/../../../../arm-none-eabi/lib/thumb/v7-m/nofp/libc_nano.a(lib_a-wbuf.o)
                0x00000000080044ac                __swbuf_r
 .text.__swsetup_r
                0x0000000008004550       0xdc /opt/gcc-arm-none-eabi-9-2020-q2-update/bin/../lib/gcc/arm-none-eabi/9.3.1/../../../../arm-none-eabi/lib/thumb/v7-m/nofp/libc_nano.a(lib_a-wsetup.o)
                0x0000000008004550                __swsetup_r
 .text.__sflush_r
                0x000000000800462c      0x10c /opt/gcc-arm-none-eabi-9-2020-q2-update/bin/../lib/gcc/arm-none-eabi/9.3.1/../../../../arm-none-eabi/lib/thumb/v7-m/nofp/libc_nano.a(lib_a-fflush.o)
                0x000000000800462c                __sflush_r
 .text._fflush_r
                0x0000000008004738       0x78 /opt/gcc-arm-none-eabi-9-2020-q2-update/bin/../lib/gcc/arm-none-eabi/9.3.1/../../../../arm-none-eabi/lib/thumb/v7-m/nofp/libc_nano.a(lib_a-fflush.o)
                0x0000000008004738                _fflush_r
 .text.std      0x00000000080047b0       0x48 /opt/gcc-arm-none-eabi-9-2020-q2-update/bin/../lib/gcc/arm-none-eabi/9.3.1/../../../../arm-none-eabi/lib/thumb/v7-m/nofp/libc_nano.a(lib_a-findfp.o)
 .text._cleanup_r
                0x00000000080047f8        0xc /opt/gcc-arm-none-eabi-9-2020-q2-update/bin/../lib/gcc/arm-none-eabi/9.3.1/../../../../arm-none-eabi/lib/thumb/v7-m/nofp/libc_nano.a(lib_a-findfp.o)
                0x00000000080047f8                _cleanup_r
 .text.__sfmoreglue
                0x0000000008004804       0x2c /opt/gcc-arm-none-eabi-9-2020-q2-update/bin/../lib/gcc/arm-none-eabi/9.3.1/../../../../arm-none-eabi/lib/thumb/v7-m/nofp/libc_nano.a(lib_a-findfp.o)
                0x0000000008004804                __sfmoreglue
 .text.__sfp_lock_acquire
                0x0000000008004830        0xc /opt/gcc-arm-none-eabi-9-2020-q2-update/bin/../lib/gcc/arm-none-eabi/9.3.1/../../../../arm-none-eabi/lib/thumb/v7-m/nofp/libc_nano.a(lib_a-findfp.o)
                0x0000000008004830                __sfp_lock_acquire
 .text.__sfp_lock_release
                0x000000000800483c        0xc /opt/gcc-arm-none-eabi-9-2020-q2-update/bin/../lib/gcc/arm-none-eabi/9.3.1/../../../../arm-none-eabi/lib/thumb/v7-m/nofp/libc_nano.a(lib_a-findfp.o)
                0x000000000800483c                __sfp_lock_release
 .text.__sinit_lock_acquire
                0x0000000008004848        0xc /opt/gcc-arm-none-eabi-9-2020-q2-update/bin/../lib/gcc/arm-none-eabi/9.3.1/../../../../arm-none-eabi/lib/thumb/v7-m/nofp/libc_nano.a(lib_a-findfp.o)
                0x0000000008004848                __sinit_lock_acquire
 .text.__sinit_lock_release
                0x0000000008004854        0xc /opt/gcc-arm-none-eabi-9-2020-q2-update/bin/../lib/gcc/arm-none-eabi/9.3.1/../../../../arm-none-eabi/lib/thumb/v7-m/nofp/libc_nano.a(lib_a-findfp.o)
                0x0000000008004854                __sinit_lock_release
 .text.__sinit  0x0000000008004860       0x70 /opt/gcc-arm-none-eabi-9-2020-q2-update/bin/../lib/gcc/arm-none-eabi/9.3.1/../../../../arm-none-eabi/lib/thumb/v7-m/nofp/libc_nano.a(lib_a-findfp.o)
                0x0000000008004860                __sinit
 .text.__sfp    0x00000000080048d0       0x8c /opt/gcc-arm-none-eabi-9-2020-q2-update/bin/../lib/gcc/arm-none-eabi/9.3.1/../../../../arm-none-eabi/lib/thumb/v7-m/nofp/libc_nano.a(lib_a-findfp.o)
                0x00000000080048d0                __sfp
 .text._fwalk_reent
                0x000000000800495c       0x3e /opt/gcc-arm-none-eabi-9-2020-q2-update/bin/../lib/gcc/arm-none-eabi/9.3.1/../../../../arm-none-eabi/lib/thumb/v7-m/nofp/libc_nano.a(lib_a-fwalk.o)
                0x000000000800495c                _fwalk_reent
 .text.__retarget_lock_init_recursive
                0x000000000800499a        0x2 /opt/gcc-arm-none-eabi-9-2020-q2-update/bin/../lib/gcc/arm-none-eabi/9.3.1/../../../../arm-none-eabi/lib/thumb/v7-m/nofp/libc_nano.a(lib_a-lock.o)
                0x000000000800499a                __retarget_lock_init_recursive
 .text.__retarget_lock_acquire_recursive
                0x000000000800499c        0x2 /opt/gcc-arm-none-eabi-9-2020-q2-update/bin/../lib/gcc/arm-none-eabi/9.3.1/../../../../arm-none-eabi/lib/thumb/v7-m/nofp/libc_nano.a(lib_a-lock.o)
                0x000000000800499c                __retarget_lock_acquire_recursive
 .text.__retarget_lock_release_recursive
                0x000000000800499e        0x2 /opt/gcc-arm-none-eabi-9-2020-q2-update/bin/../lib/gcc/arm-none-eabi/9.3.1/../../../../arm-none-eabi/lib/thumb/v7-m/nofp/libc_nano.a(lib_a-lock.o)
                0x000000000800499e                __retarget_lock_release_recursive
 .text.__swhatbuf_r
                0x00000000080049a0       0x48 /opt/gcc-arm-none-eabi-9-2020-q2-update/bin/../lib/gcc/arm-none-eabi/9.3.1/../../../../arm-none-eabi/lib/thumb/v7-m/nofp/libc_nano.a(lib_a-makebuf.o)
                0x00000000080049a0                __swhatbuf_r
 .text.__smakebuf_r
                0x00000000080049e8       0x80 /opt/gcc-arm-none-eabi-9-2020-q2-update/bin/../lib/gcc/arm-none-eabi/9.3.1/../../../../arm-none-eabi/lib/thumb/v7-m/nofp/libc_nano.a(lib_a-makebuf.o)
                0x00000000080049e8                __smakebuf_r
 .text.memset   0x0000000008004a68       0x10 /opt/gcc-arm-none-eabi-9-2020-q2-update/bin/../lib/gcc/arm-none-eabi/9.3.1/../../../../arm-none-eabi/lib/thumb/v7-m/nofp/libc_nano.a(lib_a-memset.o)
                0x0000000008004a68                memset
 .text._free_r  0x0000000008004a78       0x98 /opt/gcc-arm-none-eabi-9-2020-q2-update/bin/../lib/gcc/arm-none-eabi/9.3.1/../../../../arm-none-eabi/lib/thumb/v7-m/nofp/libc_nano.a(lib_a-nano-freer.o)
                0x0000000008004a78                _free_r
 .text._malloc_r
                0x0000000008004b10       0xb4 /opt/gcc-arm-none-eabi-9-2020-q2-update/bin/../lib/gcc/arm-none-eabi/9.3.1/../../../../arm-none-eabi/lib/thumb/v7-m/nofp/libc_nano.a(lib_a-nano-mallocr.o)
                0x0000000008004b10                _malloc_r
 .text.__sfputc_r
                0x0000000008004bc4       0x2a /opt/gcc-arm-none-eabi-9-2020-q2-update/bin/../lib/gcc/arm-none-eabi/9.3.1/../../../../arm-none-eabi/lib/thumb/v7-m/nofp/libc_nano.a(lib_a-nano-vfprintf.o)
 .text.__sfputs_r
                0x0000000008004bee       0x24 /opt/gcc-arm-none-eabi-9-2020-q2-update/bin/../lib/gcc/arm-none-eabi/9.3.1/../../../../arm-none-eabi/lib/thumb/v7-m/nofp/libc_nano.a(lib_a-nano-vfprintf.o)
                0x0000000008004bee                __sfputs_r
 *fill*         0x0000000008004c12        0x2 
 .text._vfprintf_r
                0x0000000008004c14      0x260 /opt/gcc-arm-none-eabi-9-2020-q2-update/bin/../lib/gcc/arm-none-eabi/9.3.1/../../../../arm-none-eabi/lib/thumb/v7-m/nofp/libc_nano.a(lib_a-nano-vfprintf.o)
                0x0000000008004c14                _vfiprintf_r
                0x0000000008004c14                _vfprintf_r
 .text._printf_common
                0x0000000008004e74       0xde /opt/gcc-arm-none-eabi-9-2020-q2-update/bin/../lib/gcc/arm-none-eabi/9.3.1/../../../../arm-none-eabi/lib/thumb/v7-m/nofp/libc_nano.a(lib_a-nano-vfprintf_i.o)
                0x0000000008004e74                _printf_common
 *fill*         0x0000000008004f52        0x2 
 .text._printf_i
                0x0000000008004f54      0x24c /opt/gcc-arm-none-eabi-9-2020-q2-update/bin/../lib/gcc/arm-none-eabi/9.3.1/../../../../arm-none-eabi/lib/thumb/v7-m/nofp/libc_nano.a(lib_a-nano-vfprintf_i.o)
                0x0000000008004f54                _printf_i
 .text.__sread  0x00000000080051a0       0x22 /opt/gcc-arm-none-eabi-9-2020-q2-update/bin/../lib/gcc/arm-none-eabi/9.3.1/../../../../arm-none-eabi/lib/thumb/v7-m/nofp/libc_nano.a(lib_a-stdio.o)
                0x00000000080051a0                __sread
 .text.__swrite
                0x00000000080051c2       0x38 /opt/gcc-arm-none-eabi-9-2020-q2-update/bin/../lib/gcc/arm-none-eabi/9.3.1/../../../../arm-none-eabi/lib/thumb/v7-m/nofp/libc_nano.a(lib_a-stdio.o)
                0x00000000080051c2                __swrite
 .text.__sseek  0x00000000080051fa       0x24 /opt/gcc-arm-none-eabi-9-2020-q2-update/bin/../lib/gcc/arm-none-eabi/9.3.1/../../../../arm-none-eabi/lib/thumb/v7-m/nofp/libc_nano.a(lib_a-stdio.o)
                0x00000000080051fa                __sseek
 .text.__sclose
                0x000000000800521e        0x8 /opt/gcc-arm-none-eabi-9-2020-q2-update/bin/../lib/gcc/arm-none-eabi/9.3.1/../../../../arm-none-eabi/lib/thumb/v7-m/nofp/libc_nano.a(lib_a-stdio.o)
                0x000000000800521e                __sclose
 .text.memchr   0x0000000008005226       0x1c /opt/gcc-arm-none-eabi-9-2020-q2-update/bin/../lib/gcc/arm-none-eabi/9.3.1/../../../../arm-none-eabi/lib/thumb/v7-m/nofp/libc_nano.a(lib_a-memchr-stub.o)
                0x0000000008005226                memchr
 *fill*         0x0000000008005242        0x2 
 .text.__malloc_lock
                0x0000000008005244        0xc /opt/gcc-arm-none-eabi-9-2020-q2-update/bin/../lib/gcc/arm-none-eabi/9.3.1/../../../../arm-none-eabi/lib/thumb/v7-m/nofp/libc_nano.a(lib_a-mlock.o)
                0x0000000008005244                __malloc_lock
 .text.__malloc_unlock
                0x0000000008005250        0xc /opt/gcc-arm-none-eabi-9-2020-q2-update/bin/../lib/gcc/arm-none-eabi/9.3.1/../../../../arm-none-eabi/lib/thumb/v7-m/nofp/libc_nano.a(lib_a-mlock.o)
                0x0000000008005250                __malloc_unlock
 *(.glue_7t)
 .glue_7t       0x000000000800525c        0x0 linker stubs
 *(.glue_7)
 .glue_7        0x000000000800525c        0x0 linker stubs
 *(.rodata .rodata* .gnu.linkonce.r.*)
 .rodata.nmi_default.str1.1
                0x000000000800525c        0xc /home/roman/RIOT/experiment_1/sender/bin/unwd-range-l1-r3/cortexm_common.a(vectors_cortexm.o)
 .rodata.mem_manage_default.str1.1
                0x0000000008005268       0x13 /home/roman/RIOT/experiment_1/sender/bin/unwd-range-l1-r3/cortexm_common.a(vectors_cortexm.o)
 .rodata.bus_fault_default.str1.1
                0x000000000800527b       0x12 /home/roman/RIOT/experiment_1/sender/bin/unwd-range-l1-r3/cortexm_common.a(vectors_cortexm.o)
 .rodata.usage_fault_default.str1.1
                0x000000000800528d       0x14 /home/roman/RIOT/experiment_1/sender/bin/unwd-range-l1-r3/cortexm_common.a(vectors_cortexm.o)
 .rodata.debug_mon_default.str1.1
                0x00000000080052a1       0x12 /home/roman/RIOT/experiment_1/sender/bin/unwd-range-l1-r3/cortexm_common.a(vectors_cortexm.o)
 .rodata.dummy_handler_default.str1.1
                0x00000000080052b3        0xe /home/roman/RIOT/experiment_1/sender/bin/unwd-range-l1-r3/cortexm_common.a(vectors_cortexm.o)
 .rodata.hard_fault_handler.str1.1
                0x00000000080052c1      0x1f4 /home/roman/RIOT/experiment_1/sender/bin/unwd-range-l1-r3/cortexm_common.a(vectors_cortexm.o)
 *fill*         0x00000000080054b5        0x3 
 .rodata.uart_config
                0x00000000080054b8       0x48 /home/roman/RIOT/experiment_1/sender/bin/unwd-range-l1-r3/stm32_common_periph.a(uart.o)
 .rodata.uart_config
                0x0000000008005500       0x48 /home/roman/RIOT/experiment_1/sender/bin/unwd-range-l1-r3/stm32_common_periph.a(pm.o)
 .rodata.core_panic.str1.1
                0x0000000008005548       0x2e /home/roman/RIOT/experiment_1/sender/bin/unwd-range-l1-r3/core.a(panic.o)
 .rodata.assert_crash_message
                0x0000000008005576       0x12 /home/roman/RIOT/experiment_1/sender/bin/unwd-range-l1-r3/core.a(panic.o)
                0x0000000008005576                assert_crash_message
 .rodata.main_trampoline.str1.1
                0x0000000008005588       0x30 /home/roman/RIOT/experiment_1/sender/bin/unwd-range-l1-r3/core.a(kernel_init.o)
 .rodata.str1.1
                0x00000000080055b8        0xa /home/roman/RIOT/experiment_1/sender/bin/unwd-range-l1-r3/core.a(kernel_init.o)
 .rodata.apbmul
                0x00000000080055c2        0x2 /home/roman/RIOT/experiment_1/sender/bin/unwd-range-l1-r3/stm32_common.a(cpu_common.o)
 .rodata.CSWTCH.1
                0x00000000080055c4       0x22 /home/roman/RIOT/experiment_1/sender/bin/unwd-range-l1-r3/stm32_common.a(stm_status.o)
 *fill*         0x00000000080055e6        0x2 
 .rodata.timer_config
                0x00000000080055e8       0x20 /home/roman/RIOT/experiment_1/sender/bin/unwd-range-l1-r3/stm32_common_periph.a(timer.o)
 .rodata.sx127x_handler.str1.1
                0x0000000008005608       0x1c /home/roman/RIOT/experiment_1/sender/bin/unwd-range-l1-r3/application_vemac.a(main.o)
 .rodata.vemac_init.str1.1
                0x0000000008005624       0x9c /home/roman/RIOT/experiment_1/sender/bin/unwd-range-l1-r3/application_vemac.a(main.o)
 .rodata.sx127x_params
                0x00000000080056c0       0x30 /home/roman/RIOT/experiment_1/sender/bin/unwd-range-l1-r3/application_vemac.a(main.o)
 .rodata._send.str1.1
                0x00000000080056f0       0x21 /home/roman/RIOT/experiment_1/sender/bin/unwd-range-l1-r3/sx127x.a(sx127x_netdev.o)
 *fill*         0x0000000008005711        0x3 
 .rodata.sx127x_driver
                0x0000000008005714       0x18 /home/roman/RIOT/experiment_1/sender/bin/unwd-range-l1-r3/sx127x.a(sx127x_netdev.o)
                0x0000000008005714                sx127x_driver
 .rodata.sx127x_check_version.str1.1
                0x000000000800572c       0x7c /home/roman/RIOT/experiment_1/sender/bin/unwd-range-l1-r3/sx127x.a(sx127x_internal.o)
 .rodata.spi_config
                0x00000000080057a8       0x40 /home/roman/RIOT/experiment_1/sender/bin/unwd-range-l1-r3/stm32_common_periph.a(spi.o)
 .rodata.spi_divtable
                0x00000000080057e8        0xa /home/roman/RIOT/experiment_1/sender/bin/unwd-range-l1-r3/stm32_common_periph.a(spi.o)
 *fill*         0x00000000080057f2        0x2 
 .rodata._global_impure_ptr
                0x00000000080057f4        0x4 /opt/gcc-arm-none-eabi-9-2020-q2-update/bin/../lib/gcc/arm-none-eabi/9.3.1/../../../../arm-none-eabi/lib/thumb/v7-m/nofp/libc_nano.a(lib_a-impure.o)
                0x00000000080057f4                _global_impure_ptr
 .rodata.__sf_fake_stderr
                0x00000000080057f8       0x20 /opt/gcc-arm-none-eabi-9-2020-q2-update/bin/../lib/gcc/arm-none-eabi/9.3.1/../../../../arm-none-eabi/lib/thumb/v7-m/nofp/libc_nano.a(lib_a-findfp.o)
                0x00000000080057f8                __sf_fake_stderr
 .rodata.__sf_fake_stdin
                0x0000000008005818       0x20 /opt/gcc-arm-none-eabi-9-2020-q2-update/bin/../lib/gcc/arm-none-eabi/9.3.1/../../../../arm-none-eabi/lib/thumb/v7-m/nofp/libc_nano.a(lib_a-findfp.o)
                0x0000000008005818                __sf_fake_stdin
 .rodata.__sf_fake_stdout
                0x0000000008005838       0x20 /opt/gcc-arm-none-eabi-9-2020-q2-update/bin/../lib/gcc/arm-none-eabi/9.3.1/../../../../arm-none-eabi/lib/thumb/v7-m/nofp/libc_nano.a(lib_a-findfp.o)
                0x0000000008005838                __sf_fake_stdout
 .rodata._vfprintf_r.str1.1
                0x0000000008005858       0x11 /opt/gcc-arm-none-eabi-9-2020-q2-update/bin/../lib/gcc/arm-none-eabi/9.3.1/../../../../arm-none-eabi/lib/thumb/v7-m/nofp/libc_nano.a(lib_a-nano-vfprintf.o)
 .rodata._printf_i.str1.1
                0x0000000008005869       0x22 /opt/gcc-arm-none-eabi-9-2020-q2-update/bin/../lib/gcc/arm-none-eabi/9.3.1/../../../../arm-none-eabi/lib/thumb/v7-m/nofp/libc_nano.a(lib_a-nano-vfprintf_i.o)
 *(.ARM.extab* .gnu.linkonce.armextab.*)
                0x000000000800588c                . = ALIGN (0x4)
 *fill*         0x000000000800588b        0x1 
 *(.init)
                0x000000000800588c                . = ALIGN (0x4)
                0x000000000800588c                __preinit_array_start = .
 *(.preinit_array)
                0x000000000800588c                __preinit_array_end = .
                0x000000000800588c                . = ALIGN (0x4)
                0x000000000800588c                __init_array_start = .
 *(SORT_BY_NAME(.init_array.*))
 *(.init_array)
                0x000000000800588c                __init_array_end = .
                0x000000000800588c                . = ALIGN (0x4)
 *crtbegin.o(.ctors)
 *(EXCLUDE_FILE(*crtend.o) .ctors)
 *(SORT_BY_NAME(.ctors.*))
 *crtend.o(.ctors)
                0x000000000800588c                . = ALIGN (0x4)
 *(.fini)
                0x000000000800588c                . = ALIGN (0x4)
                0x000000000800588c                __fini_array_start = .
 *(.fini_array)
 *(SORT_BY_NAME(.fini_array.*))
                0x000000000800588c                __fini_array_end = .
 *crtbegin.o(.dtors)
 *(EXCLUDE_FILE(*crtend.o) .dtors)
 *(SORT_BY_NAME(.dtors.*))
 *crtend.o(.dtors)
                0x000000000800588c                . = ALIGN (0x4)
                0x000000000800588c                _efixed = .
                [!provide]                        PROVIDE (__exidx_start = .)

.vfp11_veneer   0x000000000800588c        0x0
 .vfp11_veneer  0x000000000800588c        0x0 linker stubs

.v4_bx          0x000000000800588c        0x0
 .v4_bx         0x000000000800588c        0x0 linker stubs

.iplt           0x000000000800588c        0x0
 .iplt          0x000000000800588c        0x0 /home/roman/RIOT/experiment_1/sender/bin/unwd-range-l1-r3/cpu/vectors.o

.igot.plt       0x000000000800588c        0x0
 .igot.plt      0x000000000800588c        0x0 /home/roman/RIOT/experiment_1/sender/bin/unwd-range-l1-r3/cpu/vectors.o

.rel.dyn        0x000000000800588c        0x0
 .rel.iplt      0x000000000800588c        0x0 /home/roman/RIOT/experiment_1/sender/bin/unwd-range-l1-r3/cpu/vectors.o

.ARM.exidx
 *(.ARM.exidx* .gnu.linkonce.armexidx.*)
                [!provide]                        PROVIDE (__exidx_end = .)
                0x000000000800588c                . = ALIGN (0x4)

.eh_frame
 *(.eh_frame)
                0x000000000800588c                . = ALIGN (0x4)
                0x000000000800588c                _etext = .

.stack          0x0000000020000000      0x200
 *(.puf)
                0x0000000020000000                . = ALIGN (0x8)
                0x0000000020000000                _sstack = .
 *(.isr_stack)
 .isr_stack     0x0000000020000000      0x200 /home/roman/RIOT/experiment_1/sender/bin/unwd-range-l1-r3/cortexm_common.a(vectors_cortexm.o)
                0x0000000020000000                isr_stack
                0x0000000020000200                . = ALIGN (0x8)
                0x0000000020000200                _estack = .

.relocate       0x0000000020000200       0x8c load address 0x000000000800588c
                0x0000000020000200                . = ALIGN (0x4)
                0x0000000020000200                _srelocate = .
 *(.ramfunc .ramfunc.*)
 *(.data .data.*)
 .data.heap_top
                0x0000000020000200        0x4 /home/roman/RIOT/experiment_1/sender/bin/unwd-range-l1-r3/newlib_syscalls_default/syscalls.o
                0x0000000020000200                heap_top
 .data.stdio_uart_isrpipe
                0x0000000020000204       0x14 /home/roman/RIOT/experiment_1/sender/bin/unwd-range-l1-r3/stdio_uart.a(stdio_uart.o)
                0x0000000020000204                stdio_uart_isrpipe
 .data.idle_name
                0x0000000020000218        0x4 /home/roman/RIOT/experiment_1/sender/bin/unwd-range-l1-r3/core.a(kernel_init.o)
                0x0000000020000218                idle_name
 .data.main_name
                0x000000002000021c        0x4 /home/roman/RIOT/experiment_1/sender/bin/unwd-range-l1-r3/core.a(kernel_init.o)
                0x000000002000021c                main_name
 .data.pm_blocker
                0x0000000020000220        0x4 /home/roman/RIOT/experiment_1/sender/bin/unwd-range-l1-r3/pm_layered.a(pm.o)
                0x0000000020000220                pm_blocker
 .data._impure_ptr
                0x0000000020000224        0x4 /opt/gcc-arm-none-eabi-9-2020-q2-update/bin/../lib/gcc/arm-none-eabi/9.3.1/../../../../arm-none-eabi/lib/thumb/v7-m/nofp/libc_nano.a(lib_a-impure.o)
                0x0000000020000224                _impure_ptr
 .data.impure_data
                0x0000000020000228       0x60 /opt/gcc-arm-none-eabi-9-2020-q2-update/bin/../lib/gcc/arm-none-eabi/9.3.1/../../../../arm-none-eabi/lib/thumb/v7-m/nofp/libc_nano.a(lib_a-impure.o)
 *(.openocd .openocd.*)
 .openocd       0x0000000020000288        0x2 /home/roman/RIOT/experiment_1/sender/bin/unwd-range-l1-r3/core.a(sched.o)
                0x0000000020000288                _tcb_name_offset
                0x0000000020000289                max_threads
                0x000000002000028c                . = ALIGN (0x4)
 *fill*         0x000000002000028a        0x2 
                0x000000002000028c                _erelocate = .

.noinit         0x000000002000028c        0x0 load address 0x0000000008005918
                0x000000002000028c                __noinit_start = .
 *(.noinit)
                0x000000002000028c                . = ALIGN (0x4)
                0x000000002000028c                __noinit_end = .

.bss            0x000000002000028c     0x2130 load address 0x0000000008005918
                0x000000002000028c                . = ALIGN (0x4)
                0x000000002000028c                _sbss = .
                0x000000002000028c                _szero = .
 *(.bss .bss.*)
 .bss.runqueue_bitcache
                0x000000002000028c        0x4 /home/roman/RIOT/experiment_1/sender/bin/unwd-range-l1-r3/core.a(sched.o)
 .bss.sched_active_pid
                0x0000000020000290        0x2 /home/roman/RIOT/experiment_1/sender/bin/unwd-range-l1-r3/core.a(sched.o)
                0x0000000020000290                sched_active_pid
 *fill*         0x0000000020000292        0x2 
 .bss.sched_active_thread
                0x0000000020000294        0x4 /home/roman/RIOT/experiment_1/sender/bin/unwd-range-l1-r3/core.a(sched.o)
                0x0000000020000294                sched_active_thread
 .bss.sched_context_switch_request
                0x0000000020000298        0x4 /home/roman/RIOT/experiment_1/sender/bin/unwd-range-l1-r3/core.a(sched.o)
                0x0000000020000298                sched_context_switch_request
 .bss.sched_num_threads
                0x000000002000029c        0x4 /home/roman/RIOT/experiment_1/sender/bin/unwd-range-l1-r3/core.a(sched.o)
                0x000000002000029c                sched_num_threads
 .bss.sched_runqueues
                0x00000000200002a0       0x40 /home/roman/RIOT/experiment_1/sender/bin/unwd-range-l1-r3/core.a(sched.o)
                0x00000000200002a0                sched_runqueues
 .bss.sched_threads
                0x00000000200002e0       0x84 /home/roman/RIOT/experiment_1/sender/bin/unwd-range-l1-r3/core.a(sched.o)
                0x00000000200002e0                sched_threads
 .bss._rx_buf_mem
                0x0000000020000364       0x40 /home/roman/RIOT/experiment_1/sender/bin/unwd-range-l1-r3/stdio_uart.a(stdio_uart.o)
 .bss.isr_ctx   0x00000000200003a4       0x24 /home/roman/RIOT/experiment_1/sender/bin/unwd-range-l1-r3/stm32_common_periph.a(uart.o)
 .bss.lpm_gpio_brr
                0x00000000200003c8       0x10 /home/roman/RIOT/experiment_1/sender/bin/unwd-range-l1-r3/stm32_common_periph.a(pm.o)
 .bss.lpm_gpio_moder
                0x00000000200003d8       0x20 /home/roman/RIOT/experiment_1/sender/bin/unwd-range-l1-r3/stm32_common_periph.a(pm.o)
 .bss.lpm_gpio_otyper
                0x00000000200003f8       0x10 /home/roman/RIOT/experiment_1/sender/bin/unwd-range-l1-r3/stm32_common_periph.a(pm.o)
 .bss.lpm_gpio_pupdr
                0x0000000020000408       0x20 /home/roman/RIOT/experiment_1/sender/bin/unwd-range-l1-r3/stm32_common_periph.a(pm.o)
 .bss.lpm_usart
                0x0000000020000428        0x3 /home/roman/RIOT/experiment_1/sender/bin/unwd-range-l1-r3/stm32_common_periph.a(pm.o)
 .bss.powermode
                0x000000002000042b        0x1 /home/roman/RIOT/experiment_1/sender/bin/unwd-range-l1-r3/stm32_common_periph.a(pm.o)
 .bss.isr_ctx   0x000000002000042c       0x80 /home/roman/RIOT/experiment_1/sender/bin/unwd-range-l1-r3/stm32_common_periph.a(gpio.o)
 .bss._in_handler
                0x00000000200004ac        0x4 /home/roman/RIOT/experiment_1/sender/bin/unwd-range-l1-r3/xtimer.a(xtimer_core.o)
 .bss._long_cnt
                0x00000000200004b0        0x4 /home/roman/RIOT/experiment_1/sender/bin/unwd-range-l1-r3/xtimer.a(xtimer_core.o)
 .bss._xtimer_high_cnt
                0x00000000200004b4        0x4 /home/roman/RIOT/experiment_1/sender/bin/unwd-range-l1-r3/xtimer.a(xtimer_core.o)
                0x00000000200004b4                _xtimer_high_cnt
 .bss.long_list_head
                0x00000000200004b8        0x4 /home/roman/RIOT/experiment_1/sender/bin/unwd-range-l1-r3/xtimer.a(xtimer_core.o)
 .bss.overflow_list_head
                0x00000000200004bc        0x4 /home/roman/RIOT/experiment_1/sender/bin/unwd-range-l1-r3/xtimer.a(xtimer_core.o)
 .bss.timer_list_head
                0x00000000200004c0        0x4 /home/roman/RIOT/experiment_1/sender/bin/unwd-range-l1-r3/xtimer.a(xtimer_core.o)
 .bss.crashed   0x00000000200004c4        0x4 /home/roman/RIOT/experiment_1/sender/bin/unwd-range-l1-r3/core.a(panic.o)
 .bss.idle_stack
                0x00000000200004c8      0x100 /home/roman/RIOT/experiment_1/sender/bin/unwd-range-l1-r3/core.a(kernel_init.o)
 .bss.main_stack
                0x00000000200005c8      0xc00 /home/roman/RIOT/experiment_1/sender/bin/unwd-range-l1-r3/core.a(kernel_init.o)
 .bss.clock_source_rdy
                0x00000000200011c8        0x4 /home/roman/RIOT/experiment_1/sender/bin/unwd-range-l1-r3/stm32_common.a(stmclk_l0l1.o)
 .bss.cpu_status
                0x00000000200011cc       0x28 /home/roman/RIOT/experiment_1/sender/bin/unwd-range-l1-r3/stm32_common.a(stm_status.o)
                0x00000000200011cc                cpu_status
 .bss.isr_ctx   0x00000000200011f4       0x10 /home/roman/RIOT/experiment_1/sender/bin/unwd-range-l1-r3/stm32_common_periph.a(timer.o)
 .bss._msg_q.7531
                0x0000000020001204       0x80 /home/roman/RIOT/experiment_1/sender/bin/unwd-range-l1-r3/application_vemac.a(main.o)
 .bss.sx127x    0x0000000020001284       0x8c /home/roman/RIOT/experiment_1/sender/bin/unwd-range-l1-r3/application_vemac.a(main.o)
 .bss.vemac     0x0000000020001310     0x1070 /home/roman/RIOT/experiment_1/sender/bin/unwd-range-l1-r3/application_vemac.a(main.o)
                0x0000000020001310                vemac
 .bss._in_handler
                0x0000000020002380        0x4 /home/roman/RIOT/experiment_1/sender/bin/unwd-range-l1-r3/lptimer.a(lptimer_core.o)
 .bss._long_cnt
                0x0000000020002384        0x4 /home/roman/RIOT/experiment_1/sender/bin/unwd-range-l1-r3/lptimer.a(lptimer_core.o)
 .bss._lptimer_high_cnt
                0x0000000020002388        0x4 /home/roman/RIOT/experiment_1/sender/bin/unwd-range-l1-r3/lptimer.a(lptimer_core.o)
                0x0000000020002388                _lptimer_high_cnt
 .bss.long_list_head
                0x000000002000238c        0x4 /home/roman/RIOT/experiment_1/sender/bin/unwd-range-l1-r3/lptimer.a(lptimer_core.o)
 .bss.overflow_list_head
                0x0000000020002390        0x4 /home/roman/RIOT/experiment_1/sender/bin/unwd-range-l1-r3/lptimer.a(lptimer_core.o)
 .bss.timer_list_head
                0x0000000020002394        0x4 /home/roman/RIOT/experiment_1/sender/bin/unwd-range-l1-r3/lptimer.a(lptimer_core.o)
 .bss.arg_a     0x0000000020002398        0x4 /home/roman/RIOT/experiment_1/sender/bin/unwd-range-l1-r3/stm32_common_periph.a(rtt.o)
                0x0000000020002398                arg_a
 .bss.cb_a      0x000000002000239c        0x4 /home/roman/RIOT/experiment_1/sender/bin/unwd-range-l1-r3/stm32_common_periph.a(rtt.o)
                0x000000002000239c                cb_a
 .bss.locks     0x00000000200023a0        0x8 /home/roman/RIOT/experiment_1/sender/bin/unwd-range-l1-r3/stm32_common_periph.a(spi.o)
 .bss.__malloc_free_list
                0x00000000200023a8        0x4 /opt/gcc-arm-none-eabi-9-2020-q2-update/bin/../lib/gcc/arm-none-eabi/9.3.1/../../../../arm-none-eabi/lib/thumb/v7-m/nofp/libc_nano.a(lib_a-nano-mallocr.o)
                0x00000000200023a8                __malloc_free_list
 .bss.__malloc_sbrk_start
                0x00000000200023ac        0x4 /opt/gcc-arm-none-eabi-9-2020-q2-update/bin/../lib/gcc/arm-none-eabi/9.3.1/../../../../arm-none-eabi/lib/thumb/v7-m/nofp/libc_nano.a(lib_a-nano-mallocr.o)
                0x00000000200023ac                __malloc_sbrk_start
 *(COMMON)
 COMMON         0x00000000200023b0        0x9 /opt/gcc-arm-none-eabi-9-2020-q2-update/bin/../lib/gcc/arm-none-eabi/9.3.1/../../../../arm-none-eabi/lib/thumb/v7-m/nofp/libc_nano.a(lib_a-lock.o)
                0x00000000200023b0                __lock___atexit_recursive_mutex
                0x00000000200023b1                __lock___arc4random_mutex
                0x00000000200023b2                __lock___env_recursive_mutex
                0x00000000200023b3                __lock___sinit_recursive_mutex
                0x00000000200023b4                __lock___malloc_recursive_mutex
                0x00000000200023b5                __lock___at_quick_exit_mutex
                0x00000000200023b6                __lock___dd_hash_mutex
                0x00000000200023b7                __lock___tz_mutex
                0x00000000200023b8                __lock___sfp_recursive_mutex
                0x00000000200023bc                . = ALIGN (0x4)
 *fill*         0x00000000200023b9        0x3 
                0x00000000200023bc                _ebss = .
                0x00000000200023bc                _ezero = .
                0x00000000200023bc                . = ALIGN (0x4)
                0x00000000200023bc                _sheap = .
                0x0000000020014000                _eheap = (ORIGIN (ram) + LENGTH (ram))
                0x0000000020000000                _sram = ORIGIN (ram)
                0x0000000020014000                _eram = (ORIGIN (ram) + LENGTH (ram))
OUTPUT(/home/roman/RIOT/experiment_1/sender/bin/unwd-range-l1-r3/vemac.elf elf32-littlearm)
LOAD linker stubs

.debug_info     0x0000000000000000    0x47eeb
 .debug_info    0x0000000000000000      0x105 /home/roman/RIOT/experiment_1/sender/bin/unwd-range-l1-r3/cpu/vectors.o
 .debug_info    0x0000000000000105     0x257c /home/roman/RIOT/experiment_1/sender/bin/unwd-range-l1-r3/newlib_syscalls_default/syscalls.o
 .debug_info    0x0000000000002681      0xfe5 /home/roman/RIOT/experiment_1/sender/bin/unwd-range-l1-r3/core.a(sched.o)
 .debug_info    0x0000000000003666     0x1243 /home/roman/RIOT/experiment_1/sender/bin/unwd-range-l1-r3/cortexm_common.a(thread_arch.o)
 .debug_info    0x00000000000048a9     0x1722 /home/roman/RIOT/experiment_1/sender/bin/unwd-range-l1-r3/cortexm_common.a(vectors_cortexm.o)
 .debug_info    0x0000000000005fcb      0xf2b /home/roman/RIOT/experiment_1/sender/bin/unwd-range-l1-r3/cortexm_common.a(irq_arch.o)
 .debug_info    0x0000000000006ef6     0x1c75 /home/roman/RIOT/experiment_1/sender/bin/unwd-range-l1-r3/stdio_uart.a(stdio_uart.o)
 .debug_info    0x0000000000008b6b     0x2667 /home/roman/RIOT/experiment_1/sender/bin/unwd-range-l1-r3/stm32_common_periph.a(uart.o)
 .debug_info    0x000000000000b1d2     0x237c /home/roman/RIOT/experiment_1/sender/bin/unwd-range-l1-r3/stm32_common_periph.a(pm.o)
 .debug_info    0x000000000000d54e     0x29bd /home/roman/RIOT/experiment_1/sender/bin/unwd-range-l1-r3/stm32_common_periph.a(gpio.o)
 .debug_info    0x000000000000ff0b     0x2a72 /home/roman/RIOT/experiment_1/sender/bin/unwd-range-l1-r3/xtimer.a(xtimer_core.o)
 .debug_info    0x000000000001297d     0x1abb /home/roman/RIOT/experiment_1/sender/bin/unwd-range-l1-r3/boards_common_unwd.a(board.o)
 .debug_info    0x0000000000014438      0xf52 /home/roman/RIOT/experiment_1/sender/bin/unwd-range-l1-r3/core.a(panic.o)
 .debug_info    0x000000000001538a      0xfc4 /home/roman/RIOT/experiment_1/sender/bin/unwd-range-l1-r3/core.a(kernel_init.o)
 .debug_info    0x000000000001634e     0x13d2 /home/roman/RIOT/experiment_1/sender/bin/unwd-range-l1-r3/core.a(thread.o)
 .debug_info    0x0000000000017720     0x1589 /home/roman/RIOT/experiment_1/sender/bin/unwd-range-l1-r3/cortexm_common.a(cortexm_init.o)
 .debug_info    0x0000000000018ca9     0x2141 /home/roman/RIOT/experiment_1/sender/bin/unwd-range-l1-r3/isrpipe.a(isrpipe.o)
 .debug_info    0x000000000001adea      0xf6e /home/roman/RIOT/experiment_1/sender/bin/unwd-range-l1-r3/pm_layered.a(pm.o)
 .debug_info    0x000000000001bd58     0x1d13 /home/roman/RIOT/experiment_1/sender/bin/unwd-range-l1-r3/stm32_common.a(cpu_init.o)
 .debug_info    0x000000000001da6b     0x1d45 /home/roman/RIOT/experiment_1/sender/bin/unwd-range-l1-r3/stm32_common.a(stmclk_l0l1.o)
 .debug_info    0x000000000001f7b0     0x1cda /home/roman/RIOT/experiment_1/sender/bin/unwd-range-l1-r3/stm32_common.a(cpu_common.o)
 .debug_info    0x000000000002148a     0x1c19 /home/roman/RIOT/experiment_1/sender/bin/unwd-range-l1-r3/stm32_common.a(stm_status.o)
 .debug_info    0x00000000000230a3     0x24bb /home/roman/RIOT/experiment_1/sender/bin/unwd-range-l1-r3/stm32_common_periph.a(timer.o)
 .debug_info    0x000000000002555e      0x434 /home/roman/RIOT/experiment_1/sender/bin/unwd-range-l1-r3/tsrb.a(tsrb.o)
 .debug_info    0x0000000000025992       0x3c /home/roman/RIOT/experiment_1/sender/bin/unwd-range-l1-r3/periph_common.a(init.o)
 .debug_info    0x00000000000259ce     0x3114 /home/roman/RIOT/experiment_1/sender/bin/unwd-range-l1-r3/application_vemac.a(main.o)
 .debug_info    0x0000000000028ae2     0x1a6a /home/roman/RIOT/experiment_1/sender/bin/unwd-range-l1-r3/auto_init.a(auto_init.o)
 .debug_info    0x000000000002a54c     0x105f /home/roman/RIOT/experiment_1/sender/bin/unwd-range-l1-r3/core.a(mutex.o)
 .debug_info    0x000000000002b5ab     0x1ad0 /home/roman/RIOT/experiment_1/sender/bin/unwd-range-l1-r3/core.a(msg.o)
 .debug_info    0x000000000002d07b     0x29e8 /home/roman/RIOT/experiment_1/sender/bin/unwd-range-l1-r3/lptimer.a(lptimer.o)
 .debug_info    0x000000000002fa63     0x2b6e /home/roman/RIOT/experiment_1/sender/bin/unwd-range-l1-r3/lptimer.a(lptimer_core.o)
 .debug_info    0x00000000000325d1     0x23de /home/roman/RIOT/experiment_1/sender/bin/unwd-range-l1-r3/stm32_common_periph.a(rtt.o)
 .debug_info    0x00000000000349af     0x3462 /home/roman/RIOT/experiment_1/sender/bin/unwd-range-l1-r3/sx127x.a(sx127x_netdev.o)
 .debug_info    0x0000000000037e11     0x3091 /home/roman/RIOT/experiment_1/sender/bin/unwd-range-l1-r3/sx127x.a(sx127x.o)
 .debug_info    0x000000000003aea2     0x2ce0 /home/roman/RIOT/experiment_1/sender/bin/unwd-range-l1-r3/sx127x.a(sx127x_internal.o)
 .debug_info    0x000000000003db82     0x3ddd /home/roman/RIOT/experiment_1/sender/bin/unwd-range-l1-r3/sx127x.a(sx127x_getset.o)
 .debug_info    0x000000000004195f     0x1c6e /home/roman/RIOT/experiment_1/sender/bin/unwd-range-l1-r3/periph_common.a(spi.o)
 .debug_info    0x00000000000435cd      0xb09 /home/roman/RIOT/experiment_1/sender/bin/unwd-range-l1-r3/iolist.a(iolist.o)
 .debug_info    0x00000000000440d6     0x1b9b /home/roman/RIOT/experiment_1/sender/bin/unwd-range-l1-r3/stm32_common.a(stmclk_common.o)
 .debug_info    0x0000000000045c71     0x227a /home/roman/RIOT/experiment_1/sender/bin/unwd-range-l1-r3/stm32_common_periph.a(spi.o)

.debug_abbrev   0x0000000000000000     0x8d87
 .debug_abbrev  0x0000000000000000       0xcf /home/roman/RIOT/experiment_1/sender/bin/unwd-range-l1-r3/cpu/vectors.o
 .debug_abbrev  0x00000000000000cf      0x4c0 /home/roman/RIOT/experiment_1/sender/bin/unwd-range-l1-r3/newlib_syscalls_default/syscalls.o
 .debug_abbrev  0x000000000000058f      0x39f /home/roman/RIOT/experiment_1/sender/bin/unwd-range-l1-r3/core.a(sched.o)
 .debug_abbrev  0x000000000000092e      0x36c /home/roman/RIOT/experiment_1/sender/bin/unwd-range-l1-r3/cortexm_common.a(thread_arch.o)
 .debug_abbrev  0x0000000000000c9a      0x3f1 /home/roman/RIOT/experiment_1/sender/bin/unwd-range-l1-r3/cortexm_common.a(vectors_cortexm.o)
 .debug_abbrev  0x000000000000108b      0x2e7 /home/roman/RIOT/experiment_1/sender/bin/unwd-range-l1-r3/cortexm_common.a(irq_arch.o)
 .debug_abbrev  0x0000000000001372      0x2b8 /home/roman/RIOT/experiment_1/sender/bin/unwd-range-l1-r3/stdio_uart.a(stdio_uart.o)
 .debug_abbrev  0x000000000000162a      0x4ea /home/roman/RIOT/experiment_1/sender/bin/unwd-range-l1-r3/stm32_common_periph.a(uart.o)
 .debug_abbrev  0x0000000000001b14      0x442 /home/roman/RIOT/experiment_1/sender/bin/unwd-range-l1-r3/stm32_common_periph.a(pm.o)
 .debug_abbrev  0x0000000000001f56      0x549 /home/roman/RIOT/experiment_1/sender/bin/unwd-range-l1-r3/stm32_common_periph.a(gpio.o)
 .debug_abbrev  0x000000000000249f      0x60f /home/roman/RIOT/experiment_1/sender/bin/unwd-range-l1-r3/xtimer.a(xtimer_core.o)
 .debug_abbrev  0x0000000000002aae      0x249 /home/roman/RIOT/experiment_1/sender/bin/unwd-range-l1-r3/boards_common_unwd.a(board.o)
 .debug_abbrev  0x0000000000002cf7      0x2a0 /home/roman/RIOT/experiment_1/sender/bin/unwd-range-l1-r3/core.a(panic.o)
 .debug_abbrev  0x0000000000002f97      0x274 /home/roman/RIOT/experiment_1/sender/bin/unwd-range-l1-r3/core.a(kernel_init.o)
 .debug_abbrev  0x000000000000320b      0x394 /home/roman/RIOT/experiment_1/sender/bin/unwd-range-l1-r3/core.a(thread.o)
 .debug_abbrev  0x000000000000359f      0x3c7 /home/roman/RIOT/experiment_1/sender/bin/unwd-range-l1-r3/cortexm_common.a(cortexm_init.o)
 .debug_abbrev  0x0000000000003966      0x3a8 /home/roman/RIOT/experiment_1/sender/bin/unwd-range-l1-r3/isrpipe.a(isrpipe.o)
 .debug_abbrev  0x0000000000003d0e      0x269 /home/roman/RIOT/experiment_1/sender/bin/unwd-range-l1-r3/pm_layered.a(pm.o)
 .debug_abbrev  0x0000000000003f77      0x29a /home/roman/RIOT/experiment_1/sender/bin/unwd-range-l1-r3/stm32_common.a(cpu_init.o)
 .debug_abbrev  0x0000000000004211      0x2be /home/roman/RIOT/experiment_1/sender/bin/unwd-range-l1-r3/stm32_common.a(stmclk_l0l1.o)
 .debug_abbrev  0x00000000000044cf      0x335 /home/roman/RIOT/experiment_1/sender/bin/unwd-range-l1-r3/stm32_common.a(cpu_common.o)
 .debug_abbrev  0x0000000000004804      0x2c9 /home/roman/RIOT/experiment_1/sender/bin/unwd-range-l1-r3/stm32_common.a(stm_status.o)
 .debug_abbrev  0x0000000000004acd      0x480 /home/roman/RIOT/experiment_1/sender/bin/unwd-range-l1-r3/stm32_common_periph.a(timer.o)
 .debug_abbrev  0x0000000000004f4d      0x1c9 /home/roman/RIOT/experiment_1/sender/bin/unwd-range-l1-r3/tsrb.a(tsrb.o)
 .debug_abbrev  0x0000000000005116       0x31 /home/roman/RIOT/experiment_1/sender/bin/unwd-range-l1-r3/periph_common.a(init.o)
 .debug_abbrev  0x0000000000005147      0x4ec /home/roman/RIOT/experiment_1/sender/bin/unwd-range-l1-r3/application_vemac.a(main.o)
 .debug_abbrev  0x0000000000005633      0x248 /home/roman/RIOT/experiment_1/sender/bin/unwd-range-l1-r3/auto_init.a(auto_init.o)
 .debug_abbrev  0x000000000000587b      0x311 /home/roman/RIOT/experiment_1/sender/bin/unwd-range-l1-r3/core.a(mutex.o)
 .debug_abbrev  0x0000000000005b8c      0x4bf /home/roman/RIOT/experiment_1/sender/bin/unwd-range-l1-r3/core.a(msg.o)
 .debug_abbrev  0x000000000000604b      0x4e1 /home/roman/RIOT/experiment_1/sender/bin/unwd-range-l1-r3/lptimer.a(lptimer.o)
 .debug_abbrev  0x000000000000652c      0x654 /home/roman/RIOT/experiment_1/sender/bin/unwd-range-l1-r3/lptimer.a(lptimer_core.o)
 .debug_abbrev  0x0000000000006b80      0x3f1 /home/roman/RIOT/experiment_1/sender/bin/unwd-range-l1-r3/stm32_common_periph.a(rtt.o)
 .debug_abbrev  0x0000000000006f71      0x4c4 /home/roman/RIOT/experiment_1/sender/bin/unwd-range-l1-r3/sx127x.a(sx127x_netdev.o)
 .debug_abbrev  0x0000000000007435      0x4d3 /home/roman/RIOT/experiment_1/sender/bin/unwd-range-l1-r3/sx127x.a(sx127x.o)
 .debug_abbrev  0x0000000000007908      0x41f /home/roman/RIOT/experiment_1/sender/bin/unwd-range-l1-r3/sx127x.a(sx127x_internal.o)
 .debug_abbrev  0x0000000000007d27      0x55f /home/roman/RIOT/experiment_1/sender/bin/unwd-range-l1-r3/sx127x.a(sx127x_getset.o)
 .debug_abbrev  0x0000000000008286      0x2b5 /home/roman/RIOT/experiment_1/sender/bin/unwd-range-l1-r3/periph_common.a(spi.o)
 .debug_abbrev  0x000000000000853b      0x206 /home/roman/RIOT/experiment_1/sender/bin/unwd-range-l1-r3/iolist.a(iolist.o)
 .debug_abbrev  0x0000000000008741      0x244 /home/roman/RIOT/experiment_1/sender/bin/unwd-range-l1-r3/stm32_common.a(stmclk_common.o)
 .debug_abbrev  0x0000000000008985      0x402 /home/roman/RIOT/experiment_1/sender/bin/unwd-range-l1-r3/stm32_common_periph.a(spi.o)

.debug_aranges  0x0000000000000000      0xd38
 .debug_aranges
                0x0000000000000000       0x20 /home/roman/RIOT/experiment_1/sender/bin/unwd-range-l1-r3/cpu/vectors.o
 .debug_aranges
                0x0000000000000020       0xb8 /home/roman/RIOT/experiment_1/sender/bin/unwd-range-l1-r3/newlib_syscalls_default/syscalls.o
 .debug_aranges
                0x00000000000000d8       0x38 /home/roman/RIOT/experiment_1/sender/bin/unwd-range-l1-r3/core.a(sched.o)
 .debug_aranges
                0x0000000000000110       0x60 /home/roman/RIOT/experiment_1/sender/bin/unwd-range-l1-r3/cortexm_common.a(thread_arch.o)
 .debug_aranges